EXTINT_prog.c:21:14:MEXTI_enInit	4	static
EXTINT_prog.c:42:14:MEXTI_enEnable	24	static
EXTINT_prog.c:58:14:MEXTI_enDisable	24	static
EXTINT_prog.c:74:14:MEXTI_enCallBack	24	static
EXTINT_prog.c:89:14:MEXTI_enSWInterrupt	24	static
EXTINT_prog.c:106:14:MEXTI_enClearPendingBit	24	static
EXTINT_prog.c:122:14:MEXTI_enSetLatch	24	static
EXTINT_prog.c:157:6:EXTI0_IRQHandler	8	static
EXTINT_prog.c:166:6:EXTI1_IRQHandler	8	static
EXTINT_prog.c:174:6:EXTI2_IRQHandler	8	static
EXTINT_prog.c:181:6:EXTI3_IRQHandler	8	static
EXTINT_prog.c:188:6:EXTI4_IRQHandler	8	static
EXTINT_prog.c:195:6:EXTI9_5_IRQHandler	8	static
EXTINT_prog.c:223:6:EXTI15_10_IRQHandler	8	static
