Archive member included to satisfy reference by file (symbol)

c:/st/stm32cubeide_1.6.1/stm32cubeide/plugins/com.st.stm32cube.ide.mcu.externaltools.gnu-tools-for-stm32.9-2020-q2-update.win32_1.5.0.202011040924/tools/bin/../lib/gcc/arm-none-eabi/9.3.1/../../../../arm-none-eabi/lib/thumb/v7-m/nofp\libc_nano.a(lib_a-exit.o)
                              c:/st/stm32cubeide_1.6.1/stm32cubeide/plugins/com.st.stm32cube.ide.mcu.externaltools.gnu-tools-for-stm32.9-2020-q2-update.win32_1.5.0.202011040924/tools/bin/../lib/gcc/arm-none-eabi/9.3.1/../../../../arm-none-eabi/lib/thumb/v7-m/nofp/crt0.o (exit)
c:/st/stm32cubeide_1.6.1/stm32cubeide/plugins/com.st.stm32cube.ide.mcu.externaltools.gnu-tools-for-stm32.9-2020-q2-update.win32_1.5.0.202011040924/tools/bin/../lib/gcc/arm-none-eabi/9.3.1/../../../../arm-none-eabi/lib/thumb/v7-m/nofp\libc_nano.a(lib_a-impure.o)
                              c:/st/stm32cubeide_1.6.1/stm32cubeide/plugins/com.st.stm32cube.ide.mcu.externaltools.gnu-tools-for-stm32.9-2020-q2-update.win32_1.5.0.202011040924/tools/bin/../lib/gcc/arm-none-eabi/9.3.1/../../../../arm-none-eabi/lib/thumb/v7-m/nofp\libc_nano.a(lib_a-exit.o) (_global_impure_ptr)
c:/st/stm32cubeide_1.6.1/stm32cubeide/plugins/com.st.stm32cube.ide.mcu.externaltools.gnu-tools-for-stm32.9-2020-q2-update.win32_1.5.0.202011040924/tools/bin/../lib/gcc/arm-none-eabi/9.3.1/../../../../arm-none-eabi/lib/thumb/v7-m/nofp\libc_nano.a(lib_a-init.o)
                              c:/st/stm32cubeide_1.6.1/stm32cubeide/plugins/com.st.stm32cube.ide.mcu.externaltools.gnu-tools-for-stm32.9-2020-q2-update.win32_1.5.0.202011040924/tools/bin/../lib/gcc/arm-none-eabi/9.3.1/../../../../arm-none-eabi/lib/thumb/v7-m/nofp/crt0.o (__libc_init_array)
c:/st/stm32cubeide_1.6.1/stm32cubeide/plugins/com.st.stm32cube.ide.mcu.externaltools.gnu-tools-for-stm32.9-2020-q2-update.win32_1.5.0.202011040924/tools/bin/../lib/gcc/arm-none-eabi/9.3.1/../../../../arm-none-eabi/lib/thumb/v7-m/nofp\libc_nano.a(lib_a-memset.o)
                              c:/st/stm32cubeide_1.6.1/stm32cubeide/plugins/com.st.stm32cube.ide.mcu.externaltools.gnu-tools-for-stm32.9-2020-q2-update.win32_1.5.0.202011040924/tools/bin/../lib/gcc/arm-none-eabi/9.3.1/../../../../arm-none-eabi/lib/thumb/v7-m/nofp/crt0.o (memset)
c:/st/stm32cubeide_1.6.1/stm32cubeide/plugins/com.st.stm32cube.ide.mcu.externaltools.gnu-tools-for-stm32.9-2020-q2-update.win32_1.5.0.202011040924/tools/bin/../lib/gcc/arm-none-eabi/9.3.1/../../../../arm-none-eabi/lib/thumb/v7-m/nofp\libnosys.a(_exit.o)
                              c:/st/stm32cubeide_1.6.1/stm32cubeide/plugins/com.st.stm32cube.ide.mcu.externaltools.gnu-tools-for-stm32.9-2020-q2-update.win32_1.5.0.202011040924/tools/bin/../lib/gcc/arm-none-eabi/9.3.1/../../../../arm-none-eabi/lib/thumb/v7-m/nofp\libc_nano.a(lib_a-exit.o) (_exit)

Discarded input sections

 .text          0x0000000000000000        0x0 c:/st/stm32cubeide_1.6.1/stm32cubeide/plugins/com.st.stm32cube.ide.mcu.externaltools.gnu-tools-for-stm32.9-2020-q2-update.win32_1.5.0.202011040924/tools/bin/../lib/gcc/arm-none-eabi/9.3.1/thumb/v7-m/nofp/crti.o
 .data          0x0000000000000000        0x0 c:/st/stm32cubeide_1.6.1/stm32cubeide/plugins/com.st.stm32cube.ide.mcu.externaltools.gnu-tools-for-stm32.9-2020-q2-update.win32_1.5.0.202011040924/tools/bin/../lib/gcc/arm-none-eabi/9.3.1/thumb/v7-m/nofp/crti.o
 .bss           0x0000000000000000        0x0 c:/st/stm32cubeide_1.6.1/stm32cubeide/plugins/com.st.stm32cube.ide.mcu.externaltools.gnu-tools-for-stm32.9-2020-q2-update.win32_1.5.0.202011040924/tools/bin/../lib/gcc/arm-none-eabi/9.3.1/thumb/v7-m/nofp/crti.o
 .data          0x0000000000000000        0x4 c:/st/stm32cubeide_1.6.1/stm32cubeide/plugins/com.st.stm32cube.ide.mcu.externaltools.gnu-tools-for-stm32.9-2020-q2-update.win32_1.5.0.202011040924/tools/bin/../lib/gcc/arm-none-eabi/9.3.1/thumb/v7-m/nofp/crtbegin.o
 .text          0x0000000000000000       0x7c c:/st/stm32cubeide_1.6.1/stm32cubeide/plugins/com.st.stm32cube.ide.mcu.externaltools.gnu-tools-for-stm32.9-2020-q2-update.win32_1.5.0.202011040924/tools/bin/../lib/gcc/arm-none-eabi/9.3.1/../../../../arm-none-eabi/lib/thumb/v7-m/nofp/crt0.o
 .data          0x0000000000000000        0x0 c:/st/stm32cubeide_1.6.1/stm32cubeide/plugins/com.st.stm32cube.ide.mcu.externaltools.gnu-tools-for-stm32.9-2020-q2-update.win32_1.5.0.202011040924/tools/bin/../lib/gcc/arm-none-eabi/9.3.1/../../../../arm-none-eabi/lib/thumb/v7-m/nofp/crt0.o
 .bss           0x0000000000000000        0x0 c:/st/stm32cubeide_1.6.1/stm32cubeide/plugins/com.st.stm32cube.ide.mcu.externaltools.gnu-tools-for-stm32.9-2020-q2-update.win32_1.5.0.202011040924/tools/bin/../lib/gcc/arm-none-eabi/9.3.1/../../../../arm-none-eabi/lib/thumb/v7-m/nofp/crt0.o
 .ARM.extab     0x0000000000000000        0x0 c:/st/stm32cubeide_1.6.1/stm32cubeide/plugins/com.st.stm32cube.ide.mcu.externaltools.gnu-tools-for-stm32.9-2020-q2-update.win32_1.5.0.202011040924/tools/bin/../lib/gcc/arm-none-eabi/9.3.1/../../../../arm-none-eabi/lib/thumb/v7-m/nofp/crt0.o
 .ARM.exidx     0x0000000000000000       0x10 c:/st/stm32cubeide_1.6.1/stm32cubeide/plugins/com.st.stm32cube.ide.mcu.externaltools.gnu-tools-for-stm32.9-2020-q2-update.win32_1.5.0.202011040924/tools/bin/../lib/gcc/arm-none-eabi/9.3.1/../../../../arm-none-eabi/lib/thumb/v7-m/nofp/crt0.o
 .ARM.attributes
                0x0000000000000000       0x1b c:/st/stm32cubeide_1.6.1/stm32cubeide/plugins/com.st.stm32cube.ide.mcu.externaltools.gnu-tools-for-stm32.9-2020-q2-update.win32_1.5.0.202011040924/tools/bin/../lib/gcc/arm-none-eabi/9.3.1/../../../../arm-none-eabi/lib/thumb/v7-m/nofp/crt0.o
 .group         0x0000000000000000        0xc HAL/HLEDMRX/HLEDMRX_prog.o
 .group         0x0000000000000000        0xc HAL/HLEDMRX/HLEDMRX_prog.o
 .group         0x0000000000000000        0xc HAL/HLEDMRX/HLEDMRX_prog.o
 .group         0x0000000000000000        0xc HAL/HLEDMRX/HLEDMRX_prog.o
 .text          0x0000000000000000        0x0 HAL/HLEDMRX/HLEDMRX_prog.o
 .data          0x0000000000000000        0x0 HAL/HLEDMRX/HLEDMRX_prog.o
 .bss           0x0000000000000000        0x0 HAL/HLEDMRX/HLEDMRX_prog.o
 .text.HLEDMRX_enDisplay
                0x0000000000000000       0x54 HAL/HLEDMRX/HLEDMRX_prog.o
 .group         0x0000000000000000        0xc HAL/HPB/HPB_prog.o
 .group         0x0000000000000000        0xc HAL/HPB/HPB_prog.o
 .text          0x0000000000000000        0x0 HAL/HPB/HPB_prog.o
 .data          0x0000000000000000        0x0 HAL/HPB/HPB_prog.o
 .bss           0x0000000000000000        0x0 HAL/HPB/HPB_prog.o
 .text.HPB_enRead
                0x0000000000000000       0x7c HAL/HPB/HPB_prog.o
 .debug_macro   0x0000000000000000      0xaa2 HAL/HPB/HPB_prog.o
 .debug_macro   0x0000000000000000       0x10 HAL/HPB/HPB_prog.o
 .group         0x0000000000000000        0xc MCAL/MAFIO/MAFIO_prog.o
 .group         0x0000000000000000        0xc MCAL/MAFIO/MAFIO_prog.o
 .group         0x0000000000000000        0xc MCAL/MAFIO/MAFIO_prog.o
 .group         0x0000000000000000        0xc MCAL/MAFIO/MAFIO_prog.o
 .group         0x0000000000000000        0xc MCAL/MAFIO/MAFIO_prog.o
 .text          0x0000000000000000        0x0 MCAL/MAFIO/MAFIO_prog.o
 .data          0x0000000000000000        0x0 MCAL/MAFIO/MAFIO_prog.o
 .bss           0x0000000000000000        0x0 MCAL/MAFIO/MAFIO_prog.o
 .debug_macro   0x0000000000000000      0xaa2 MCAL/MAFIO/MAFIO_prog.o
 .debug_macro   0x0000000000000000       0x10 MCAL/MAFIO/MAFIO_prog.o
 .debug_macro   0x0000000000000000       0x22 MCAL/MAFIO/MAFIO_prog.o
 .debug_macro   0x0000000000000000       0x78 MCAL/MAFIO/MAFIO_prog.o
 .group         0x0000000000000000        0xc MCAL/MEXTI/MEXTI_prog.o
 .group         0x0000000000000000        0xc MCAL/MEXTI/MEXTI_prog.o
 .group         0x0000000000000000        0xc MCAL/MEXTI/MEXTI_prog.o
 .group         0x0000000000000000        0xc MCAL/MEXTI/MEXTI_prog.o
 .group         0x0000000000000000        0xc MCAL/MEXTI/MEXTI_prog.o
 .group         0x0000000000000000        0xc MCAL/MEXTI/MEXTI_prog.o
 .text          0x0000000000000000        0x0 MCAL/MEXTI/MEXTI_prog.o
 .data          0x0000000000000000        0x0 MCAL/MEXTI/MEXTI_prog.o
 .bss           0x0000000000000000        0x0 MCAL/MEXTI/MEXTI_prog.o
 .text.MEXTI_enDisable
                0x0000000000000000       0x40 MCAL/MEXTI/MEXTI_prog.o
 .text.MEXTI_enSWInterrupt
                0x0000000000000000       0x54 MCAL/MEXTI/MEXTI_prog.o
 .text.MEXTI_enClearPendingBit
                0x0000000000000000       0x40 MCAL/MEXTI/MEXTI_prog.o
 .debug_macro   0x0000000000000000      0xaa2 MCAL/MEXTI/MEXTI_prog.o
 .debug_macro   0x0000000000000000       0x10 MCAL/MEXTI/MEXTI_prog.o
 .debug_macro   0x0000000000000000       0x22 MCAL/MEXTI/MEXTI_prog.o
 .debug_macro   0x0000000000000000       0x78 MCAL/MEXTI/MEXTI_prog.o
 .debug_macro   0x0000000000000000       0x7c MCAL/MEXTI/MEXTI_prog.o
 .group         0x0000000000000000        0xc MCAL/MGPIO/MGPIO_prog.o
 .group         0x0000000000000000        0xc MCAL/MGPIO/MGPIO_prog.o
 .group         0x0000000000000000        0xc MCAL/MGPIO/MGPIO_prog.o
 .group         0x0000000000000000        0xc MCAL/MGPIO/MGPIO_prog.o
 .group         0x0000000000000000        0xc MCAL/MGPIO/MGPIO_prog.o
 .text          0x0000000000000000        0x0 MCAL/MGPIO/MGPIO_prog.o
 .data          0x0000000000000000        0x0 MCAL/MGPIO/MGPIO_prog.o
 .bss           0x0000000000000000        0x0 MCAL/MGPIO/MGPIO_prog.o
 .text.MGPIO_enTogglePin
                0x0000000000000000       0x88 MCAL/MGPIO/MGPIO_prog.o
 .text.MGPIO_enGetPinValue
                0x0000000000000000       0x90 MCAL/MGPIO/MGPIO_prog.o
 .text.MGPIO_enSetResetPin
                0x0000000000000000       0xc8 MCAL/MGPIO/MGPIO_prog.o
 .text.MGPIO_enLockPin
                0x0000000000000000      0x1a0 MCAL/MGPIO/MGPIO_prog.o
 .debug_macro   0x0000000000000000      0xaa2 MCAL/MGPIO/MGPIO_prog.o
 .debug_macro   0x0000000000000000       0x10 MCAL/MGPIO/MGPIO_prog.o
 .debug_macro   0x0000000000000000       0x22 MCAL/MGPIO/MGPIO_prog.o
 .debug_macro   0x0000000000000000       0x78 MCAL/MGPIO/MGPIO_prog.o
 .group         0x0000000000000000        0xc MCAL/MNVIC/MNVIC_prog.o
 .group         0x0000000000000000        0xc MCAL/MNVIC/MNVIC_prog.o
 .group         0x0000000000000000        0xc MCAL/MNVIC/MNVIC_prog.o
 .group         0x0000000000000000        0xc MCAL/MNVIC/MNVIC_prog.o
 .group         0x0000000000000000        0xc MCAL/MNVIC/MNVIC_prog.o
 .group         0x0000000000000000        0xc MCAL/MNVIC/MNVIC_prog.o
 .text          0x0000000000000000        0x0 MCAL/MNVIC/MNVIC_prog.o
 .data          0x0000000000000000        0x0 MCAL/MNVIC/MNVIC_prog.o
 .bss           0x0000000000000000        0x0 MCAL/MNVIC/MNVIC_prog.o
 .text.MNVIC_enDisableInt
                0x0000000000000000       0x50 MCAL/MNVIC/MNVIC_prog.o
 .text.MNVIC_enSetPendingFlag
                0x0000000000000000       0x50 MCAL/MNVIC/MNVIC_prog.o
 .text.MNVIC_enGetPendingFlag
                0x0000000000000000       0x6c MCAL/MNVIC/MNVIC_prog.o
 .text.MNVIC_enGetActiveFlag
                0x0000000000000000       0x6c MCAL/MNVIC/MNVIC_prog.o
 .debug_macro   0x0000000000000000      0xaa2 MCAL/MNVIC/MNVIC_prog.o
 .debug_macro   0x0000000000000000       0x10 MCAL/MNVIC/MNVIC_prog.o
 .debug_macro   0x0000000000000000       0x22 MCAL/MNVIC/MNVIC_prog.o
 .debug_macro   0x0000000000000000       0x78 MCAL/MNVIC/MNVIC_prog.o
 .group         0x0000000000000000        0xc MCAL/MRCC/MRCC_prog.o
 .group         0x0000000000000000        0xc MCAL/MRCC/MRCC_prog.o
 .group         0x0000000000000000        0xc MCAL/MRCC/MRCC_prog.o
 .group         0x0000000000000000        0xc MCAL/MRCC/MRCC_prog.o
 .group         0x0000000000000000        0xc MCAL/MRCC/MRCC_prog.o
 .group         0x0000000000000000        0xc MCAL/MRCC/MRCC_prog.o
 .text          0x0000000000000000        0x0 MCAL/MRCC/MRCC_prog.o
 .data          0x0000000000000000        0x0 MCAL/MRCC/MRCC_prog.o
 .bss           0x0000000000000000        0x0 MCAL/MRCC/MRCC_prog.o
 .text.MRCC_enDisablePeripheralCLK
                0x0000000000000000       0x88 MCAL/MRCC/MRCC_prog.o
 .debug_macro   0x0000000000000000      0xaa2 MCAL/MRCC/MRCC_prog.o
 .debug_macro   0x0000000000000000       0x10 MCAL/MRCC/MRCC_prog.o
 .debug_macro   0x0000000000000000       0x22 MCAL/MRCC/MRCC_prog.o
 .debug_macro   0x0000000000000000       0x78 MCAL/MRCC/MRCC_prog.o
 .group         0x0000000000000000        0xc MCAL/MSTICK/MSTICK_prog.o
 .group         0x0000000000000000        0xc MCAL/MSTICK/MSTICK_prog.o
 .group         0x0000000000000000        0xc MCAL/MSTICK/MSTICK_prog.o
 .group         0x0000000000000000        0xc MCAL/MSTICK/MSTICK_prog.o
 .group         0x0000000000000000        0xc MCAL/MSTICK/MSTICK_prog.o
 .group         0x0000000000000000        0xc MCAL/MSTICK/MSTICK_prog.o
 .text          0x0000000000000000        0x0 MCAL/MSTICK/MSTICK_prog.o
 .data          0x0000000000000000        0x0 MCAL/MSTICK/MSTICK_prog.o
 .bss           0x0000000000000000        0x0 MCAL/MSTICK/MSTICK_prog.o
 .text.MSTK_enSetIntervalSingle
                0x0000000000000000       0x5c MCAL/MSTICK/MSTICK_prog.o
 .text.MSTK_enSetIntervalPeriodic
                0x0000000000000000       0x5c MCAL/MSTICK/MSTICK_prog.o
 .text.MSTK_enGetElapsedTime
                0x0000000000000000       0x38 MCAL/MSTICK/MSTICK_prog.o
 .text.MSTK_enRemainingValue
                0x0000000000000000       0x30 MCAL/MSTICK/MSTICK_prog.o
 .text.STK_enStop
                0x0000000000000000       0x20 MCAL/MSTICK/MSTICK_prog.o
 .debug_macro   0x0000000000000000      0xaa2 MCAL/MSTICK/MSTICK_prog.o
 .debug_macro   0x0000000000000000       0x10 MCAL/MSTICK/MSTICK_prog.o
 .debug_macro   0x0000000000000000       0x22 MCAL/MSTICK/MSTICK_prog.o
 .debug_macro   0x0000000000000000       0x78 MCAL/MSTICK/MSTICK_prog.o
 .group         0x0000000000000000        0xc Src/main.o
 .group         0x0000000000000000        0xc Src/main.o
 .group         0x0000000000000000        0xc Src/main.o
 .text          0x0000000000000000        0x0 Src/main.o
 .data          0x0000000000000000        0x0 Src/main.o
 .bss           0x0000000000000000        0x0 Src/main.o
 .text.speedUp  0x0000000000000000       0x18 Src/main.o
 .debug_macro   0x0000000000000000      0xaa2 Src/main.o
 .debug_macro   0x0000000000000000       0x10 Src/main.o
 .debug_macro   0x0000000000000000       0x7c Src/main.o
 .text          0x0000000000000000       0x14 Startup/startup_stm32f103c8tx.o
 .data          0x0000000000000000        0x0 Startup/startup_stm32f103c8tx.o
 .bss           0x0000000000000000        0x0 Startup/startup_stm32f103c8tx.o
 .text          0x0000000000000000        0x0 c:/st/stm32cubeide_1.6.1/stm32cubeide/plugins/com.st.stm32cube.ide.mcu.externaltools.gnu-tools-for-stm32.9-2020-q2-update.win32_1.5.0.202011040924/tools/bin/../lib/gcc/arm-none-eabi/9.3.1/../../../../arm-none-eabi/lib/thumb/v7-m/nofp\libc_nano.a(lib_a-exit.o)
 .data          0x0000000000000000        0x0 c:/st/stm32cubeide_1.6.1/stm32cubeide/plugins/com.st.stm32cube.ide.mcu.externaltools.gnu-tools-for-stm32.9-2020-q2-update.win32_1.5.0.202011040924/tools/bin/../lib/gcc/arm-none-eabi/9.3.1/../../../../arm-none-eabi/lib/thumb/v7-m/nofp\libc_nano.a(lib_a-exit.o)
 .bss           0x0000000000000000        0x0 c:/st/stm32cubeide_1.6.1/stm32cubeide/plugins/com.st.stm32cube.ide.mcu.externaltools.gnu-tools-for-stm32.9-2020-q2-update.win32_1.5.0.202011040924/tools/bin/../lib/gcc/arm-none-eabi/9.3.1/../../../../arm-none-eabi/lib/thumb/v7-m/nofp\libc_nano.a(lib_a-exit.o)
 .text.exit     0x0000000000000000       0x28 c:/st/stm32cubeide_1.6.1/stm32cubeide/plugins/com.st.stm32cube.ide.mcu.externaltools.gnu-tools-for-stm32.9-2020-q2-update.win32_1.5.0.202011040924/tools/bin/../lib/gcc/arm-none-eabi/9.3.1/../../../../arm-none-eabi/lib/thumb/v7-m/nofp\libc_nano.a(lib_a-exit.o)
 .debug_frame   0x0000000000000000       0x28 c:/st/stm32cubeide_1.6.1/stm32cubeide/plugins/com.st.stm32cube.ide.mcu.externaltools.gnu-tools-for-stm32.9-2020-q2-update.win32_1.5.0.202011040924/tools/bin/../lib/gcc/arm-none-eabi/9.3.1/../../../../arm-none-eabi/lib/thumb/v7-m/nofp\libc_nano.a(lib_a-exit.o)
 .ARM.attributes
                0x0000000000000000       0x2d c:/st/stm32cubeide_1.6.1/stm32cubeide/plugins/com.st.stm32cube.ide.mcu.externaltools.gnu-tools-for-stm32.9-2020-q2-update.win32_1.5.0.202011040924/tools/bin/../lib/gcc/arm-none-eabi/9.3.1/../../../../arm-none-eabi/lib/thumb/v7-m/nofp\libc_nano.a(lib_a-exit.o)
 .text          0x0000000000000000        0x0 c:/st/stm32cubeide_1.6.1/stm32cubeide/plugins/com.st.stm32cube.ide.mcu.externaltools.gnu-tools-for-stm32.9-2020-q2-update.win32_1.5.0.202011040924/tools/bin/../lib/gcc/arm-none-eabi/9.3.1/../../../../arm-none-eabi/lib/thumb/v7-m/nofp\libc_nano.a(lib_a-impure.o)
 .data          0x0000000000000000        0x0 c:/st/stm32cubeide_1.6.1/stm32cubeide/plugins/com.st.stm32cube.ide.mcu.externaltools.gnu-tools-for-stm32.9-2020-q2-update.win32_1.5.0.202011040924/tools/bin/../lib/gcc/arm-none-eabi/9.3.1/../../../../arm-none-eabi/lib/thumb/v7-m/nofp\libc_nano.a(lib_a-impure.o)
 .bss           0x0000000000000000        0x0 c:/st/stm32cubeide_1.6.1/stm32cubeide/plugins/com.st.stm32cube.ide.mcu.externaltools.gnu-tools-for-stm32.9-2020-q2-update.win32_1.5.0.202011040924/tools/bin/../lib/gcc/arm-none-eabi/9.3.1/../../../../arm-none-eabi/lib/thumb/v7-m/nofp\libc_nano.a(lib_a-impure.o)
 .data._impure_ptr
                0x0000000000000000        0x4 c:/st/stm32cubeide_1.6.1/stm32cubeide/plugins/com.st.stm32cube.ide.mcu.externaltools.gnu-tools-for-stm32.9-2020-q2-update.win32_1.5.0.202011040924/tools/bin/../lib/gcc/arm-none-eabi/9.3.1/../../../../arm-none-eabi/lib/thumb/v7-m/nofp\libc_nano.a(lib_a-impure.o)
 .data.impure_data
                0x0000000000000000       0x60 c:/st/stm32cubeide_1.6.1/stm32cubeide/plugins/com.st.stm32cube.ide.mcu.externaltools.gnu-tools-for-stm32.9-2020-q2-update.win32_1.5.0.202011040924/tools/bin/../lib/gcc/arm-none-eabi/9.3.1/../../../../arm-none-eabi/lib/thumb/v7-m/nofp\libc_nano.a(lib_a-impure.o)
 .rodata._global_impure_ptr
                0x0000000000000000        0x4 c:/st/stm32cubeide_1.6.1/stm32cubeide/plugins/com.st.stm32cube.ide.mcu.externaltools.gnu-tools-for-stm32.9-2020-q2-update.win32_1.5.0.202011040924/tools/bin/../lib/gcc/arm-none-eabi/9.3.1/../../../../arm-none-eabi/lib/thumb/v7-m/nofp\libc_nano.a(lib_a-impure.o)
 .ARM.attributes
                0x0000000000000000       0x2d c:/st/stm32cubeide_1.6.1/stm32cubeide/plugins/com.st.stm32cube.ide.mcu.externaltools.gnu-tools-for-stm32.9-2020-q2-update.win32_1.5.0.202011040924/tools/bin/../lib/gcc/arm-none-eabi/9.3.1/../../../../arm-none-eabi/lib/thumb/v7-m/nofp\libc_nano.a(lib_a-impure.o)
 .text          0x0000000000000000        0x0 c:/st/stm32cubeide_1.6.1/stm32cubeide/plugins/com.st.stm32cube.ide.mcu.externaltools.gnu-tools-for-stm32.9-2020-q2-update.win32_1.5.0.202011040924/tools/bin/../lib/gcc/arm-none-eabi/9.3.1/../../../../arm-none-eabi/lib/thumb/v7-m/nofp\libc_nano.a(lib_a-init.o)
 .data          0x0000000000000000        0x0 c:/st/stm32cubeide_1.6.1/stm32cubeide/plugins/com.st.stm32cube.ide.mcu.externaltools.gnu-tools-for-stm32.9-2020-q2-update.win32_1.5.0.202011040924/tools/bin/../lib/gcc/arm-none-eabi/9.3.1/../../../../arm-none-eabi/lib/thumb/v7-m/nofp\libc_nano.a(lib_a-init.o)
 .bss           0x0000000000000000        0x0 c:/st/stm32cubeide_1.6.1/stm32cubeide/plugins/com.st.stm32cube.ide.mcu.externaltools.gnu-tools-for-stm32.9-2020-q2-update.win32_1.5.0.202011040924/tools/bin/../lib/gcc/arm-none-eabi/9.3.1/../../../../arm-none-eabi/lib/thumb/v7-m/nofp\libc_nano.a(lib_a-init.o)
 .text          0x0000000000000000        0x0 c:/st/stm32cubeide_1.6.1/stm32cubeide/plugins/com.st.stm32cube.ide.mcu.externaltools.gnu-tools-for-stm32.9-2020-q2-update.win32_1.5.0.202011040924/tools/bin/../lib/gcc/arm-none-eabi/9.3.1/../../../../arm-none-eabi/lib/thumb/v7-m/nofp\libc_nano.a(lib_a-memset.o)
 .data          0x0000000000000000        0x0 c:/st/stm32cubeide_1.6.1/stm32cubeide/plugins/com.st.stm32cube.ide.mcu.externaltools.gnu-tools-for-stm32.9-2020-q2-update.win32_1.5.0.202011040924/tools/bin/../lib/gcc/arm-none-eabi/9.3.1/../../../../arm-none-eabi/lib/thumb/v7-m/nofp\libc_nano.a(lib_a-memset.o)
 .bss           0x0000000000000000        0x0 c:/st/stm32cubeide_1.6.1/stm32cubeide/plugins/com.st.stm32cube.ide.mcu.externaltools.gnu-tools-for-stm32.9-2020-q2-update.win32_1.5.0.202011040924/tools/bin/../lib/gcc/arm-none-eabi/9.3.1/../../../../arm-none-eabi/lib/thumb/v7-m/nofp\libc_nano.a(lib_a-memset.o)
 .text.memset   0x0000000000000000       0x10 c:/st/stm32cubeide_1.6.1/stm32cubeide/plugins/com.st.stm32cube.ide.mcu.externaltools.gnu-tools-for-stm32.9-2020-q2-update.win32_1.5.0.202011040924/tools/bin/../lib/gcc/arm-none-eabi/9.3.1/../../../../arm-none-eabi/lib/thumb/v7-m/nofp\libc_nano.a(lib_a-memset.o)
 .debug_frame   0x0000000000000000       0x20 c:/st/stm32cubeide_1.6.1/stm32cubeide/plugins/com.st.stm32cube.ide.mcu.externaltools.gnu-tools-for-stm32.9-2020-q2-update.win32_1.5.0.202011040924/tools/bin/../lib/gcc/arm-none-eabi/9.3.1/../../../../arm-none-eabi/lib/thumb/v7-m/nofp\libc_nano.a(lib_a-memset.o)
 .ARM.attributes
                0x0000000000000000       0x2d c:/st/stm32cubeide_1.6.1/stm32cubeide/plugins/com.st.stm32cube.ide.mcu.externaltools.gnu-tools-for-stm32.9-2020-q2-update.win32_1.5.0.202011040924/tools/bin/../lib/gcc/arm-none-eabi/9.3.1/../../../../arm-none-eabi/lib/thumb/v7-m/nofp\libc_nano.a(lib_a-memset.o)
 .text          0x0000000000000000        0x0 c:/st/stm32cubeide_1.6.1/stm32cubeide/plugins/com.st.stm32cube.ide.mcu.externaltools.gnu-tools-for-stm32.9-2020-q2-update.win32_1.5.0.202011040924/tools/bin/../lib/gcc/arm-none-eabi/9.3.1/../../../../arm-none-eabi/lib/thumb/v7-m/nofp\libnosys.a(_exit.o)
 .data          0x0000000000000000        0x0 c:/st/stm32cubeide_1.6.1/stm32cubeide/plugins/com.st.stm32cube.ide.mcu.externaltools.gnu-tools-for-stm32.9-2020-q2-update.win32_1.5.0.202011040924/tools/bin/../lib/gcc/arm-none-eabi/9.3.1/../../../../arm-none-eabi/lib/thumb/v7-m/nofp\libnosys.a(_exit.o)
 .bss           0x0000000000000000        0x0 c:/st/stm32cubeide_1.6.1/stm32cubeide/plugins/com.st.stm32cube.ide.mcu.externaltools.gnu-tools-for-stm32.9-2020-q2-update.win32_1.5.0.202011040924/tools/bin/../lib/gcc/arm-none-eabi/9.3.1/../../../../arm-none-eabi/lib/thumb/v7-m/nofp\libnosys.a(_exit.o)
 .text._exit    0x0000000000000000        0x2 c:/st/stm32cubeide_1.6.1/stm32cubeide/plugins/com.st.stm32cube.ide.mcu.externaltools.gnu-tools-for-stm32.9-2020-q2-update.win32_1.5.0.202011040924/tools/bin/../lib/gcc/arm-none-eabi/9.3.1/../../../../arm-none-eabi/lib/thumb/v7-m/nofp\libnosys.a(_exit.o)
 .debug_frame   0x0000000000000000       0x20 c:/st/stm32cubeide_1.6.1/stm32cubeide/plugins/com.st.stm32cube.ide.mcu.externaltools.gnu-tools-for-stm32.9-2020-q2-update.win32_1.5.0.202011040924/tools/bin/../lib/gcc/arm-none-eabi/9.3.1/../../../../arm-none-eabi/lib/thumb/v7-m/nofp\libnosys.a(_exit.o)
 .ARM.attributes
                0x0000000000000000       0x2d c:/st/stm32cubeide_1.6.1/stm32cubeide/plugins/com.st.stm32cube.ide.mcu.externaltools.gnu-tools-for-stm32.9-2020-q2-update.win32_1.5.0.202011040924/tools/bin/../lib/gcc/arm-none-eabi/9.3.1/../../../../arm-none-eabi/lib/thumb/v7-m/nofp\libnosys.a(_exit.o)
 .text          0x0000000000000000        0x0 c:/st/stm32cubeide_1.6.1/stm32cubeide/plugins/com.st.stm32cube.ide.mcu.externaltools.gnu-tools-for-stm32.9-2020-q2-update.win32_1.5.0.202011040924/tools/bin/../lib/gcc/arm-none-eabi/9.3.1/thumb/v7-m/nofp/crtend.o
 .data          0x0000000000000000        0x0 c:/st/stm32cubeide_1.6.1/stm32cubeide/plugins/com.st.stm32cube.ide.mcu.externaltools.gnu-tools-for-stm32.9-2020-q2-update.win32_1.5.0.202011040924/tools/bin/../lib/gcc/arm-none-eabi/9.3.1/thumb/v7-m/nofp/crtend.o
 .bss           0x0000000000000000        0x0 c:/st/stm32cubeide_1.6.1/stm32cubeide/plugins/com.st.stm32cube.ide.mcu.externaltools.gnu-tools-for-stm32.9-2020-q2-update.win32_1.5.0.202011040924/tools/bin/../lib/gcc/arm-none-eabi/9.3.1/thumb/v7-m/nofp/crtend.o
 .eh_frame      0x0000000000000000        0x4 c:/st/stm32cubeide_1.6.1/stm32cubeide/plugins/com.st.stm32cube.ide.mcu.externaltools.gnu-tools-for-stm32.9-2020-q2-update.win32_1.5.0.202011040924/tools/bin/../lib/gcc/arm-none-eabi/9.3.1/thumb/v7-m/nofp/crtend.o
 .ARM.attributes
                0x0000000000000000       0x2d c:/st/stm32cubeide_1.6.1/stm32cubeide/plugins/com.st.stm32cube.ide.mcu.externaltools.gnu-tools-for-stm32.9-2020-q2-update.win32_1.5.0.202011040924/tools/bin/../lib/gcc/arm-none-eabi/9.3.1/thumb/v7-m/nofp/crtend.o
 .text          0x0000000000000000        0x0 c:/st/stm32cubeide_1.6.1/stm32cubeide/plugins/com.st.stm32cube.ide.mcu.externaltools.gnu-tools-for-stm32.9-2020-q2-update.win32_1.5.0.202011040924/tools/bin/../lib/gcc/arm-none-eabi/9.3.1/thumb/v7-m/nofp/crtn.o
 .data          0x0000000000000000        0x0 c:/st/stm32cubeide_1.6.1/stm32cubeide/plugins/com.st.stm32cube.ide.mcu.externaltools.gnu-tools-for-stm32.9-2020-q2-update.win32_1.5.0.202011040924/tools/bin/../lib/gcc/arm-none-eabi/9.3.1/thumb/v7-m/nofp/crtn.o
 .bss           0x0000000000000000        0x0 c:/st/stm32cubeide_1.6.1/stm32cubeide/plugins/com.st.stm32cube.ide.mcu.externaltools.gnu-tools-for-stm32.9-2020-q2-update.win32_1.5.0.202011040924/tools/bin/../lib/gcc/arm-none-eabi/9.3.1/thumb/v7-m/nofp/crtn.o

Memory Configuration

Name             Origin             Length             Attributes
RAM              0x0000000020000000 0x0000000000005000 xrw
FLASH            0x0000000008000000 0x0000000000010000 xr
*default*        0x0000000000000000 0xffffffffffffffff

Linker script and memory map

LOAD c:/st/stm32cubeide_1.6.1/stm32cubeide/plugins/com.st.stm32cube.ide.mcu.externaltools.gnu-tools-for-stm32.9-2020-q2-update.win32_1.5.0.202011040924/tools/bin/../lib/gcc/arm-none-eabi/9.3.1/thumb/v7-m/nofp/crti.o
LOAD c:/st/stm32cubeide_1.6.1/stm32cubeide/plugins/com.st.stm32cube.ide.mcu.externaltools.gnu-tools-for-stm32.9-2020-q2-update.win32_1.5.0.202011040924/tools/bin/../lib/gcc/arm-none-eabi/9.3.1/thumb/v7-m/nofp/crtbegin.o
LOAD c:/st/stm32cubeide_1.6.1/stm32cubeide/plugins/com.st.stm32cube.ide.mcu.externaltools.gnu-tools-for-stm32.9-2020-q2-update.win32_1.5.0.202011040924/tools/bin/../lib/gcc/arm-none-eabi/9.3.1/../../../../arm-none-eabi/lib/thumb/v7-m/nofp/crt0.o
LOAD HAL/HLEDMRX/HLEDMRX_prog.o
LOAD HAL/HPB/HPB_prog.o
LOAD MCAL/MAFIO/MAFIO_prog.o
LOAD MCAL/MEXTI/MEXTI_prog.o
LOAD MCAL/MGPIO/MGPIO_prog.o
LOAD MCAL/MNVIC/MNVIC_prog.o
LOAD MCAL/MRCC/MRCC_prog.o
LOAD MCAL/MSTICK/MSTICK_prog.o
LOAD Src/main.o
LOAD Startup/startup_stm32f103c8tx.o
START GROUP
LOAD c:/st/stm32cubeide_1.6.1/stm32cubeide/plugins/com.st.stm32cube.ide.mcu.externaltools.gnu-tools-for-stm32.9-2020-q2-update.win32_1.5.0.202011040924/tools/bin/../lib/gcc/arm-none-eabi/9.3.1/../../../../arm-none-eabi/lib/thumb/v7-m/nofp\libc_nano.a
LOAD c:/st/stm32cubeide_1.6.1/stm32cubeide/plugins/com.st.stm32cube.ide.mcu.externaltools.gnu-tools-for-stm32.9-2020-q2-update.win32_1.5.0.202011040924/tools/bin/../lib/gcc/arm-none-eabi/9.3.1/../../../../arm-none-eabi/lib/thumb/v7-m/nofp\libm.a
END GROUP
START GROUP
LOAD c:/st/stm32cubeide_1.6.1/stm32cubeide/plugins/com.st.stm32cube.ide.mcu.externaltools.gnu-tools-for-stm32.9-2020-q2-update.win32_1.5.0.202011040924/tools/bin/../lib/gcc/arm-none-eabi/9.3.1/thumb/v7-m/nofp\libgcc.a
LOAD c:/st/stm32cubeide_1.6.1/stm32cubeide/plugins/com.st.stm32cube.ide.mcu.externaltools.gnu-tools-for-stm32.9-2020-q2-update.win32_1.5.0.202011040924/tools/bin/../lib/gcc/arm-none-eabi/9.3.1/../../../../arm-none-eabi/lib/thumb/v7-m/nofp\libc_nano.a
END GROUP
START GROUP
LOAD c:/st/stm32cubeide_1.6.1/stm32cubeide/plugins/com.st.stm32cube.ide.mcu.externaltools.gnu-tools-for-stm32.9-2020-q2-update.win32_1.5.0.202011040924/tools/bin/../lib/gcc/arm-none-eabi/9.3.1/thumb/v7-m/nofp\libgcc.a
LOAD c:/st/stm32cubeide_1.6.1/stm32cubeide/plugins/com.st.stm32cube.ide.mcu.externaltools.gnu-tools-for-stm32.9-2020-q2-update.win32_1.5.0.202011040924/tools/bin/../lib/gcc/arm-none-eabi/9.3.1/../../../../arm-none-eabi/lib/thumb/v7-m/nofp\libc_nano.a
LOAD c:/st/stm32cubeide_1.6.1/stm32cubeide/plugins/com.st.stm32cube.ide.mcu.externaltools.gnu-tools-for-stm32.9-2020-q2-update.win32_1.5.0.202011040924/tools/bin/../lib/gcc/arm-none-eabi/9.3.1/../../../../arm-none-eabi/lib/thumb/v7-m/nofp\libnosys.a
END GROUP
START GROUP
LOAD c:/st/stm32cubeide_1.6.1/stm32cubeide/plugins/com.st.stm32cube.ide.mcu.externaltools.gnu-tools-for-stm32.9-2020-q2-update.win32_1.5.0.202011040924/tools/bin/../lib/gcc/arm-none-eabi/9.3.1/thumb/v7-m/nofp\libgcc.a
LOAD c:/st/stm32cubeide_1.6.1/stm32cubeide/plugins/com.st.stm32cube.ide.mcu.externaltools.gnu-tools-for-stm32.9-2020-q2-update.win32_1.5.0.202011040924/tools/bin/../lib/gcc/arm-none-eabi/9.3.1/../../../../arm-none-eabi/lib/thumb/v7-m/nofp\libc_nano.a
LOAD c:/st/stm32cubeide_1.6.1/stm32cubeide/plugins/com.st.stm32cube.ide.mcu.externaltools.gnu-tools-for-stm32.9-2020-q2-update.win32_1.5.0.202011040924/tools/bin/../lib/gcc/arm-none-eabi/9.3.1/../../../../arm-none-eabi/lib/thumb/v7-m/nofp\libnosys.a
END GROUP
LOAD c:/st/stm32cubeide_1.6.1/stm32cubeide/plugins/com.st.stm32cube.ide.mcu.externaltools.gnu-tools-for-stm32.9-2020-q2-update.win32_1.5.0.202011040924/tools/bin/../lib/gcc/arm-none-eabi/9.3.1/thumb/v7-m/nofp/crtend.o
LOAD c:/st/stm32cubeide_1.6.1/stm32cubeide/plugins/com.st.stm32cube.ide.mcu.externaltools.gnu-tools-for-stm32.9-2020-q2-update.win32_1.5.0.202011040924/tools/bin/../lib/gcc/arm-none-eabi/9.3.1/thumb/v7-m/nofp/crtn.o
                0x0000000020005000                _estack = (ORIGIN (RAM) + LENGTH (RAM))
                0x0000000000000200                _Min_Heap_Size = 0x200
                0x0000000000000400                _Min_Stack_Size = 0x400

.isr_vector     0x0000000008000000      0x130
                0x0000000008000000                . = ALIGN (0x4)
 *(.isr_vector)
 .isr_vector    0x0000000008000000      0x130 Startup/startup_stm32f103c8tx.o
                0x0000000008000000                g_pfnVectors
                0x0000000008000130                . = ALIGN (0x4)

.text           0x0000000008000130     0x1078
                0x0000000008000130                . = ALIGN (0x4)
 *(.text)
 .text          0x0000000008000130       0x40 c:/st/stm32cubeide_1.6.1/stm32cubeide/plugins/com.st.stm32cube.ide.mcu.externaltools.gnu-tools-for-stm32.9-2020-q2-update.win32_1.5.0.202011040924/tools/bin/../lib/gcc/arm-none-eabi/9.3.1/thumb/v7-m/nofp/crtbegin.o
 *(.text*)
 .text.HLEDMRX_enInit
                0x0000000008000170       0x1e HAL/HLEDMRX/HLEDMRX_prog.o
                0x0000000008000170                HLEDMRX_enInit
 .text.HLEDMRX_voidSetRowValue
                0x000000000800018e       0x56 HAL/HLEDMRX/HLEDMRX_prog.o
 .text.HLEDMRX_enDisplayMotion
                0x00000000080001e4       0x98 HAL/HLEDMRX/HLEDMRX_prog.o
                0x00000000080001e4                HLEDMRX_enDisplayMotion
 .text.HPB_enInit
                0x000000000800027c       0x54 HAL/HPB/HPB_prog.o
                0x000000000800027c                HPB_enInit
 .text.MAFIO_enSetEXTIConfig
                0x00000000080002d0       0xb4 MCAL/MAFIO/MAFIO_prog.o
                0x00000000080002d0                MAFIO_enSetEXTIConfig
 .text.MEXTI_enInit
                0x0000000008000384       0x2c MCAL/MEXTI/MEXTI_prog.o
                0x0000000008000384                MEXTI_enInit
 .text.MEXTI_enEnable
                0x00000000080003b0       0x40 MCAL/MEXTI/MEXTI_prog.o
                0x00000000080003b0                MEXTI_enEnable
 .text.MEXTI_enCallBack
                0x00000000080003f0       0x38 MCAL/MEXTI/MEXTI_prog.o
                0x00000000080003f0                MEXTI_enCallBack
 .text.MEXTI_enSetLatch
                0x0000000008000428       0xb4 MCAL/MEXTI/MEXTI_prog.o
                0x0000000008000428                MEXTI_enSetLatch
 .text.EXTI0_IRQHandler
                0x00000000080004dc       0x1c MCAL/MEXTI/MEXTI_prog.o
                0x00000000080004dc                EXTI0_IRQHandler
 .text.EXTI1_IRQHandler
                0x00000000080004f8       0x1c MCAL/MEXTI/MEXTI_prog.o
                0x00000000080004f8                EXTI1_IRQHandler
 .text.EXTI2_IRQHandler
                0x0000000008000514       0x1c MCAL/MEXTI/MEXTI_prog.o
                0x0000000008000514                EXTI2_IRQHandler
 .text.EXTI3_IRQHandler
                0x0000000008000530       0x1c MCAL/MEXTI/MEXTI_prog.o
                0x0000000008000530                EXTI3_IRQHandler
 .text.EXTI4_IRQHandler
                0x000000000800054c       0x1c MCAL/MEXTI/MEXTI_prog.o
                0x000000000800054c                EXTI4_IRQHandler
 .text.EXTI9_5_IRQHandler
                0x0000000008000568       0x5c MCAL/MEXTI/MEXTI_prog.o
                0x0000000008000568                EXTI9_5_IRQHandler
 .text.EXTI15_10_IRQHandler
                0x00000000080005c4       0x6c MCAL/MEXTI/MEXTI_prog.o
                0x00000000080005c4                EXTI15_10_IRQHandler
 .text.MGPIO_enSetPinDirection
                0x0000000008000630      0x1b4 MCAL/MGPIO/MGPIO_prog.o
                0x0000000008000630                MGPIO_enSetPinDirection
 .text.MGPIO_enSetPinValue
                0x00000000080007e4      0x108 MCAL/MGPIO/MGPIO_prog.o
                0x00000000080007e4                MGPIO_enSetPinValue
 .text.MGPIO_enSetPortDirection
                0x00000000080008ec       0xdc MCAL/MGPIO/MGPIO_prog.o
                0x00000000080008ec                MGPIO_enSetPortDirection
 .text.MGPIO_enSetPortValue
                0x00000000080009c8      0x1cc MCAL/MGPIO/MGPIO_prog.o
                0x00000000080009c8                MGPIO_enSetPortValue
 .text.MNVIC_enEnableNVIC
                0x0000000008000b94       0x1c MCAL/MNVIC/MNVIC_prog.o
                0x0000000008000b94                MNVIC_enEnableNVIC
 .text.MNVIC_enEnableInt
                0x0000000008000bb0       0x4c MCAL/MNVIC/MNVIC_prog.o
                0x0000000008000bb0                MNVIC_enEnableInt
 .text.MNVIC_enClrPendingFlag
                0x0000000008000bfc       0x50 MCAL/MNVIC/MNVIC_prog.o
                0x0000000008000bfc                MNVIC_enClrPendingFlag
 .text.MNVIC_enSetPriority
                0x0000000008000c4c       0xac MCAL/MNVIC/MNVIC_prog.o
                0x0000000008000c4c                MNVIC_enSetPriority
 .text.MRCC_enSysClkINIT
                0x0000000008000cf8       0x78 MCAL/MRCC/MRCC_prog.o
                0x0000000008000cf8                MRCC_enSysClkINIT
 .text.MRCC_enEnablePeripheralCLK
                0x0000000008000d70       0x84 MCAL/MRCC/MRCC_prog.o
                0x0000000008000d70                MRCC_enEnablePeripheralCLK
 .text.MSTK_enInit
                0x0000000008000df4       0x20 MCAL/MSTICK/MSTICK_prog.o
                0x0000000008000df4                MSTK_enInit
 .text.MSTK_enDelayMS
                0x0000000008000e14       0x4c MCAL/MSTICK/MSTICK_prog.o
                0x0000000008000e14                MSTK_enDelayMS
 .text.SysTick_Handler
                0x0000000008000e60       0x64 MCAL/MSTICK/MSTICK_prog.o
                0x0000000008000e60                SysTick_Handler
 .text.main     0x0000000008000ec4      0x1e8 Src/main.o
                0x0000000008000ec4                main
 .text.start    0x00000000080010ac       0x18 Src/main.o
                0x00000000080010ac                start
 .text.speedDown
                0x00000000080010c4       0x18 Src/main.o
                0x00000000080010c4                speedDown
 .text.stop     0x00000000080010dc       0x18 Src/main.o
                0x00000000080010dc                stop
 .text.Reset_Handler
                0x00000000080010f4       0x50 Startup/startup_stm32f103c8tx.o
                0x00000000080010f4                Reset_Handler
 .text.Default_Handler
                0x0000000008001144        0x2 Startup/startup_stm32f103c8tx.o
                0x0000000008001144                TIM8_TRG_COM_IRQHandler
                0x0000000008001144                TIM8_CC_IRQHandler
                0x0000000008001144                DebugMon_Handler
                0x0000000008001144                TIM1_CC_IRQHandler
                0x0000000008001144                HardFault_Handler
                0x0000000008001144                TIM6_IRQHandler
                0x0000000008001144                PVD_IRQHandler
                0x0000000008001144                SDIO_IRQHandler
                0x0000000008001144                PendSV_Handler
                0x0000000008001144                NMI_Handler
                0x0000000008001144                USB_HP_CAN_TX_IRQHandler
                0x0000000008001144                I2C2_EV_IRQHandler
                0x0000000008001144                UsageFault_Handler
                0x0000000008001144                ADC1_2_IRQHandler
                0x0000000008001144                SPI1_IRQHandler
                0x0000000008001144                CAN_SCE_IRQHandler
                0x0000000008001144                TAMPER_IRQHandler
                0x0000000008001144                TIM8_UP_IRQHandler
                0x0000000008001144                DMA2_Channel2_IRQHandler
                0x0000000008001144                DMA1_Channel4_IRQHandler
                0x0000000008001144                USART3_IRQHandler
                0x0000000008001144                RTC_IRQHandler
                0x0000000008001144                DMA1_Channel7_IRQHandler
                0x0000000008001144                UART5_IRQHandler
                0x0000000008001144                ADC3_IRQHandler
                0x0000000008001144                TIM4_IRQHandler
                0x0000000008001144                CAN_RX1_IRQHandler
                0x0000000008001144                DMA2_Channel1_IRQHandler
                0x0000000008001144                I2C1_EV_IRQHandler
                0x0000000008001144                DMA1_Channel6_IRQHandler
                0x0000000008001144                UART4_IRQHandler
                0x0000000008001144                TIM3_IRQHandler
                0x0000000008001144                RCC_IRQHandler
                0x0000000008001144                TIM1_TRG_COM_IRQHandler
                0x0000000008001144                DMA1_Channel1_IRQHandler
                0x0000000008001144                Default_Handler
                0x0000000008001144                TIM7_IRQHandler
                0x0000000008001144                TIM5_IRQHandler
                0x0000000008001144                SPI2_IRQHandler
                0x0000000008001144                USB_LP_CAN_RX0_IRQHandler
                0x0000000008001144                MemManage_Handler
                0x0000000008001144                SVC_Handler
                0x0000000008001144                DMA1_Channel5_IRQHandler
                0x0000000008001144                DMA1_Channel3_IRQHandler
                0x0000000008001144                FSMC_IRQHandler
                0x0000000008001144                TIM1_UP_IRQHandler
                0x0000000008001144                WWDG_IRQHandler
                0x0000000008001144                TIM2_IRQHandler
                0x0000000008001144                TIM1_BRK_IRQHandler
                0x0000000008001144                RTCAlarm_IRQHandler
                0x0000000008001144                DMA2_Channel4_5_IRQHandler
                0x0000000008001144                USART2_IRQHandler
                0x0000000008001144                I2C2_ER_IRQHandler
                0x0000000008001144                DMA1_Channel2_IRQHandler
                0x0000000008001144                TIM8_BRK_IRQHandler
                0x0000000008001144                FLASH_IRQHandler
                0x0000000008001144                BusFault_Handler
                0x0000000008001144                USART1_IRQHandler
                0x0000000008001144                SPI3_IRQHandler
                0x0000000008001144                I2C1_ER_IRQHandler
                0x0000000008001144                DMA2_Channel3_IRQHandler
 *fill*         0x0000000008001146        0x2 
 .text.__libc_init_array
                0x0000000008001148       0x48 c:/st/stm32cubeide_1.6.1/stm32cubeide/plugins/com.st.stm32cube.ide.mcu.externaltools.gnu-tools-for-stm32.9-2020-q2-update.win32_1.5.0.202011040924/tools/bin/../lib/gcc/arm-none-eabi/9.3.1/../../../../arm-none-eabi/lib/thumb/v7-m/nofp\libc_nano.a(lib_a-init.o)
                0x0000000008001148                __libc_init_array
 *(.glue_7)
 .glue_7        0x0000000008001190        0x0 linker stubs
 *(.glue_7t)
 .glue_7t       0x0000000008001190        0x0 linker stubs
 *(.eh_frame)
 .eh_frame      0x0000000008001190        0x0 c:/st/stm32cubeide_1.6.1/stm32cubeide/plugins/com.st.stm32cube.ide.mcu.externaltools.gnu-tools-for-stm32.9-2020-q2-update.win32_1.5.0.202011040924/tools/bin/../lib/gcc/arm-none-eabi/9.3.1/thumb/v7-m/nofp/crtbegin.o
 *(.init)
 .init          0x0000000008001190        0x4 c:/st/stm32cubeide_1.6.1/stm32cubeide/plugins/com.st.stm32cube.ide.mcu.externaltools.gnu-tools-for-stm32.9-2020-q2-update.win32_1.5.0.202011040924/tools/bin/../lib/gcc/arm-none-eabi/9.3.1/thumb/v7-m/nofp/crti.o
                0x0000000008001190                _init
 .init          0x0000000008001194        0x8 c:/st/stm32cubeide_1.6.1/stm32cubeide/plugins/com.st.stm32cube.ide.mcu.externaltools.gnu-tools-for-stm32.9-2020-q2-update.win32_1.5.0.202011040924/tools/bin/../lib/gcc/arm-none-eabi/9.3.1/thumb/v7-m/nofp/crtn.o
 *(.fini)
 .fini          0x000000000800119c        0x4 c:/st/stm32cubeide_1.6.1/stm32cubeide/plugins/com.st.stm32cube.ide.mcu.externaltools.gnu-tools-for-stm32.9-2020-q2-update.win32_1.5.0.202011040924/tools/bin/../lib/gcc/arm-none-eabi/9.3.1/thumb/v7-m/nofp/crti.o
                0x000000000800119c                _fini
 .fini          0x00000000080011a0        0x8 c:/st/stm32cubeide_1.6.1/stm32cubeide/plugins/com.st.stm32cube.ide.mcu.externaltools.gnu-tools-for-stm32.9-2020-q2-update.win32_1.5.0.202011040924/tools/bin/../lib/gcc/arm-none-eabi/9.3.1/thumb/v7-m/nofp/crtn.o
                0x00000000080011a8                . = ALIGN (0x4)
                0x00000000080011a8                _etext = .

.vfp11_veneer   0x00000000080011a8        0x0
 .vfp11_veneer  0x00000000080011a8        0x0 linker stubs

.v4_bx          0x00000000080011a8        0x0
 .v4_bx         0x00000000080011a8        0x0 linker stubs

.iplt           0x00000000080011a8        0x0
 .iplt          0x00000000080011a8        0x0 c:/st/stm32cubeide_1.6.1/stm32cubeide/plugins/com.st.stm32cube.ide.mcu.externaltools.gnu-tools-for-stm32.9-2020-q2-update.win32_1.5.0.202011040924/tools/bin/../lib/gcc/arm-none-eabi/9.3.1/thumb/v7-m/nofp/crtbegin.o

.rodata         0x00000000080011a8        0xc
                0x00000000080011a8                . = ALIGN (0x4)
 *(.rodata)
 .rodata        0x00000000080011a8        0xb Src/main.o
 *(.rodata*)
                0x00000000080011b4                . = ALIGN (0x4)
 *fill*         0x00000000080011b3        0x1 

.rel.dyn        0x00000000080011b4        0x0
 .rel.iplt      0x00000000080011b4        0x0 c:/st/stm32cubeide_1.6.1/stm32cubeide/plugins/com.st.stm32cube.ide.mcu.externaltools.gnu-tools-for-stm32.9-2020-q2-update.win32_1.5.0.202011040924/tools/bin/../lib/gcc/arm-none-eabi/9.3.1/thumb/v7-m/nofp/crtbegin.o

.ARM.extab      0x00000000080011b4        0x0
                0x00000000080011b4                . = ALIGN (0x4)
 *(.ARM.extab* .gnu.linkonce.armextab.*)
                0x00000000080011b4                . = ALIGN (0x4)

.ARM            0x00000000080011b4        0x0
                0x00000000080011b4                . = ALIGN (0x4)
                0x00000000080011b4                __exidx_start = .
 *(.ARM.exidx*)
                0x00000000080011b4                __exidx_end = .
                0x00000000080011b4                . = ALIGN (0x4)

.preinit_array  0x00000000080011b4        0x0
                0x00000000080011b4                . = ALIGN (0x4)
                0x00000000080011b4                PROVIDE (__preinit_array_start = .)
 *(.preinit_array*)
                0x00000000080011b4                PROVIDE (__preinit_array_end = .)
                0x00000000080011b4                . = ALIGN (0x4)

.init_array     0x00000000080011b4        0x4
                0x00000000080011b4                . = ALIGN (0x4)
                0x00000000080011b4                PROVIDE (__init_array_start = .)
 *(SORT_BY_NAME(.init_array.*))
 *(.init_array*)
 .init_array    0x00000000080011b4        0x4 c:/st/stm32cubeide_1.6.1/stm32cubeide/plugins/com.st.stm32cube.ide.mcu.externaltools.gnu-tools-for-stm32.9-2020-q2-update.win32_1.5.0.202011040924/tools/bin/../lib/gcc/arm-none-eabi/9.3.1/thumb/v7-m/nofp/crtbegin.o
                0x00000000080011b8                PROVIDE (__init_array_end = .)
                0x00000000080011b8                . = ALIGN (0x4)

.fini_array     0x00000000080011b8        0x4
                0x00000000080011b8                . = ALIGN (0x4)
                [!provide]                        PROVIDE (__fini_array_start = .)
 *(SORT_BY_NAME(.fini_array.*))
 *(.fini_array*)
 .fini_array    0x00000000080011b8        0x4 c:/st/stm32cubeide_1.6.1/stm32cubeide/plugins/com.st.stm32cube.ide.mcu.externaltools.gnu-tools-for-stm32.9-2020-q2-update.win32_1.5.0.202011040924/tools/bin/../lib/gcc/arm-none-eabi/9.3.1/thumb/v7-m/nofp/crtbegin.o
                [!provide]                        PROVIDE (__fini_array_end = .)
                0x00000000080011bc                . = ALIGN (0x4)
                0x00000000080011bc                _sidata = LOADADDR (.data)

.data           0x0000000020000000       0x30 load address 0x00000000080011bc
                0x0000000020000000                . = ALIGN (0x4)
                0x0000000020000000                _sdata = .
 *(.data)
 *(.data*)
 .data.name     0x0000000020000000       0x30 Src/main.o
                0x0000000020000000                name
 *(.RamFunc)
 *(.RamFunc*)
                0x0000000020000030                . = ALIGN (0x4)
                0x0000000020000030                _edata = .

.igot.plt       0x0000000020000030        0x0 load address 0x00000000080011ec
 .igot.plt      0x0000000020000030        0x0 c:/st/stm32cubeide_1.6.1/stm32cubeide/plugins/com.st.stm32cube.ide.mcu.externaltools.gnu-tools-for-stm32.9-2020-q2-update.win32_1.5.0.202011040924/tools/bin/../lib/gcc/arm-none-eabi/9.3.1/thumb/v7-m/nofp/crtbegin.o
                0x0000000020000030                . = ALIGN (0x4)

.bss            0x0000000020000030       0x64 load address 0x00000000080011ec
                0x0000000020000030                _sbss = .
                0x0000000020000030                __bss_start__ = _sbss
 *(.bss)
 .bss           0x0000000020000030       0x1c c:/st/stm32cubeide_1.6.1/stm32cubeide/plugins/com.st.stm32cube.ide.mcu.externaltools.gnu-tools-for-stm32.9-2020-q2-update.win32_1.5.0.202011040924/tools/bin/../lib/gcc/arm-none-eabi/9.3.1/thumb/v7-m/nofp/crtbegin.o
 *(.bss*)
 .bss.EXTI_CALLBACK
                0x000000002000004c       0x40 MCAL/MEXTI/MEXTI_prog.o
                0x000000002000004c                EXTI_CALLBACK
 .bss.STK_Callback
                0x000000002000008c        0x4 MCAL/MSTICK/MSTICK_prog.o
                0x000000002000008c                STK_Callback
 .bss.flag      0x0000000020000090        0x1 MCAL/MSTICK/MSTICK_prog.o
 .bss.copy_u8Intflag
                0x0000000020000091        0x1 Src/main.o
 *(COMMON)
                0x0000000020000094                . = ALIGN (0x4)
 *fill*         0x0000000020000092        0x2 
                0x0000000020000094                _ebss = .
                0x0000000020000094                __bss_end__ = _ebss

._user_heap_stack
                0x0000000020000094      0x604 load address 0x00000000080011ec
                0x0000000020000098                . = ALIGN (0x8)
 *fill*         0x0000000020000094        0x4 
                [!provide]                        PROVIDE (end = .)
                [!provide]                        PROVIDE (_end = .)
                0x0000000020000298                . = (. + _Min_Heap_Size)
 *fill*         0x0000000020000098      0x200 
                0x0000000020000698                . = (. + _Min_Stack_Size)
 *fill*         0x0000000020000298      0x400 
                0x0000000020000698                . = ALIGN (0x8)

/DISCARD/
 libc.a(*)
 libm.a(*)
 libgcc.a(*)

.ARM.attributes
                0x0000000000000000       0x29
 *(.ARM.attributes)
 .ARM.attributes
                0x0000000000000000       0x1d c:/st/stm32cubeide_1.6.1/stm32cubeide/plugins/com.st.stm32cube.ide.mcu.externaltools.gnu-tools-for-stm32.9-2020-q2-update.win32_1.5.0.202011040924/tools/bin/../lib/gcc/arm-none-eabi/9.3.1/thumb/v7-m/nofp/crti.o
 .ARM.attributes
                0x000000000000001d       0x2d c:/st/stm32cubeide_1.6.1/stm32cubeide/plugins/com.st.stm32cube.ide.mcu.externaltools.gnu-tools-for-stm32.9-2020-q2-update.win32_1.5.0.202011040924/tools/bin/../lib/gcc/arm-none-eabi/9.3.1/thumb/v7-m/nofp/crtbegin.o
 .ARM.attributes
                0x000000000000004a       0x2d HAL/HLEDMRX/HLEDMRX_prog.o
 .ARM.attributes
                0x0000000000000077       0x2d HAL/HPB/HPB_prog.o
 .ARM.attributes
                0x00000000000000a4       0x2d MCAL/MAFIO/MAFIO_prog.o
 .ARM.attributes
                0x00000000000000d1       0x2d MCAL/MEXTI/MEXTI_prog.o
 .ARM.attributes
                0x00000000000000fe       0x2d MCAL/MGPIO/MGPIO_prog.o
 .ARM.attributes
                0x000000000000012b       0x2d MCAL/MNVIC/MNVIC_prog.o
 .ARM.attributes
                0x0000000000000158       0x2d MCAL/MRCC/MRCC_prog.o
 .ARM.attributes
                0x0000000000000185       0x2d MCAL/MSTICK/MSTICK_prog.o
 .ARM.attributes
                0x00000000000001b2       0x2d Src/main.o
 .ARM.attributes
                0x00000000000001df       0x21 Startup/startup_stm32f103c8tx.o
 .ARM.attributes
                0x0000000000000200       0x2d c:/st/stm32cubeide_1.6.1/stm32cubeide/plugins/com.st.stm32cube.ide.mcu.externaltools.gnu-tools-for-stm32.9-2020-q2-update.win32_1.5.0.202011040924/tools/bin/../lib/gcc/arm-none-eabi/9.3.1/../../../../arm-none-eabi/lib/thumb/v7-m/nofp\libc_nano.a(lib_a-init.o)
 .ARM.attributes
                0x000000000000022d       0x1d c:/st/stm32cubeide_1.6.1/stm32cubeide/plugins/com.st.stm32cube.ide.mcu.externaltools.gnu-tools-for-stm32.9-2020-q2-update.win32_1.5.0.202011040924/tools/bin/../lib/gcc/arm-none-eabi/9.3.1/thumb/v7-m/nofp/crtn.o
OUTPUT(EXTI_MATRIX-LAB.elf elf32-littlearm)
LOAD linker stubs
LOAD c:/st/stm32cubeide_1.6.1/stm32cubeide/plugins/com.st.stm32cube.ide.mcu.externaltools.gnu-tools-for-stm32.9-2020-q2-update.win32_1.5.0.202011040924/tools/bin/../lib/gcc/arm-none-eabi/9.3.1/../../../../arm-none-eabi/lib/thumb/v7-m/nofp\libc.a
LOAD c:/st/stm32cubeide_1.6.1/stm32cubeide/plugins/com.st.stm32cube.ide.mcu.externaltools.gnu-tools-for-stm32.9-2020-q2-update.win32_1.5.0.202011040924/tools/bin/../lib/gcc/arm-none-eabi/9.3.1/../../../../arm-none-eabi/lib/thumb/v7-m/nofp\libm.a
LOAD c:/st/stm32cubeide_1.6.1/stm32cubeide/plugins/com.st.stm32cube.ide.mcu.externaltools.gnu-tools-for-stm32.9-2020-q2-update.win32_1.5.0.202011040924/tools/bin/../lib/gcc/arm-none-eabi/9.3.1/thumb/v7-m/nofp\libgcc.a

.debug_info     0x0000000000000000     0x20da
 .debug_info    0x0000000000000000      0x326 HAL/HLEDMRX/HLEDMRX_prog.o
 .debug_info    0x0000000000000326      0x304 HAL/HPB/HPB_prog.o
 .debug_info    0x000000000000062a      0x1d1 MCAL/MAFIO/MAFIO_prog.o
 .debug_info    0x00000000000007fb      0x35d MCAL/MEXTI/MEXTI_prog.o
 .debug_info    0x0000000000000b58      0x580 MCAL/MGPIO/MGPIO_prog.o
 .debug_info    0x00000000000010d8      0x53d MCAL/MNVIC/MNVIC_prog.o
 .debug_info    0x0000000000001615      0x28e MCAL/MRCC/MRCC_prog.o
 .debug_info    0x00000000000018a3      0x2c6 MCAL/MSTICK/MSTICK_prog.o
 .debug_info    0x0000000000001b69      0x54f Src/main.o
 .debug_info    0x00000000000020b8       0x22 Startup/startup_stm32f103c8tx.o

.debug_abbrev   0x0000000000000000      0x94b
 .debug_abbrev  0x0000000000000000       0xfe HAL/HLEDMRX/HLEDMRX_prog.o
 .debug_abbrev  0x00000000000000fe       0xea HAL/HPB/HPB_prog.o
 .debug_abbrev  0x00000000000001e8       0xd3 MCAL/MAFIO/MAFIO_prog.o
 .debug_abbrev  0x00000000000002bb      0x138 MCAL/MEXTI/MEXTI_prog.o
 .debug_abbrev  0x00000000000003f3      0x12a MCAL/MGPIO/MGPIO_prog.o
 .debug_abbrev  0x000000000000051d      0x10b MCAL/MNVIC/MNVIC_prog.o
 .debug_abbrev  0x0000000000000628       0xe1 MCAL/MRCC/MRCC_prog.o
 .debug_abbrev  0x0000000000000709      0x11e MCAL/MSTICK/MSTICK_prog.o
 .debug_abbrev  0x0000000000000827      0x112 Src/main.o
 .debug_abbrev  0x0000000000000939       0x12 Startup/startup_stm32f103c8tx.o

.debug_aranges  0x0000000000000000      0x2a8
 .debug_aranges
                0x0000000000000000       0x38 HAL/HLEDMRX/HLEDMRX_prog.o
 .debug_aranges
                0x0000000000000038       0x28 HAL/HPB/HPB_prog.o
 .debug_aranges
                0x0000000000000060       0x20 MCAL/MAFIO/MAFIO_prog.o
 .debug_aranges
                0x0000000000000080       0x88 MCAL/MEXTI/MEXTI_prog.o
 .debug_aranges
                0x0000000000000108       0x58 MCAL/MGPIO/MGPIO_prog.o
 .debug_aranges
                0x0000000000000160       0x58 MCAL/MNVIC/MNVIC_prog.o
 .debug_aranges
                0x00000000000001b8       0x30 MCAL/MRCC/MRCC_prog.o
 .debug_aranges
                0x00000000000001e8       0x58 MCAL/MSTICK/MSTICK_prog.o
 .debug_aranges
                0x0000000000000240       0x40 Src/main.o
 .debug_aranges
                0x0000000000000280       0x28 Startup/startup_stm32f103c8tx.o

.debug_ranges   0x0000000000000000      0x210
 .debug_ranges  0x0000000000000000       0x28 HAL/HLEDMRX/HLEDMRX_prog.o
 .debug_ranges  0x0000000000000028       0x18 HAL/HPB/HPB_prog.o
 .debug_ranges  0x0000000000000040       0x10 MCAL/MAFIO/MAFIO_prog.o
 .debug_ranges  0x0000000000000050       0x78 MCAL/MEXTI/MEXTI_prog.o
 .debug_ranges  0x00000000000000c8       0x48 MCAL/MGPIO/MGPIO_prog.o
 .debug_ranges  0x0000000000000110       0x48 MCAL/MNVIC/MNVIC_prog.o
 .debug_ranges  0x0000000000000158       0x20 MCAL/MRCC/MRCC_prog.o
 .debug_ranges  0x0000000000000178       0x48 MCAL/MSTICK/MSTICK_prog.o
 .debug_ranges  0x00000000000001c0       0x30 Src/main.o
 .debug_ranges  0x00000000000001f0       0x20 Startup/startup_stm32f103c8tx.o

.debug_macro    0x0000000000000000     0x11cd
 .debug_macro   0x0000000000000000       0x72 HAL/HLEDMRX/HLEDMRX_prog.o
 .debug_macro   0x0000000000000072      0xaa2 HAL/HLEDMRX/HLEDMRX_prog.o
 .debug_macro   0x0000000000000b14       0x10 HAL/HLEDMRX/HLEDMRX_prog.o
 .debug_macro   0x0000000000000b24       0x22 HAL/HLEDMRX/HLEDMRX_prog.o
 .debug_macro   0x0000000000000b46       0x78 HAL/HLEDMRX/HLEDMRX_prog.o
 .debug_macro   0x0000000000000bbe       0x4c HAL/HPB/HPB_prog.o
 .debug_macro   0x0000000000000c0a       0x71 MCAL/MAFIO/MAFIO_prog.o
 .debug_macro   0x0000000000000c7b       0x7c MCAL/MAFIO/MAFIO_prog.o
 .debug_macro   0x0000000000000cf7       0x66 MCAL/MEXTI/MEXTI_prog.o
 .debug_macro   0x0000000000000d5d       0x16 MCAL/MEXTI/MEXTI_prog.o
 .debug_macro   0x0000000000000d73       0x5d MCAL/MGPIO/MGPIO_prog.o
 .debug_macro   0x0000000000000dd0       0x40 MCAL/MGPIO/MGPIO_prog.o
 .debug_macro   0x0000000000000e10       0x5c MCAL/MNVIC/MNVIC_prog.o
 .debug_macro   0x0000000000000e6c       0x10 MCAL/MNVIC/MNVIC_prog.o
 .debug_macro   0x0000000000000e7c       0x34 MCAL/MNVIC/MNVIC_prog.o
 .debug_macro   0x0000000000000eb0       0x52 MCAL/MRCC/MRCC_prog.o
 .debug_macro   0x0000000000000f02       0x40 MCAL/MRCC/MRCC_prog.o
 .debug_macro   0x0000000000000f42      0x17e MCAL/MRCC/MRCC_prog.o
 .debug_macro   0x00000000000010c0       0x5c MCAL/MSTICK/MSTICK_prog.o
 .debug_macro   0x000000000000111c       0x10 MCAL/MSTICK/MSTICK_prog.o
 .debug_macro   0x000000000000112c       0x2e MCAL/MSTICK/MSTICK_prog.o
 .debug_macro   0x000000000000115a       0x73 Src/main.o

.debug_line     0x0000000000000000     0x1ec6
 .debug_line    0x0000000000000000      0x369 HAL/HLEDMRX/HLEDMRX_prog.o
 .debug_line    0x0000000000000369      0x1b7 HAL/HPB/HPB_prog.o
 .debug_line    0x0000000000000520      0x280 MCAL/MAFIO/MAFIO_prog.o
 .debug_line    0x00000000000007a0      0x451 MCAL/MEXTI/MEXTI_prog.o
 .debug_line    0x0000000000000bf1      0x602 MCAL/MGPIO/MGPIO_prog.o
 .debug_line    0x00000000000011f3      0x301 MCAL/MNVIC/MNVIC_prog.o
 .debug_line    0x00000000000014f4      0x19b MCAL/MRCC/MRCC_prog.o
 .debug_line    0x000000000000168f      0x2bb MCAL/MSTICK/MSTICK_prog.o
 .debug_line    0x000000000000194a      0x4f8 Src/main.o
 .debug_line    0x0000000000001e42       0x84 Startup/startup_stm32f103c8tx.o

.debug_str      0x0000000000000000     0x4a4c
 .debug_str     0x0000000000000000     0x33cb HAL/HLEDMRX/HLEDMRX_prog.o
                                       0x3456 (size before relaxing)
 .debug_str     0x00000000000033cb       0xf3 HAL/HPB/HPB_prog.o
                                       0x30ab (size before relaxing)
 .debug_str     0x00000000000034be      0x28a MCAL/MAFIO/MAFIO_prog.o
                                       0x345b (size before relaxing)
 .debug_str     0x0000000000003748      0x1e1 MCAL/MEXTI/MEXTI_prog.o
                                       0x34fe (size before relaxing)
 .debug_str     0x0000000000003929      0x257 MCAL/MGPIO/MGPIO_prog.o
                                       0x35a3 (size before relaxing)
 .debug_str     0x0000000000003b80      0x4ca MCAL/MNVIC/MNVIC_prog.o
                                       0x36bb (size before relaxing)
 .debug_str     0x000000000000404a      0x715 MCAL/MRCC/MRCC_prog.o
                                       0x38f2 (size before relaxing)
 .debug_str     0x000000000000475f      0x1f7 MCAL/MSTICK/MSTICK_prog.o
                                       0x33fc (size before relaxing)
 .debug_str     0x0000000000004956       0x70 Src/main.o
                                       0x33f5 (size before relaxing)
 .debug_str     0x00000000000049c6       0x86 Startup/startup_stm32f103c8tx.o

.comment        0x0000000000000000       0x53
 .comment       0x0000000000000000       0x53 HAL/HLEDMRX/HLEDMRX_prog.o
                                         0x54 (size before relaxing)
 .comment       0x0000000000000053       0x54 HAL/HPB/HPB_prog.o
 .comment       0x0000000000000053       0x54 MCAL/MAFIO/MAFIO_prog.o
 .comment       0x0000000000000053       0x54 MCAL/MEXTI/MEXTI_prog.o
 .comment       0x0000000000000053       0x54 MCAL/MGPIO/MGPIO_prog.o
 .comment       0x0000000000000053       0x54 MCAL/MNVIC/MNVIC_prog.o
 .comment       0x0000000000000053       0x54 MCAL/MRCC/MRCC_prog.o
 .comment       0x0000000000000053       0x54 MCAL/MSTICK/MSTICK_prog.o
 .comment       0x0000000000000053       0x54 Src/main.o

.debug_frame    0x0000000000000000      0x82c
 .debug_frame   0x0000000000000000       0x98 HAL/HLEDMRX/HLEDMRX_prog.o
 .debug_frame   0x0000000000000098       0x58 HAL/HPB/HPB_prog.o
 .debug_frame   0x00000000000000f0       0x38 MCAL/MAFIO/MAFIO_prog.o
 .debug_frame   0x0000000000000128      0x1e4 MCAL/MEXTI/MEXTI_prog.o
 .debug_frame   0x000000000000030c      0x150 MCAL/MGPIO/MGPIO_prog.o
 .debug_frame   0x000000000000045c      0x148 MCAL/MNVIC/MNVIC_prog.o
 .debug_frame   0x00000000000005a4       0x80 MCAL/MRCC/MRCC_prog.o
 .debug_frame   0x0000000000000624      0x13c MCAL/MSTICK/MSTICK_prog.o
 .debug_frame   0x0000000000000760       0xa0 Src/main.o
 .debug_frame   0x0000000000000800       0x2c c:/st/stm32cubeide_1.6.1/stm32cubeide/plugins/com.st.stm32cube.ide.mcu.externaltools.gnu-tools-for-stm32.9-2020-q2-update.win32_1.5.0.202011040924/tools/bin/../lib/gcc/arm-none-eabi/9.3.1/../../../../arm-none-eabi/lib/thumb/v7-m/nofp\libc_nano.a(lib_a-init.o)
