Archive member included to satisfy reference by file (symbol)

c:/st/stm32cubeide_1.6.1/stm32cubeide/plugins/com.st.stm32cube.ide.mcu.externaltools.gnu-tools-for-stm32.9-2020-q2-update.win32_1.5.0.202011040924/tools/bin/../lib/gcc/arm-none-eabi/9.3.1/../../../../arm-none-eabi/lib/thumb/v7-m/nofp\libc_nano.a(lib_a-exit.o)
                              c:/st/stm32cubeide_1.6.1/stm32cubeide/plugins/com.st.stm32cube.ide.mcu.externaltools.gnu-tools-for-stm32.9-2020-q2-update.win32_1.5.0.202011040924/tools/bin/../lib/gcc/arm-none-eabi/9.3.1/../../../../arm-none-eabi/lib/thumb/v7-m/nofp/crt0.o (exit)
c:/st/stm32cubeide_1.6.1/stm32cubeide/plugins/com.st.stm32cube.ide.mcu.externaltools.gnu-tools-for-stm32.9-2020-q2-update.win32_1.5.0.202011040924/tools/bin/../lib/gcc/arm-none-eabi/9.3.1/../../../../arm-none-eabi/lib/thumb/v7-m/nofp\libc_nano.a(lib_a-impure.o)
                              c:/st/stm32cubeide_1.6.1/stm32cubeide/plugins/com.st.stm32cube.ide.mcu.externaltools.gnu-tools-for-stm32.9-2020-q2-update.win32_1.5.0.202011040924/tools/bin/../lib/gcc/arm-none-eabi/9.3.1/../../../../arm-none-eabi/lib/thumb/v7-m/nofp\libc_nano.a(lib_a-exit.o) (_global_impure_ptr)
c:/st/stm32cubeide_1.6.1/stm32cubeide/plugins/com.st.stm32cube.ide.mcu.externaltools.gnu-tools-for-stm32.9-2020-q2-update.win32_1.5.0.202011040924/tools/bin/../lib/gcc/arm-none-eabi/9.3.1/../../../../arm-none-eabi/lib/thumb/v7-m/nofp\libc_nano.a(lib_a-init.o)
                              c:/st/stm32cubeide_1.6.1/stm32cubeide/plugins/com.st.stm32cube.ide.mcu.externaltools.gnu-tools-for-stm32.9-2020-q2-update.win32_1.5.0.202011040924/tools/bin/../lib/gcc/arm-none-eabi/9.3.1/../../../../arm-none-eabi/lib/thumb/v7-m/nofp/crt0.o (__libc_init_array)
c:/st/stm32cubeide_1.6.1/stm32cubeide/plugins/com.st.stm32cube.ide.mcu.externaltools.gnu-tools-for-stm32.9-2020-q2-update.win32_1.5.0.202011040924/tools/bin/../lib/gcc/arm-none-eabi/9.3.1/../../../../arm-none-eabi/lib/thumb/v7-m/nofp\libc_nano.a(lib_a-memset.o)
                              c:/st/stm32cubeide_1.6.1/stm32cubeide/plugins/com.st.stm32cube.ide.mcu.externaltools.gnu-tools-for-stm32.9-2020-q2-update.win32_1.5.0.202011040924/tools/bin/../lib/gcc/arm-none-eabi/9.3.1/../../../../arm-none-eabi/lib/thumb/v7-m/nofp/crt0.o (memset)
c:/st/stm32cubeide_1.6.1/stm32cubeide/plugins/com.st.stm32cube.ide.mcu.externaltools.gnu-tools-for-stm32.9-2020-q2-update.win32_1.5.0.202011040924/tools/bin/../lib/gcc/arm-none-eabi/9.3.1/../../../../arm-none-eabi/lib/thumb/v7-m/nofp\libnosys.a(_exit.o)
                              c:/st/stm32cubeide_1.6.1/stm32cubeide/plugins/com.st.stm32cube.ide.mcu.externaltools.gnu-tools-for-stm32.9-2020-q2-update.win32_1.5.0.202011040924/tools/bin/../lib/gcc/arm-none-eabi/9.3.1/../../../../arm-none-eabi/lib/thumb/v7-m/nofp\libc_nano.a(lib_a-exit.o) (_exit)

Discarded input sections

 .text          0x0000000000000000        0x0 c:/st/stm32cubeide_1.6.1/stm32cubeide/plugins/com.st.stm32cube.ide.mcu.externaltools.gnu-tools-for-stm32.9-2020-q2-update.win32_1.5.0.202011040924/tools/bin/../lib/gcc/arm-none-eabi/9.3.1/thumb/v7-m/nofp/crti.o
 .data          0x0000000000000000        0x0 c:/st/stm32cubeide_1.6.1/stm32cubeide/plugins/com.st.stm32cube.ide.mcu.externaltools.gnu-tools-for-stm32.9-2020-q2-update.win32_1.5.0.202011040924/tools/bin/../lib/gcc/arm-none-eabi/9.3.1/thumb/v7-m/nofp/crti.o
 .bss           0x0000000000000000        0x0 c:/st/stm32cubeide_1.6.1/stm32cubeide/plugins/com.st.stm32cube.ide.mcu.externaltools.gnu-tools-for-stm32.9-2020-q2-update.win32_1.5.0.202011040924/tools/bin/../lib/gcc/arm-none-eabi/9.3.1/thumb/v7-m/nofp/crti.o
 .data          0x0000000000000000        0x4 c:/st/stm32cubeide_1.6.1/stm32cubeide/plugins/com.st.stm32cube.ide.mcu.externaltools.gnu-tools-for-stm32.9-2020-q2-update.win32_1.5.0.202011040924/tools/bin/../lib/gcc/arm-none-eabi/9.3.1/thumb/v7-m/nofp/crtbegin.o
 .text          0x0000000000000000       0x7c c:/st/stm32cubeide_1.6.1/stm32cubeide/plugins/com.st.stm32cube.ide.mcu.externaltools.gnu-tools-for-stm32.9-2020-q2-update.win32_1.5.0.202011040924/tools/bin/../lib/gcc/arm-none-eabi/9.3.1/../../../../arm-none-eabi/lib/thumb/v7-m/nofp/crt0.o
 .data          0x0000000000000000        0x0 c:/st/stm32cubeide_1.6.1/stm32cubeide/plugins/com.st.stm32cube.ide.mcu.externaltools.gnu-tools-for-stm32.9-2020-q2-update.win32_1.5.0.202011040924/tools/bin/../lib/gcc/arm-none-eabi/9.3.1/../../../../arm-none-eabi/lib/thumb/v7-m/nofp/crt0.o
 .bss           0x0000000000000000        0x0 c:/st/stm32cubeide_1.6.1/stm32cubeide/plugins/com.st.stm32cube.ide.mcu.externaltools.gnu-tools-for-stm32.9-2020-q2-update.win32_1.5.0.202011040924/tools/bin/../lib/gcc/arm-none-eabi/9.3.1/../../../../arm-none-eabi/lib/thumb/v7-m/nofp/crt0.o
 .ARM.extab     0x0000000000000000        0x0 c:/st/stm32cubeide_1.6.1/stm32cubeide/plugins/com.st.stm32cube.ide.mcu.externaltools.gnu-tools-for-stm32.9-2020-q2-update.win32_1.5.0.202011040924/tools/bin/../lib/gcc/arm-none-eabi/9.3.1/../../../../arm-none-eabi/lib/thumb/v7-m/nofp/crt0.o
 .ARM.exidx     0x0000000000000000       0x10 c:/st/stm32cubeide_1.6.1/stm32cubeide/plugins/com.st.stm32cube.ide.mcu.externaltools.gnu-tools-for-stm32.9-2020-q2-update.win32_1.5.0.202011040924/tools/bin/../lib/gcc/arm-none-eabi/9.3.1/../../../../arm-none-eabi/lib/thumb/v7-m/nofp/crt0.o
 .ARM.attributes
                0x0000000000000000       0x1b c:/st/stm32cubeide_1.6.1/stm32cubeide/plugins/com.st.stm32cube.ide.mcu.externaltools.gnu-tools-for-stm32.9-2020-q2-update.win32_1.5.0.202011040924/tools/bin/../lib/gcc/arm-none-eabi/9.3.1/../../../../arm-none-eabi/lib/thumb/v7-m/nofp/crt0.o
 .group         0x0000000000000000        0xc HAL/HLED/HLED_prog.o
 .group         0x0000000000000000        0xc HAL/HLED/HLED_prog.o
 .group         0x0000000000000000        0xc HAL/HLED/HLED_prog.o
 .group         0x0000000000000000        0xc HAL/HLED/HLED_prog.o
 .text          0x0000000000000000        0x0 HAL/HLED/HLED_prog.o
 .data          0x0000000000000000        0x0 HAL/HLED/HLED_prog.o
 .bss           0x0000000000000000        0x0 HAL/HLED/HLED_prog.o
 .text.HLED_enInit
                0x0000000000000000       0x26 HAL/HLED/HLED_prog.o
 .text.HLED_enToggle
                0x0000000000000000       0x26 HAL/HLED/HLED_prog.o
 .group         0x0000000000000000        0xc HAL/HPB/HPB_prog.o
 .group         0x0000000000000000        0xc HAL/HPB/HPB_prog.o
 .text          0x0000000000000000        0x0 HAL/HPB/HPB_prog.o
 .data          0x0000000000000000        0x0 HAL/HPB/HPB_prog.o
 .bss           0x0000000000000000        0x0 HAL/HPB/HPB_prog.o
 .text.HPB_enRead
                0x0000000000000000       0x82 HAL/HPB/HPB_prog.o
 .debug_macro   0x0000000000000000      0xaa2 HAL/HPB/HPB_prog.o
 .debug_macro   0x0000000000000000       0x10 HAL/HPB/HPB_prog.o
 .group         0x0000000000000000        0xc MCAL/MAFIO/MAFIO_prog.o
 .group         0x0000000000000000        0xc MCAL/MAFIO/MAFIO_prog.o
 .group         0x0000000000000000        0xc MCAL/MAFIO/MAFIO_prog.o
 .group         0x0000000000000000        0xc MCAL/MAFIO/MAFIO_prog.o
 .group         0x0000000000000000        0xc MCAL/MAFIO/MAFIO_prog.o
 .text          0x0000000000000000        0x0 MCAL/MAFIO/MAFIO_prog.o
 .data          0x0000000000000000        0x0 MCAL/MAFIO/MAFIO_prog.o
 .bss           0x0000000000000000        0x0 MCAL/MAFIO/MAFIO_prog.o
 .text.MAFIO_enSetEXTIConfig
                0x0000000000000000       0xb0 MCAL/MAFIO/MAFIO_prog.o
 .debug_info    0x0000000000000000      0x1d1 MCAL/MAFIO/MAFIO_prog.o
 .debug_abbrev  0x0000000000000000       0xd3 MCAL/MAFIO/MAFIO_prog.o
 .debug_aranges
                0x0000000000000000       0x20 MCAL/MAFIO/MAFIO_prog.o
 .debug_ranges  0x0000000000000000       0x10 MCAL/MAFIO/MAFIO_prog.o
 .debug_macro   0x0000000000000000       0x71 MCAL/MAFIO/MAFIO_prog.o
 .debug_macro   0x0000000000000000      0xaa2 MCAL/MAFIO/MAFIO_prog.o
 .debug_macro   0x0000000000000000       0x10 MCAL/MAFIO/MAFIO_prog.o
 .debug_macro   0x0000000000000000       0x22 MCAL/MAFIO/MAFIO_prog.o
 .debug_macro   0x0000000000000000       0x78 MCAL/MAFIO/MAFIO_prog.o
 .debug_macro   0x0000000000000000       0x7c MCAL/MAFIO/MAFIO_prog.o
 .debug_line    0x0000000000000000      0x229 MCAL/MAFIO/MAFIO_prog.o
 .debug_str     0x0000000000000000     0x3446 MCAL/MAFIO/MAFIO_prog.o
 .comment       0x0000000000000000       0x54 MCAL/MAFIO/MAFIO_prog.o
 .debug_frame   0x0000000000000000       0x38 MCAL/MAFIO/MAFIO_prog.o
 .ARM.attributes
                0x0000000000000000       0x2d MCAL/MAFIO/MAFIO_prog.o
 .group         0x0000000000000000        0xc MCAL/MEXTI/MEXTI_prog.o
 .group         0x0000000000000000        0xc MCAL/MEXTI/MEXTI_prog.o
 .group         0x0000000000000000        0xc MCAL/MEXTI/MEXTI_prog.o
 .group         0x0000000000000000        0xc MCAL/MEXTI/MEXTI_prog.o
 .group         0x0000000000000000        0xc MCAL/MEXTI/MEXTI_prog.o
 .group         0x0000000000000000        0xc MCAL/MEXTI/MEXTI_prog.o
 .text          0x0000000000000000        0x0 MCAL/MEXTI/MEXTI_prog.o
 .data          0x0000000000000000        0x0 MCAL/MEXTI/MEXTI_prog.o
 .bss           0x0000000000000000        0x0 MCAL/MEXTI/MEXTI_prog.o
 .text.MEXTI_enEnable
                0x0000000000000000       0x40 MCAL/MEXTI/MEXTI_prog.o
 .text.MEXTI_enDisable
                0x0000000000000000       0x40 MCAL/MEXTI/MEXTI_prog.o
 .text.MEXTI_enSWInterrupt
                0x0000000000000000       0x54 MCAL/MEXTI/MEXTI_prog.o
 .text.MEXTI_enSetLatch
                0x0000000000000000       0xb4 MCAL/MEXTI/MEXTI_prog.o
 .debug_macro   0x0000000000000000      0xaa2 MCAL/MEXTI/MEXTI_prog.o
 .debug_macro   0x0000000000000000       0x10 MCAL/MEXTI/MEXTI_prog.o
 .debug_macro   0x0000000000000000       0x22 MCAL/MEXTI/MEXTI_prog.o
 .debug_macro   0x0000000000000000       0x78 MCAL/MEXTI/MEXTI_prog.o
 .debug_macro   0x0000000000000000       0x7c MCAL/MEXTI/MEXTI_prog.o
 .group         0x0000000000000000        0xc MCAL/MGPIO/MGPIO_prog.o
 .group         0x0000000000000000        0xc MCAL/MGPIO/MGPIO_prog.o
 .group         0x0000000000000000        0xc MCAL/MGPIO/MGPIO_prog.o
 .group         0x0000000000000000        0xc MCAL/MGPIO/MGPIO_prog.o
 .group         0x0000000000000000        0xc MCAL/MGPIO/MGPIO_prog.o
 .text          0x0000000000000000        0x0 MCAL/MGPIO/MGPIO_prog.o
 .data          0x0000000000000000        0x0 MCAL/MGPIO/MGPIO_prog.o
 .bss           0x0000000000000000        0x0 MCAL/MGPIO/MGPIO_prog.o
 .text.MGPIO_enTogglePin
                0x0000000000000000       0x88 MCAL/MGPIO/MGPIO_prog.o
 .text.MGPIO_enGetPinValue
                0x0000000000000000       0x90 MCAL/MGPIO/MGPIO_prog.o
 .text.MGPIO_enSetResetPin
                0x0000000000000000       0xc8 MCAL/MGPIO/MGPIO_prog.o
 .text.MGPIO_enLockPin
                0x0000000000000000      0x1a0 MCAL/MGPIO/MGPIO_prog.o
 .debug_macro   0x0000000000000000      0xaa2 MCAL/MGPIO/MGPIO_prog.o
 .debug_macro   0x0000000000000000       0x10 MCAL/MGPIO/MGPIO_prog.o
 .debug_macro   0x0000000000000000       0x22 MCAL/MGPIO/MGPIO_prog.o
 .debug_macro   0x0000000000000000       0x78 MCAL/MGPIO/MGPIO_prog.o
 .group         0x0000000000000000        0xc MCAL/MNVIC/MNVIC_prog.o
 .group         0x0000000000000000        0xc MCAL/MNVIC/MNVIC_prog.o
 .group         0x0000000000000000        0xc MCAL/MNVIC/MNVIC_prog.o
 .group         0x0000000000000000        0xc MCAL/MNVIC/MNVIC_prog.o
 .group         0x0000000000000000        0xc MCAL/MNVIC/MNVIC_prog.o
 .group         0x0000000000000000        0xc MCAL/MNVIC/MNVIC_prog.o
 .text          0x0000000000000000        0x0 MCAL/MNVIC/MNVIC_prog.o
 .data          0x0000000000000000        0x0 MCAL/MNVIC/MNVIC_prog.o
 .bss           0x0000000000000000        0x0 MCAL/MNVIC/MNVIC_prog.o
 .text.MNVIC_enDisableInt
                0x0000000000000000       0x50 MCAL/MNVIC/MNVIC_prog.o
 .text.MNVIC_enSetPendingFlag
                0x0000000000000000       0x50 MCAL/MNVIC/MNVIC_prog.o
 .text.MNVIC_enClrPendingFlag
                0x0000000000000000       0x50 MCAL/MNVIC/MNVIC_prog.o
 .text.MNVIC_enGetPendingFlag
                0x0000000000000000       0x6c MCAL/MNVIC/MNVIC_prog.o
 .text.MNVIC_enGetActiveFlag
                0x0000000000000000       0x6c MCAL/MNVIC/MNVIC_prog.o
 .text.MNVIC_enSetPriority
                0x0000000000000000       0xac MCAL/MNVIC/MNVIC_prog.o
 .debug_macro   0x0000000000000000      0xaa2 MCAL/MNVIC/MNVIC_prog.o
 .debug_macro   0x0000000000000000       0x10 MCAL/MNVIC/MNVIC_prog.o
 .debug_macro   0x0000000000000000       0x22 MCAL/MNVIC/MNVIC_prog.o
 .debug_macro   0x0000000000000000       0x78 MCAL/MNVIC/MNVIC_prog.o
 .group         0x0000000000000000        0xc MCAL/MRCC/MRCC_prog.o
 .group         0x0000000000000000        0xc MCAL/MRCC/MRCC_prog.o
 .group         0x0000000000000000        0xc MCAL/MRCC/MRCC_prog.o
 .group         0x0000000000000000        0xc MCAL/MRCC/MRCC_prog.o
 .group         0x0000000000000000        0xc MCAL/MRCC/MRCC_prog.o
 .group         0x0000000000000000        0xc MCAL/MRCC/MRCC_prog.o
 .text          0x0000000000000000        0x0 MCAL/MRCC/MRCC_prog.o
 .data          0x0000000000000000        0x0 MCAL/MRCC/MRCC_prog.o
 .bss           0x0000000000000000        0x0 MCAL/MRCC/MRCC_prog.o
 .text.MRCC_enDisablePeripheralCLK
                0x0000000000000000       0x88 MCAL/MRCC/MRCC_prog.o
 .debug_macro   0x0000000000000000      0xaa2 MCAL/MRCC/MRCC_prog.o
 .debug_macro   0x0000000000000000       0x10 MCAL/MRCC/MRCC_prog.o
 .debug_macro   0x0000000000000000       0x22 MCAL/MRCC/MRCC_prog.o
 .debug_macro   0x0000000000000000       0x78 MCAL/MRCC/MRCC_prog.o
 .group         0x0000000000000000        0xc MCAL/MSTICK/MSTICK_prog.o
 .group         0x0000000000000000        0xc MCAL/MSTICK/MSTICK_prog.o
 .group         0x0000000000000000        0xc MCAL/MSTICK/MSTICK_prog.o
 .group         0x0000000000000000        0xc MCAL/MSTICK/MSTICK_prog.o
 .group         0x0000000000000000        0xc MCAL/MSTICK/MSTICK_prog.o
 .group         0x0000000000000000        0xc MCAL/MSTICK/MSTICK_prog.o
 .text          0x0000000000000000        0x0 MCAL/MSTICK/MSTICK_prog.o
 .data          0x0000000000000000        0x0 MCAL/MSTICK/MSTICK_prog.o
 .bss           0x0000000000000000        0x0 MCAL/MSTICK/MSTICK_prog.o
 .text.MSTK_enSetIntervalSingle
                0x0000000000000000       0x5c MCAL/MSTICK/MSTICK_prog.o
 .text.MSTK_enSetIntervalPeriodic
                0x0000000000000000       0x5c MCAL/MSTICK/MSTICK_prog.o
 .text.MSTK_enGetElapsedTime
                0x0000000000000000       0x38 MCAL/MSTICK/MSTICK_prog.o
 .text.MSTK_enRemainingValue
                0x0000000000000000       0x30 MCAL/MSTICK/MSTICK_prog.o
 .text.STK_enStop
                0x0000000000000000       0x20 MCAL/MSTICK/MSTICK_prog.o
 .debug_macro   0x0000000000000000      0xaa2 MCAL/MSTICK/MSTICK_prog.o
 .debug_macro   0x0000000000000000       0x10 MCAL/MSTICK/MSTICK_prog.o
 .debug_macro   0x0000000000000000       0x22 MCAL/MSTICK/MSTICK_prog.o
 .debug_macro   0x0000000000000000       0x78 MCAL/MSTICK/MSTICK_prog.o
 .group         0x0000000000000000        0xc Src/main.o
 .group         0x0000000000000000        0xc Src/main.o
 .group         0x0000000000000000        0xc Src/main.o
 .text          0x0000000000000000        0x0 Src/main.o
 .data          0x0000000000000000        0x0 Src/main.o
 .bss           0x0000000000000000        0x0 Src/main.o
 .debug_macro   0x0000000000000000      0xaa2 Src/main.o
 .debug_macro   0x0000000000000000       0x10 Src/main.o
 .debug_macro   0x0000000000000000       0x7c Src/main.o
 .text          0x0000000000000000       0x14 Startup/startup_stm32f103c8tx.o
 .data          0x0000000000000000        0x0 Startup/startup_stm32f103c8tx.o
 .bss           0x0000000000000000        0x0 Startup/startup_stm32f103c8tx.o
 .text          0x0000000000000000        0x0 c:/st/stm32cubeide_1.6.1/stm32cubeide/plugins/com.st.stm32cube.ide.mcu.externaltools.gnu-tools-for-stm32.9-2020-q2-update.win32_1.5.0.202011040924/tools/bin/../lib/gcc/arm-none-eabi/9.3.1/../../../../arm-none-eabi/lib/thumb/v7-m/nofp\libc_nano.a(lib_a-exit.o)
 .data          0x0000000000000000        0x0 c:/st/stm32cubeide_1.6.1/stm32cubeide/plugins/com.st.stm32cube.ide.mcu.externaltools.gnu-tools-for-stm32.9-2020-q2-update.win32_1.5.0.202011040924/tools/bin/../lib/gcc/arm-none-eabi/9.3.1/../../../../arm-none-eabi/lib/thumb/v7-m/nofp\libc_nano.a(lib_a-exit.o)
 .bss           0x0000000000000000        0x0 c:/st/stm32cubeide_1.6.1/stm32cubeide/plugins/com.st.stm32cube.ide.mcu.externaltools.gnu-tools-for-stm32.9-2020-q2-update.win32_1.5.0.202011040924/tools/bin/../lib/gcc/arm-none-eabi/9.3.1/../../../../arm-none-eabi/lib/thumb/v7-m/nofp\libc_nano.a(lib_a-exit.o)
 .text.exit     0x0000000000000000       0x28 c:/st/stm32cubeide_1.6.1/stm32cubeide/plugins/com.st.stm32cube.ide.mcu.externaltools.gnu-tools-for-stm32.9-2020-q2-update.win32_1.5.0.202011040924/tools/bin/../lib/gcc/arm-none-eabi/9.3.1/../../../../arm-none-eabi/lib/thumb/v7-m/nofp\libc_nano.a(lib_a-exit.o)
 .debug_frame   0x0000000000000000       0x28 c:/st/stm32cubeide_1.6.1/stm32cubeide/plugins/com.st.stm32cube.ide.mcu.externaltools.gnu-tools-for-stm32.9-2020-q2-update.win32_1.5.0.202011040924/tools/bin/../lib/gcc/arm-none-eabi/9.3.1/../../../../arm-none-eabi/lib/thumb/v7-m/nofp\libc_nano.a(lib_a-exit.o)
 .ARM.attributes
                0x0000000000000000       0x2d c:/st/stm32cubeide_1.6.1/stm32cubeide/plugins/com.st.stm32cube.ide.mcu.externaltools.gnu-tools-for-stm32.9-2020-q2-update.win32_1.5.0.202011040924/tools/bin/../lib/gcc/arm-none-eabi/9.3.1/../../../../arm-none-eabi/lib/thumb/v7-m/nofp\libc_nano.a(lib_a-exit.o)
 .text          0x0000000000000000        0x0 c:/st/stm32cubeide_1.6.1/stm32cubeide/plugins/com.st.stm32cube.ide.mcu.externaltools.gnu-tools-for-stm32.9-2020-q2-update.win32_1.5.0.202011040924/tools/bin/../lib/gcc/arm-none-eabi/9.3.1/../../../../arm-none-eabi/lib/thumb/v7-m/nofp\libc_nano.a(lib_a-impure.o)
 .data          0x0000000000000000        0x0 c:/st/stm32cubeide_1.6.1/stm32cubeide/plugins/com.st.stm32cube.ide.mcu.externaltools.gnu-tools-for-stm32.9-2020-q2-update.win32_1.5.0.202011040924/tools/bin/../lib/gcc/arm-none-eabi/9.3.1/../../../../arm-none-eabi/lib/thumb/v7-m/nofp\libc_nano.a(lib_a-impure.o)
 .bss           0x0000000000000000        0x0 c:/st/stm32cubeide_1.6.1/stm32cubeide/plugins/com.st.stm32cube.ide.mcu.externaltools.gnu-tools-for-stm32.9-2020-q2-update.win32_1.5.0.202011040924/tools/bin/../lib/gcc/arm-none-eabi/9.3.1/../../../../arm-none-eabi/lib/thumb/v7-m/nofp\libc_nano.a(lib_a-impure.o)
 .data._impure_ptr
                0x0000000000000000        0x4 c:/st/stm32cubeide_1.6.1/stm32cubeide/plugins/com.st.stm32cube.ide.mcu.externaltools.gnu-tools-for-stm32.9-2020-q2-update.win32_1.5.0.202011040924/tools/bin/../lib/gcc/arm-none-eabi/9.3.1/../../../../arm-none-eabi/lib/thumb/v7-m/nofp\libc_nano.a(lib_a-impure.o)
 .data.impure_data
                0x0000000000000000       0x60 c:/st/stm32cubeide_1.6.1/stm32cubeide/plugins/com.st.stm32cube.ide.mcu.externaltools.gnu-tools-for-stm32.9-2020-q2-update.win32_1.5.0.202011040924/tools/bin/../lib/gcc/arm-none-eabi/9.3.1/../../../../arm-none-eabi/lib/thumb/v7-m/nofp\libc_nano.a(lib_a-impure.o)
 .rodata._global_impure_ptr
                0x0000000000000000        0x4 c:/st/stm32cubeide_1.6.1/stm32cubeide/plugins/com.st.stm32cube.ide.mcu.externaltools.gnu-tools-for-stm32.9-2020-q2-update.win32_1.5.0.202011040924/tools/bin/../lib/gcc/arm-none-eabi/9.3.1/../../../../arm-none-eabi/lib/thumb/v7-m/nofp\libc_nano.a(lib_a-impure.o)
 .ARM.attributes
                0x0000000000000000       0x2d c:/st/stm32cubeide_1.6.1/stm32cubeide/plugins/com.st.stm32cube.ide.mcu.externaltools.gnu-tools-for-stm32.9-2020-q2-update.win32_1.5.0.202011040924/tools/bin/../lib/gcc/arm-none-eabi/9.3.1/../../../../arm-none-eabi/lib/thumb/v7-m/nofp\libc_nano.a(lib_a-impure.o)
 .text          0x0000000000000000        0x0 c:/st/stm32cubeide_1.6.1/stm32cubeide/plugins/com.st.stm32cube.ide.mcu.externaltools.gnu-tools-for-stm32.9-2020-q2-update.win32_1.5.0.202011040924/tools/bin/../lib/gcc/arm-none-eabi/9.3.1/../../../../arm-none-eabi/lib/thumb/v7-m/nofp\libc_nano.a(lib_a-init.o)
 .data          0x0000000000000000        0x0 c:/st/stm32cubeide_1.6.1/stm32cubeide/plugins/com.st.stm32cube.ide.mcu.externaltools.gnu-tools-for-stm32.9-2020-q2-update.win32_1.5.0.202011040924/tools/bin/../lib/gcc/arm-none-eabi/9.3.1/../../../../arm-none-eabi/lib/thumb/v7-m/nofp\libc_nano.a(lib_a-init.o)
 .bss           0x0000000000000000        0x0 c:/st/stm32cubeide_1.6.1/stm32cubeide/plugins/com.st.stm32cube.ide.mcu.externaltools.gnu-tools-for-stm32.9-2020-q2-update.win32_1.5.0.202011040924/tools/bin/../lib/gcc/arm-none-eabi/9.3.1/../../../../arm-none-eabi/lib/thumb/v7-m/nofp\libc_nano.a(lib_a-init.o)
 .text          0x0000000000000000        0x0 c:/st/stm32cubeide_1.6.1/stm32cubeide/plugins/com.st.stm32cube.ide.mcu.externaltools.gnu-tools-for-stm32.9-2020-q2-update.win32_1.5.0.202011040924/tools/bin/../lib/gcc/arm-none-eabi/9.3.1/../../../../arm-none-eabi/lib/thumb/v7-m/nofp\libc_nano.a(lib_a-memset.o)
 .data          0x0000000000000000        0x0 c:/st/stm32cubeide_1.6.1/stm32cubeide/plugins/com.st.stm32cube.ide.mcu.externaltools.gnu-tools-for-stm32.9-2020-q2-update.win32_1.5.0.202011040924/tools/bin/../lib/gcc/arm-none-eabi/9.3.1/../../../../arm-none-eabi/lib/thumb/v7-m/nofp\libc_nano.a(lib_a-memset.o)
 .bss           0x0000000000000000        0x0 c:/st/stm32cubeide_1.6.1/stm32cubeide/plugins/com.st.stm32cube.ide.mcu.externaltools.gnu-tools-for-stm32.9-2020-q2-update.win32_1.5.0.202011040924/tools/bin/../lib/gcc/arm-none-eabi/9.3.1/../../../../arm-none-eabi/lib/thumb/v7-m/nofp\libc_nano.a(lib_a-memset.o)
 .text.memset   0x0000000000000000       0x10 c:/st/stm32cubeide_1.6.1/stm32cubeide/plugins/com.st.stm32cube.ide.mcu.externaltools.gnu-tools-for-stm32.9-2020-q2-update.win32_1.5.0.202011040924/tools/bin/../lib/gcc/arm-none-eabi/9.3.1/../../../../arm-none-eabi/lib/thumb/v7-m/nofp\libc_nano.a(lib_a-memset.o)
 .debug_frame   0x0000000000000000       0x20 c:/st/stm32cubeide_1.6.1/stm32cubeide/plugins/com.st.stm32cube.ide.mcu.externaltools.gnu-tools-for-stm32.9-2020-q2-update.win32_1.5.0.202011040924/tools/bin/../lib/gcc/arm-none-eabi/9.3.1/../../../../arm-none-eabi/lib/thumb/v7-m/nofp\libc_nano.a(lib_a-memset.o)
 .ARM.attributes
                0x0000000000000000       0x2d c:/st/stm32cubeide_1.6.1/stm32cubeide/plugins/com.st.stm32cube.ide.mcu.externaltools.gnu-tools-for-stm32.9-2020-q2-update.win32_1.5.0.202011040924/tools/bin/../lib/gcc/arm-none-eabi/9.3.1/../../../../arm-none-eabi/lib/thumb/v7-m/nofp\libc_nano.a(lib_a-memset.o)
 .text          0x0000000000000000        0x0 c:/st/stm32cubeide_1.6.1/stm32cubeide/plugins/com.st.stm32cube.ide.mcu.externaltools.gnu-tools-for-stm32.9-2020-q2-update.win32_1.5.0.202011040924/tools/bin/../lib/gcc/arm-none-eabi/9.3.1/../../../../arm-none-eabi/lib/thumb/v7-m/nofp\libnosys.a(_exit.o)
 .data          0x0000000000000000        0x0 c:/st/stm32cubeide_1.6.1/stm32cubeide/plugins/com.st.stm32cube.ide.mcu.externaltools.gnu-tools-for-stm32.9-2020-q2-update.win32_1.5.0.202011040924/tools/bin/../lib/gcc/arm-none-eabi/9.3.1/../../../../arm-none-eabi/lib/thumb/v7-m/nofp\libnosys.a(_exit.o)
 .bss           0x0000000000000000        0x0 c:/st/stm32cubeide_1.6.1/stm32cubeide/plugins/com.st.stm32cube.ide.mcu.externaltools.gnu-tools-for-stm32.9-2020-q2-update.win32_1.5.0.202011040924/tools/bin/../lib/gcc/arm-none-eabi/9.3.1/../../../../arm-none-eabi/lib/thumb/v7-m/nofp\libnosys.a(_exit.o)
 .text._exit    0x0000000000000000        0x2 c:/st/stm32cubeide_1.6.1/stm32cubeide/plugins/com.st.stm32cube.ide.mcu.externaltools.gnu-tools-for-stm32.9-2020-q2-update.win32_1.5.0.202011040924/tools/bin/../lib/gcc/arm-none-eabi/9.3.1/../../../../arm-none-eabi/lib/thumb/v7-m/nofp\libnosys.a(_exit.o)
 .debug_frame   0x0000000000000000       0x20 c:/st/stm32cubeide_1.6.1/stm32cubeide/plugins/com.st.stm32cube.ide.mcu.externaltools.gnu-tools-for-stm32.9-2020-q2-update.win32_1.5.0.202011040924/tools/bin/../lib/gcc/arm-none-eabi/9.3.1/../../../../arm-none-eabi/lib/thumb/v7-m/nofp\libnosys.a(_exit.o)
 .ARM.attributes
                0x0000000000000000       0x2d c:/st/stm32cubeide_1.6.1/stm32cubeide/plugins/com.st.stm32cube.ide.mcu.externaltools.gnu-tools-for-stm32.9-2020-q2-update.win32_1.5.0.202011040924/tools/bin/../lib/gcc/arm-none-eabi/9.3.1/../../../../arm-none-eabi/lib/thumb/v7-m/nofp\libnosys.a(_exit.o)
 .text          0x0000000000000000        0x0 c:/st/stm32cubeide_1.6.1/stm32cubeide/plugins/com.st.stm32cube.ide.mcu.externaltools.gnu-tools-for-stm32.9-2020-q2-update.win32_1.5.0.202011040924/tools/bin/../lib/gcc/arm-none-eabi/9.3.1/thumb/v7-m/nofp/crtend.o
 .data          0x0000000000000000        0x0 c:/st/stm32cubeide_1.6.1/stm32cubeide/plugins/com.st.stm32cube.ide.mcu.externaltools.gnu-tools-for-stm32.9-2020-q2-update.win32_1.5.0.202011040924/tools/bin/../lib/gcc/arm-none-eabi/9.3.1/thumb/v7-m/nofp/crtend.o
 .bss           0x0000000000000000        0x0 c:/st/stm32cubeide_1.6.1/stm32cubeide/plugins/com.st.stm32cube.ide.mcu.externaltools.gnu-tools-for-stm32.9-2020-q2-update.win32_1.5.0.202011040924/tools/bin/../lib/gcc/arm-none-eabi/9.3.1/thumb/v7-m/nofp/crtend.o
 .eh_frame      0x0000000000000000        0x4 c:/st/stm32cubeide_1.6.1/stm32cubeide/plugins/com.st.stm32cube.ide.mcu.externaltools.gnu-tools-for-stm32.9-2020-q2-update.win32_1.5.0.202011040924/tools/bin/../lib/gcc/arm-none-eabi/9.3.1/thumb/v7-m/nofp/crtend.o
 .ARM.attributes
                0x0000000000000000       0x2d c:/st/stm32cubeide_1.6.1/stm32cubeide/plugins/com.st.stm32cube.ide.mcu.externaltools.gnu-tools-for-stm32.9-2020-q2-update.win32_1.5.0.202011040924/tools/bin/../lib/gcc/arm-none-eabi/9.3.1/thumb/v7-m/nofp/crtend.o
 .text          0x0000000000000000        0x0 c:/st/stm32cubeide_1.6.1/stm32cubeide/plugins/com.st.stm32cube.ide.mcu.externaltools.gnu-tools-for-stm32.9-2020-q2-update.win32_1.5.0.202011040924/tools/bin/../lib/gcc/arm-none-eabi/9.3.1/thumb/v7-m/nofp/crtn.o
 .data          0x0000000000000000        0x0 c:/st/stm32cubeide_1.6.1/stm32cubeide/plugins/com.st.stm32cube.ide.mcu.externaltools.gnu-tools-for-stm32.9-2020-q2-update.win32_1.5.0.202011040924/tools/bin/../lib/gcc/arm-none-eabi/9.3.1/thumb/v7-m/nofp/crtn.o
 .bss           0x0000000000000000        0x0 c:/st/stm32cubeide_1.6.1/stm32cubeide/plugins/com.st.stm32cube.ide.mcu.externaltools.gnu-tools-for-stm32.9-2020-q2-update.win32_1.5.0.202011040924/tools/bin/../lib/gcc/arm-none-eabi/9.3.1/thumb/v7-m/nofp/crtn.o

Memory Configuration

Name             Origin             Length             Attributes
RAM              0x0000000020000000 0x0000000000005000 xrw
FLASH            0x0000000008000000 0x0000000000010000 xr
*default*        0x0000000000000000 0xffffffffffffffff

Linker script and memory map

LOAD c:/st/stm32cubeide_1.6.1/stm32cubeide/plugins/com.st.stm32cube.ide.mcu.externaltools.gnu-tools-for-stm32.9-2020-q2-update.win32_1.5.0.202011040924/tools/bin/../lib/gcc/arm-none-eabi/9.3.1/thumb/v7-m/nofp/crti.o
LOAD c:/st/stm32cubeide_1.6.1/stm32cubeide/plugins/com.st.stm32cube.ide.mcu.externaltools.gnu-tools-for-stm32.9-2020-q2-update.win32_1.5.0.202011040924/tools/bin/../lib/gcc/arm-none-eabi/9.3.1/thumb/v7-m/nofp/crtbegin.o
LOAD c:/st/stm32cubeide_1.6.1/stm32cubeide/plugins/com.st.stm32cube.ide.mcu.externaltools.gnu-tools-for-stm32.9-2020-q2-update.win32_1.5.0.202011040924/tools/bin/../lib/gcc/arm-none-eabi/9.3.1/../../../../arm-none-eabi/lib/thumb/v7-m/nofp/crt0.o
LOAD HAL/HLED/HLED_prog.o
LOAD HAL/HPB/HPB_prog.o
LOAD MCAL/MAFIO/MAFIO_prog.o
LOAD MCAL/MEXTI/MEXTI_prog.o
LOAD MCAL/MGPIO/MGPIO_prog.o
LOAD MCAL/MNVIC/MNVIC_prog.o
LOAD MCAL/MRCC/MRCC_prog.o
LOAD MCAL/MSTICK/MSTICK_prog.o
LOAD Src/main.o
LOAD Startup/startup_stm32f103c8tx.o
START GROUP
LOAD c:/st/stm32cubeide_1.6.1/stm32cubeide/plugins/com.st.stm32cube.ide.mcu.externaltools.gnu-tools-for-stm32.9-2020-q2-update.win32_1.5.0.202011040924/tools/bin/../lib/gcc/arm-none-eabi/9.3.1/../../../../arm-none-eabi/lib/thumb/v7-m/nofp\libc_nano.a
LOAD c:/st/stm32cubeide_1.6.1/stm32cubeide/plugins/com.st.stm32cube.ide.mcu.externaltools.gnu-tools-for-stm32.9-2020-q2-update.win32_1.5.0.202011040924/tools/bin/../lib/gcc/arm-none-eabi/9.3.1/../../../../arm-none-eabi/lib/thumb/v7-m/nofp\libm.a
END GROUP
START GROUP
LOAD c:/st/stm32cubeide_1.6.1/stm32cubeide/plugins/com.st.stm32cube.ide.mcu.externaltools.gnu-tools-for-stm32.9-2020-q2-update.win32_1.5.0.202011040924/tools/bin/../lib/gcc/arm-none-eabi/9.3.1/thumb/v7-m/nofp\libgcc.a
LOAD c:/st/stm32cubeide_1.6.1/stm32cubeide/plugins/com.st.stm32cube.ide.mcu.externaltools.gnu-tools-for-stm32.9-2020-q2-update.win32_1.5.0.202011040924/tools/bin/../lib/gcc/arm-none-eabi/9.3.1/../../../../arm-none-eabi/lib/thumb/v7-m/nofp\libc_nano.a
END GROUP
START GROUP
LOAD c:/st/stm32cubeide_1.6.1/stm32cubeide/plugins/com.st.stm32cube.ide.mcu.externaltools.gnu-tools-for-stm32.9-2020-q2-update.win32_1.5.0.202011040924/tools/bin/../lib/gcc/arm-none-eabi/9.3.1/thumb/v7-m/nofp\libgcc.a
LOAD c:/st/stm32cubeide_1.6.1/stm32cubeide/plugins/com.st.stm32cube.ide.mcu.externaltools.gnu-tools-for-stm32.9-2020-q2-update.win32_1.5.0.202011040924/tools/bin/../lib/gcc/arm-none-eabi/9.3.1/../../../../arm-none-eabi/lib/thumb/v7-m/nofp\libc_nano.a
LOAD c:/st/stm32cubeide_1.6.1/stm32cubeide/plugins/com.st.stm32cube.ide.mcu.externaltools.gnu-tools-for-stm32.9-2020-q2-update.win32_1.5.0.202011040924/tools/bin/../lib/gcc/arm-none-eabi/9.3.1/../../../../arm-none-eabi/lib/thumb/v7-m/nofp\libnosys.a
END GROUP
START GROUP
LOAD c:/st/stm32cubeide_1.6.1/stm32cubeide/plugins/com.st.stm32cube.ide.mcu.externaltools.gnu-tools-for-stm32.9-2020-q2-update.win32_1.5.0.202011040924/tools/bin/../lib/gcc/arm-none-eabi/9.3.1/thumb/v7-m/nofp\libgcc.a
LOAD c:/st/stm32cubeide_1.6.1/stm32cubeide/plugins/com.st.stm32cube.ide.mcu.externaltools.gnu-tools-for-stm32.9-2020-q2-update.win32_1.5.0.202011040924/tools/bin/../lib/gcc/arm-none-eabi/9.3.1/../../../../arm-none-eabi/lib/thumb/v7-m/nofp\libc_nano.a
LOAD c:/st/stm32cubeide_1.6.1/stm32cubeide/plugins/com.st.stm32cube.ide.mcu.externaltools.gnu-tools-for-stm32.9-2020-q2-update.win32_1.5.0.202011040924/tools/bin/../lib/gcc/arm-none-eabi/9.3.1/../../../../arm-none-eabi/lib/thumb/v7-m/nofp\libnosys.a
END GROUP
LOAD c:/st/stm32cubeide_1.6.1/stm32cubeide/plugins/com.st.stm32cube.ide.mcu.externaltools.gnu-tools-for-stm32.9-2020-q2-update.win32_1.5.0.202011040924/tools/bin/../lib/gcc/arm-none-eabi/9.3.1/thumb/v7-m/nofp/crtend.o
LOAD c:/st/stm32cubeide_1.6.1/stm32cubeide/plugins/com.st.stm32cube.ide.mcu.externaltools.gnu-tools-for-stm32.9-2020-q2-update.win32_1.5.0.202011040924/tools/bin/../lib/gcc/arm-none-eabi/9.3.1/thumb/v7-m/nofp/crtn.o
                0x0000000020005000                _estack = (ORIGIN (RAM) + LENGTH (RAM))
                0x0000000000000200                _Min_Heap_Size = 0x200
                0x0000000000000400                _Min_Stack_Size = 0x400

.isr_vector     0x0000000008000000      0x130
                0x0000000008000000                . = ALIGN (0x4)
 *(.isr_vector)
 .isr_vector    0x0000000008000000      0x130 Startup/startup_stm32f103c8tx.o
                0x0000000008000000                g_pfnVectors
                0x0000000008000130                . = ALIGN (0x4)

.text           0x0000000008000130      0xd44
                0x0000000008000130                . = ALIGN (0x4)
 *(.text)
 .text          0x0000000008000130       0x40 c:/st/stm32cubeide_1.6.1/stm32cubeide/plugins/com.st.stm32cube.ide.mcu.externaltools.gnu-tools-for-stm32.9-2020-q2-update.win32_1.5.0.202011040924/tools/bin/../lib/gcc/arm-none-eabi/9.3.1/thumb/v7-m/nofp/crtbegin.o
 *(.text*)
 .text.HLED_enSetON
                0x0000000008000170       0x26 HAL/HLED/HLED_prog.o
                0x0000000008000170                HLED_enSetON
 .text.HLED_enSetOFF
                0x0000000008000196       0x26 HAL/HLED/HLED_prog.o
                0x0000000008000196                HLED_enSetOFF
 .text.HPB_enInit
                0x00000000080001bc       0x54 HAL/HPB/HPB_prog.o
                0x00000000080001bc                HPB_enInit
 .text.MEXTI_enInit
                0x0000000008000210       0x2c MCAL/MEXTI/MEXTI_prog.o
                0x0000000008000210                MEXTI_enInit
 .text.MEXTI_enCallBack
                0x000000000800023c       0x38 MCAL/MEXTI/MEXTI_prog.o
                0x000000000800023c                MEXTI_enCallBack
 .text.MEXTI_enClearPendingBit
                0x0000000008000274       0x40 MCAL/MEXTI/MEXTI_prog.o
                0x0000000008000274                MEXTI_enClearPendingBit
 .text.EXTI0_IRQHandler
                0x00000000080002b4       0x1c MCAL/MEXTI/MEXTI_prog.o
                0x00000000080002b4                EXTI0_IRQHandler
 .text.EXTI1_IRQHandler
                0x00000000080002d0       0x1c MCAL/MEXTI/MEXTI_prog.o
                0x00000000080002d0                EXTI1_IRQHandler
 .text.EXTI2_IRQHandler
                0x00000000080002ec       0x1c MCAL/MEXTI/MEXTI_prog.o
                0x00000000080002ec                EXTI2_IRQHandler
 .text.EXTI3_IRQHandler
                0x0000000008000308       0x1c MCAL/MEXTI/MEXTI_prog.o
                0x0000000008000308                EXTI3_IRQHandler
 .text.EXTI4_IRQHandler
                0x0000000008000324       0x1c MCAL/MEXTI/MEXTI_prog.o
                0x0000000008000324                EXTI4_IRQHandler
 .text.EXTI9_5_IRQHandler
                0x0000000008000340       0x5c MCAL/MEXTI/MEXTI_prog.o
                0x0000000008000340                EXTI9_5_IRQHandler
 .text.EXTI15_10_IRQHandler
                0x000000000800039c       0x6c MCAL/MEXTI/MEXTI_prog.o
                0x000000000800039c                EXTI15_10_IRQHandler
 .text.MGPIO_enSetPinDirection
                0x0000000008000408      0x1b4 MCAL/MGPIO/MGPIO_prog.o
                0x0000000008000408                MGPIO_enSetPinDirection
 .text.MGPIO_enSetPinValue
                0x00000000080005bc      0x108 MCAL/MGPIO/MGPIO_prog.o
                0x00000000080005bc                MGPIO_enSetPinValue
 .text.MGPIO_enSetPortDirection
                0x00000000080006c4       0xdc MCAL/MGPIO/MGPIO_prog.o
                0x00000000080006c4                MGPIO_enSetPortDirection
 .text.MGPIO_enSetPortValue
                0x00000000080007a0      0x1cc MCAL/MGPIO/MGPIO_prog.o
                0x00000000080007a0                MGPIO_enSetPortValue
 .text.MNVIC_enEnableNVIC
                0x000000000800096c       0x1c MCAL/MNVIC/MNVIC_prog.o
                0x000000000800096c                MNVIC_enEnableNVIC
 .text.MNVIC_enEnableInt
                0x0000000008000988       0x4c MCAL/MNVIC/MNVIC_prog.o
                0x0000000008000988                MNVIC_enEnableInt
 .text.MRCC_enSysClkINIT
                0x00000000080009d4       0x78 MCAL/MRCC/MRCC_prog.o
                0x00000000080009d4                MRCC_enSysClkINIT
 .text.MRCC_enEnablePeripheralCLK
                0x0000000008000a4c       0x84 MCAL/MRCC/MRCC_prog.o
                0x0000000008000a4c                MRCC_enEnablePeripheralCLK
 .text.MSTK_enInit
                0x0000000008000ad0       0x20 MCAL/MSTICK/MSTICK_prog.o
                0x0000000008000ad0                MSTK_enInit
 .text.MSTK_enDelayMS
                0x0000000008000af0       0x54 MCAL/MSTICK/MSTICK_prog.o
                0x0000000008000af0                MSTK_enDelayMS
 .text.SysTick_Handler
                0x0000000008000b44       0x64 MCAL/MSTICK/MSTICK_prog.o
                0x0000000008000b44                SysTick_Handler
 .text.main     0x0000000008000ba8      0x1c8 Src/main.o
                0x0000000008000ba8                main
 .text.state    0x0000000008000d70       0x50 Src/main.o
                0x0000000008000d70                state
 .text.Reset_Handler
                0x0000000008000dc0       0x50 Startup/startup_stm32f103c8tx.o
                0x0000000008000dc0                Reset_Handler
 .text.Default_Handler
                0x0000000008000e10        0x2 Startup/startup_stm32f103c8tx.o
                0x0000000008000e10                TIM8_TRG_COM_IRQHandler
                0x0000000008000e10                TIM8_CC_IRQHandler
                0x0000000008000e10                DebugMon_Handler
                0x0000000008000e10                TIM1_CC_IRQHandler
                0x0000000008000e10                HardFault_Handler
                0x0000000008000e10                TIM6_IRQHandler
                0x0000000008000e10                PVD_IRQHandler
                0x0000000008000e10                SDIO_IRQHandler
                0x0000000008000e10                PendSV_Handler
                0x0000000008000e10                NMI_Handler
                0x0000000008000e10                USB_HP_CAN_TX_IRQHandler
                0x0000000008000e10                I2C2_EV_IRQHandler
                0x0000000008000e10                UsageFault_Handler
                0x0000000008000e10                ADC1_2_IRQHandler
                0x0000000008000e10                SPI1_IRQHandler
                0x0000000008000e10                CAN_SCE_IRQHandler
                0x0000000008000e10                TAMPER_IRQHandler
                0x0000000008000e10                TIM8_UP_IRQHandler
                0x0000000008000e10                DMA2_Channel2_IRQHandler
                0x0000000008000e10                DMA1_Channel4_IRQHandler
                0x0000000008000e10                USART3_IRQHandler
                0x0000000008000e10                RTC_IRQHandler
                0x0000000008000e10                DMA1_Channel7_IRQHandler
                0x0000000008000e10                UART5_IRQHandler
                0x0000000008000e10                ADC3_IRQHandler
                0x0000000008000e10                TIM4_IRQHandler
                0x0000000008000e10                CAN_RX1_IRQHandler
                0x0000000008000e10                DMA2_Channel1_IRQHandler
                0x0000000008000e10                I2C1_EV_IRQHandler
                0x0000000008000e10                DMA1_Channel6_IRQHandler
                0x0000000008000e10                UART4_IRQHandler
                0x0000000008000e10                TIM3_IRQHandler
                0x0000000008000e10                RCC_IRQHandler
                0x0000000008000e10                TIM1_TRG_COM_IRQHandler
                0x0000000008000e10                DMA1_Channel1_IRQHandler
                0x0000000008000e10                Default_Handler
                0x0000000008000e10                TIM7_IRQHandler
                0x0000000008000e10                TIM5_IRQHandler
                0x0000000008000e10                SPI2_IRQHandler
                0x0000000008000e10                USB_LP_CAN_RX0_IRQHandler
                0x0000000008000e10                MemManage_Handler
                0x0000000008000e10                SVC_Handler
                0x0000000008000e10                DMA1_Channel5_IRQHandler
                0x0000000008000e10                DMA1_Channel3_IRQHandler
                0x0000000008000e10                FSMC_IRQHandler
                0x0000000008000e10                TIM1_UP_IRQHandler
                0x0000000008000e10                WWDG_IRQHandler
                0x0000000008000e10                TIM2_IRQHandler
                0x0000000008000e10                TIM1_BRK_IRQHandler
                0x0000000008000e10                RTCAlarm_IRQHandler
                0x0000000008000e10                DMA2_Channel4_5_IRQHandler
                0x0000000008000e10                USART2_IRQHandler
                0x0000000008000e10                I2C2_ER_IRQHandler
                0x0000000008000e10                DMA1_Channel2_IRQHandler
                0x0000000008000e10                TIM8_BRK_IRQHandler
                0x0000000008000e10                FLASH_IRQHandler
                0x0000000008000e10                BusFault_Handler
                0x0000000008000e10                USART1_IRQHandler
                0x0000000008000e10                SPI3_IRQHandler
                0x0000000008000e10                I2C1_ER_IRQHandler
                0x0000000008000e10                DMA2_Channel3_IRQHandler
 *fill*         0x0000000008000e12        0x2 
 .text.__libc_init_array
                0x0000000008000e14       0x48 c:/st/stm32cubeide_1.6.1/stm32cubeide/plugins/com.st.stm32cube.ide.mcu.externaltools.gnu-tools-for-stm32.9-2020-q2-update.win32_1.5.0.202011040924/tools/bin/../lib/gcc/arm-none-eabi/9.3.1/../../../../arm-none-eabi/lib/thumb/v7-m/nofp\libc_nano.a(lib_a-init.o)
                0x0000000008000e14                __libc_init_array
 *(.glue_7)
 .glue_7        0x0000000008000e5c        0x0 linker stubs
 *(.glue_7t)
 .glue_7t       0x0000000008000e5c        0x0 linker stubs
 *(.eh_frame)
 .eh_frame      0x0000000008000e5c        0x0 c:/st/stm32cubeide_1.6.1/stm32cubeide/plugins/com.st.stm32cube.ide.mcu.externaltools.gnu-tools-for-stm32.9-2020-q2-update.win32_1.5.0.202011040924/tools/bin/../lib/gcc/arm-none-eabi/9.3.1/thumb/v7-m/nofp/crtbegin.o
 *(.init)
 .init          0x0000000008000e5c        0x4 c:/st/stm32cubeide_1.6.1/stm32cubeide/plugins/com.st.stm32cube.ide.mcu.externaltools.gnu-tools-for-stm32.9-2020-q2-update.win32_1.5.0.202011040924/tools/bin/../lib/gcc/arm-none-eabi/9.3.1/thumb/v7-m/nofp/crti.o
                0x0000000008000e5c                _init
 .init          0x0000000008000e60        0x8 c:/st/stm32cubeide_1.6.1/stm32cubeide/plugins/com.st.stm32cube.ide.mcu.externaltools.gnu-tools-for-stm32.9-2020-q2-update.win32_1.5.0.202011040924/tools/bin/../lib/gcc/arm-none-eabi/9.3.1/thumb/v7-m/nofp/crtn.o
 *(.fini)
 .fini          0x0000000008000e68        0x4 c:/st/stm32cubeide_1.6.1/stm32cubeide/plugins/com.st.stm32cube.ide.mcu.externaltools.gnu-tools-for-stm32.9-2020-q2-update.win32_1.5.0.202011040924/tools/bin/../lib/gcc/arm-none-eabi/9.3.1/thumb/v7-m/nofp/crti.o
                0x0000000008000e68                _fini
 .fini          0x0000000008000e6c        0x8 c:/st/stm32cubeide_1.6.1/stm32cubeide/plugins/com.st.stm32cube.ide.mcu.externaltools.gnu-tools-for-stm32.9-2020-q2-update.win32_1.5.0.202011040924/tools/bin/../lib/gcc/arm-none-eabi/9.3.1/thumb/v7-m/nofp/crtn.o
                0x0000000008000e74                . = ALIGN (0x4)
                0x0000000008000e74                _etext = .

.vfp11_veneer   0x0000000008000e74        0x0
 .vfp11_veneer  0x0000000008000e74        0x0 linker stubs

.v4_bx          0x0000000008000e74        0x0
 .v4_bx         0x0000000008000e74        0x0 linker stubs

.iplt           0x0000000008000e74        0x0
 .iplt          0x0000000008000e74        0x0 c:/st/stm32cubeide_1.6.1/stm32cubeide/plugins/com.st.stm32cube.ide.mcu.externaltools.gnu-tools-for-stm32.9-2020-q2-update.win32_1.5.0.202011040924/tools/bin/../lib/gcc/arm-none-eabi/9.3.1/thumb/v7-m/nofp/crtbegin.o

.rel.dyn        0x0000000008000e74        0x0
 .rel.iplt      0x0000000008000e74        0x0 c:/st/stm32cubeide_1.6.1/stm32cubeide/plugins/com.st.stm32cube.ide.mcu.externaltools.gnu-tools-for-stm32.9-2020-q2-update.win32_1.5.0.202011040924/tools/bin/../lib/gcc/arm-none-eabi/9.3.1/thumb/v7-m/nofp/crtbegin.o

.rodata         0x0000000008000e74        0x0
                0x0000000008000e74                . = ALIGN (0x4)
 *(.rodata)
 *(.rodata*)
                0x0000000008000e74                . = ALIGN (0x4)

.ARM.extab      0x0000000008000e74        0x0
                0x0000000008000e74                . = ALIGN (0x4)
 *(.ARM.extab* .gnu.linkonce.armextab.*)
                0x0000000008000e74                . = ALIGN (0x4)

.ARM            0x0000000008000e74        0x0
                0x0000000008000e74                . = ALIGN (0x4)
                0x0000000008000e74                __exidx_start = .
 *(.ARM.exidx*)
                0x0000000008000e74                __exidx_end = .
                0x0000000008000e74                . = ALIGN (0x4)

.preinit_array  0x0000000008000e74        0x0
                0x0000000008000e74                . = ALIGN (0x4)
                0x0000000008000e74                PROVIDE (__preinit_array_start = .)
 *(.preinit_array*)
                0x0000000008000e74                PROVIDE (__preinit_array_end = .)
                0x0000000008000e74                . = ALIGN (0x4)

.init_array     0x0000000008000e74        0x4
                0x0000000008000e74                . = ALIGN (0x4)
                0x0000000008000e74                PROVIDE (__init_array_start = .)
 *(SORT_BY_NAME(.init_array.*))
 *(.init_array*)
 .init_array    0x0000000008000e74        0x4 c:/st/stm32cubeide_1.6.1/stm32cubeide/plugins/com.st.stm32cube.ide.mcu.externaltools.gnu-tools-for-stm32.9-2020-q2-update.win32_1.5.0.202011040924/tools/bin/../lib/gcc/arm-none-eabi/9.3.1/thumb/v7-m/nofp/crtbegin.o
                0x0000000008000e78                PROVIDE (__init_array_end = .)
                0x0000000008000e78                . = ALIGN (0x4)

.fini_array     0x0000000008000e78        0x4
                0x0000000008000e78                . = ALIGN (0x4)
                [!provide]                        PROVIDE (__fini_array_start = .)
 *(SORT_BY_NAME(.fini_array.*))
 *(.fini_array*)
 .fini_array    0x0000000008000e78        0x4 c:/st/stm32cubeide_1.6.1/stm32cubeide/plugins/com.st.stm32cube.ide.mcu.externaltools.gnu-tools-for-stm32.9-2020-q2-update.win32_1.5.0.202011040924/tools/bin/../lib/gcc/arm-none-eabi/9.3.1/thumb/v7-m/nofp/crtbegin.o
                [!provide]                        PROVIDE (__fini_array_end = .)
                0x0000000008000e7c                . = ALIGN (0x4)
                0x0000000008000e7c                _sidata = LOADADDR (.data)

.data           0x0000000020000000        0x0 load address 0x0000000008000e7c
                0x0000000020000000                . = ALIGN (0x4)
                0x0000000020000000                _sdata = .
 *(.data)
 *(.data*)
 *(.RamFunc)
 *(.RamFunc*)
                0x0000000020000000                . = ALIGN (0x4)
                0x0000000020000000                _edata = .

.igot.plt       0x0000000020000000        0x0 load address 0x0000000008000e7c
 .igot.plt      0x0000000020000000        0x0 c:/st/stm32cubeide_1.6.1/stm32cubeide/plugins/com.st.stm32cube.ide.mcu.externaltools.gnu-tools-for-stm32.9-2020-q2-update.win32_1.5.0.202011040924/tools/bin/../lib/gcc/arm-none-eabi/9.3.1/thumb/v7-m/nofp/crtbegin.o
                0x0000000020000000                . = ALIGN (0x4)

.bss            0x0000000020000000       0x64 load address 0x0000000008000e7c
                0x0000000020000000                _sbss = .
                0x0000000020000000                __bss_start__ = _sbss
 *(.bss)
 .bss           0x0000000020000000       0x1c c:/st/stm32cubeide_1.6.1/stm32cubeide/plugins/com.st.stm32cube.ide.mcu.externaltools.gnu-tools-for-stm32.9-2020-q2-update.win32_1.5.0.202011040924/tools/bin/../lib/gcc/arm-none-eabi/9.3.1/thumb/v7-m/nofp/crtbegin.o
 *(.bss*)
 .bss.EXTI_CALLBACK
                0x000000002000001c       0x40 MCAL/MEXTI/MEXTI_prog.o
                0x000000002000001c                EXTI_CALLBACK
 .bss.STK_Callback
                0x000000002000005c        0x4 MCAL/MSTICK/MSTICK_prog.o
                0x000000002000005c                STK_Callback
 .bss.flag      0x0000000020000060        0x1 MCAL/MSTICK/MSTICK_prog.o
 .bss.flag      0x0000000020000061        0x1 Src/main.o
 *(COMMON)
                0x0000000020000064                . = ALIGN (0x4)
 *fill*         0x0000000020000062        0x2 
                0x0000000020000064                _ebss = .
                0x0000000020000064                __bss_end__ = _ebss

._user_heap_stack
                0x0000000020000064      0x604 load address 0x0000000008000e7c
                0x0000000020000068                . = ALIGN (0x8)
 *fill*         0x0000000020000064        0x4 
                [!provide]                        PROVIDE (end = .)
                [!provide]                        PROVIDE (_end = .)
                0x0000000020000268                . = (. + _Min_Heap_Size)
 *fill*         0x0000000020000068      0x200 
                0x0000000020000668                . = (. + _Min_Stack_Size)
 *fill*         0x0000000020000268      0x400 
                0x0000000020000668                . = ALIGN (0x8)

/DISCARD/
 libc.a(*)
 libm.a(*)
 libgcc.a(*)

.ARM.attributes
                0x0000000000000000       0x29
 *(.ARM.attributes)
 .ARM.attributes
                0x0000000000000000       0x1d c:/st/stm32cubeide_1.6.1/stm32cubeide/plugins/com.st.stm32cube.ide.mcu.externaltools.gnu-tools-for-stm32.9-2020-q2-update.win32_1.5.0.202011040924/tools/bin/../lib/gcc/arm-none-eabi/9.3.1/thumb/v7-m/nofp/crti.o
 .ARM.attributes
                0x000000000000001d       0x2d c:/st/stm32cubeide_1.6.1/stm32cubeide/plugins/com.st.stm32cube.ide.mcu.externaltools.gnu-tools-for-stm32.9-2020-q2-update.win32_1.5.0.202011040924/tools/bin/../lib/gcc/arm-none-eabi/9.3.1/thumb/v7-m/nofp/crtbegin.o
 .ARM.attributes
                0x000000000000004a       0x2d HAL/HLED/HLED_prog.o
 .ARM.attributes
                0x0000000000000077       0x2d HAL/HPB/HPB_prog.o
 .ARM.attributes
                0x00000000000000a4       0x2d MCAL/MEXTI/MEXTI_prog.o
 .ARM.attributes
                0x00000000000000d1       0x2d MCAL/MGPIO/MGPIO_prog.o
 .ARM.attributes
                0x00000000000000fe       0x2d MCAL/MNVIC/MNVIC_prog.o
 .ARM.attributes
                0x000000000000012b       0x2d MCAL/MRCC/MRCC_prog.o
 .ARM.attributes
                0x0000000000000158       0x2d MCAL/MSTICK/MSTICK_prog.o
 .ARM.attributes
                0x0000000000000185       0x2d Src/main.o
 .ARM.attributes
                0x00000000000001b2       0x21 Startup/startup_stm32f103c8tx.o
 .ARM.attributes
                0x00000000000001d3       0x2d c:/st/stm32cubeide_1.6.1/stm32cubeide/plugins/com.st.stm32cube.ide.mcu.externaltools.gnu-tools-for-stm32.9-2020-q2-update.win32_1.5.0.202011040924/tools/bin/../lib/gcc/arm-none-eabi/9.3.1/../../../../arm-none-eabi/lib/thumb/v7-m/nofp\libc_nano.a(lib_a-init.o)
 .ARM.attributes
                0x0000000000000200       0x1d c:/st/stm32cubeide_1.6.1/stm32cubeide/plugins/com.st.stm32cube.ide.mcu.externaltools.gnu-tools-for-stm32.9-2020-q2-update.win32_1.5.0.202011040924/tools/bin/../lib/gcc/arm-none-eabi/9.3.1/thumb/v7-m/nofp/crtn.o
OUTPUT(EXTI-LAB3.elf elf32-littlearm)
LOAD linker stubs
LOAD c:/st/stm32cubeide_1.6.1/stm32cubeide/plugins/com.st.stm32cube.ide.mcu.externaltools.gnu-tools-for-stm32.9-2020-q2-update.win32_1.5.0.202011040924/tools/bin/../lib/gcc/arm-none-eabi/9.3.1/../../../../arm-none-eabi/lib/thumb/v7-m/nofp\libc.a
LOAD c:/st/stm32cubeide_1.6.1/stm32cubeide/plugins/com.st.stm32cube.ide.mcu.externaltools.gnu-tools-for-stm32.9-2020-q2-update.win32_1.5.0.202011040924/tools/bin/../lib/gcc/arm-none-eabi/9.3.1/../../../../arm-none-eabi/lib/thumb/v7-m/nofp\libm.a
LOAD c:/st/stm32cubeide_1.6.1/stm32cubeide/plugins/com.st.stm32cube.ide.mcu.externaltools.gnu-tools-for-stm32.9-2020-q2-update.win32_1.5.0.202011040924/tools/bin/../lib/gcc/arm-none-eabi/9.3.1/thumb/v7-m/nofp\libgcc.a

.debug_info     0x0000000000000000     0x1df4
 .debug_info    0x0000000000000000      0x219 HAL/HLED/HLED_prog.o
 .debug_info    0x0000000000000219      0x304 HAL/HPB/HPB_prog.o
 .debug_info    0x000000000000051d      0x35d MCAL/MEXTI/MEXTI_prog.o
 .debug_info    0x000000000000087a      0x580 MCAL/MGPIO/MGPIO_prog.o
 .debug_info    0x0000000000000dfa      0x53d MCAL/MNVIC/MNVIC_prog.o
 .debug_info    0x0000000000001337      0x28e MCAL/MRCC/MRCC_prog.o
 .debug_info    0x00000000000015c5      0x2c6 MCAL/MSTICK/MSTICK_prog.o
 .debug_info    0x000000000000188b      0x547 Src/main.o
 .debug_info    0x0000000000001dd2       0x22 Startup/startup_stm32f103c8tx.o

.debug_abbrev   0x0000000000000000      0x816
 .debug_abbrev  0x0000000000000000       0xb0 HAL/HLED/HLED_prog.o
 .debug_abbrev  0x00000000000000b0       0xea HAL/HPB/HPB_prog.o
 .debug_abbrev  0x000000000000019a      0x138 MCAL/MEXTI/MEXTI_prog.o
 .debug_abbrev  0x00000000000002d2      0x12a MCAL/MGPIO/MGPIO_prog.o
 .debug_abbrev  0x00000000000003fc      0x10b MCAL/MNVIC/MNVIC_prog.o
 .debug_abbrev  0x0000000000000507       0xe1 MCAL/MRCC/MRCC_prog.o
 .debug_abbrev  0x00000000000005e8      0x11e MCAL/MSTICK/MSTICK_prog.o
 .debug_abbrev  0x0000000000000706       0xfe Src/main.o
 .debug_abbrev  0x0000000000000804       0x12 Startup/startup_stm32f103c8tx.o

.debug_aranges  0x0000000000000000      0x270
 .debug_aranges
                0x0000000000000000       0x38 HAL/HLED/HLED_prog.o
 .debug_aranges
                0x0000000000000038       0x28 HAL/HPB/HPB_prog.o
 .debug_aranges
                0x0000000000000060       0x88 MCAL/MEXTI/MEXTI_prog.o
 .debug_aranges
                0x00000000000000e8       0x58 MCAL/MGPIO/MGPIO_prog.o
 .debug_aranges
                0x0000000000000140       0x58 MCAL/MNVIC/MNVIC_prog.o
 .debug_aranges
                0x0000000000000198       0x30 MCAL/MRCC/MRCC_prog.o
 .debug_aranges
                0x00000000000001c8       0x58 MCAL/MSTICK/MSTICK_prog.o
 .debug_aranges
                0x0000000000000220       0x28 Src/main.o
 .debug_aranges
                0x0000000000000248       0x28 Startup/startup_stm32f103c8tx.o

.debug_ranges   0x0000000000000000      0x1e8
 .debug_ranges  0x0000000000000000       0x28 HAL/HLED/HLED_prog.o
 .debug_ranges  0x0000000000000028       0x18 HAL/HPB/HPB_prog.o
 .debug_ranges  0x0000000000000040       0x78 MCAL/MEXTI/MEXTI_prog.o
 .debug_ranges  0x00000000000000b8       0x48 MCAL/MGPIO/MGPIO_prog.o
 .debug_ranges  0x0000000000000100       0x48 MCAL/MNVIC/MNVIC_prog.o
 .debug_ranges  0x0000000000000148       0x20 MCAL/MRCC/MRCC_prog.o
 .debug_ranges  0x0000000000000168       0x48 MCAL/MSTICK/MSTICK_prog.o
 .debug_ranges  0x00000000000001b0       0x18 Src/main.o
 .debug_ranges  0x00000000000001c8       0x20 Startup/startup_stm32f103c8tx.o

.debug_macro    0x0000000000000000     0x104e
 .debug_macro   0x0000000000000000       0x4a HAL/HLED/HLED_prog.o
 .debug_macro   0x000000000000004a      0xaa2 HAL/HLED/HLED_prog.o
 .debug_macro   0x0000000000000aec       0x10 HAL/HLED/HLED_prog.o
 .debug_macro   0x0000000000000afc       0x16 HAL/HLED/HLED_prog.o
 .debug_macro   0x0000000000000b12       0x10 HAL/HLED/HLED_prog.o
 .debug_macro   0x0000000000000b22       0x56 HAL/HPB/HPB_prog.o
 .debug_macro   0x0000000000000b78       0x66 MCAL/MEXTI/MEXTI_prog.o
 .debug_macro   0x0000000000000bde       0x16 MCAL/MEXTI/MEXTI_prog.o
 .debug_macro   0x0000000000000bf4       0x5d MCAL/MGPIO/MGPIO_prog.o
 .debug_macro   0x0000000000000c51       0x40 MCAL/MGPIO/MGPIO_prog.o
 .debug_macro   0x0000000000000c91       0x5c MCAL/MNVIC/MNVIC_prog.o
 .debug_macro   0x0000000000000ced       0x10 MCAL/MNVIC/MNVIC_prog.o
 .debug_macro   0x0000000000000cfd       0x34 MCAL/MNVIC/MNVIC_prog.o
 .debug_macro   0x0000000000000d31       0x52 MCAL/MRCC/MRCC_prog.o
 .debug_macro   0x0000000000000d83       0x40 MCAL/MRCC/MRCC_prog.o
 .debug_macro   0x0000000000000dc3      0x17e MCAL/MRCC/MRCC_prog.o
 .debug_macro   0x0000000000000f41       0x5c MCAL/MSTICK/MSTICK_prog.o
 .debug_macro   0x0000000000000f9d       0x10 MCAL/MSTICK/MSTICK_prog.o
 .debug_macro   0x0000000000000fad       0x2e MCAL/MSTICK/MSTICK_prog.o
 .debug_macro   0x0000000000000fdb       0x73 Src/main.o

.debug_line     0x0000000000000000     0x1913
 .debug_line    0x0000000000000000      0x178 HAL/HLED/HLED_prog.o
 .debug_line    0x0000000000000178      0x1e0 HAL/HPB/HPB_prog.o
 .debug_line    0x0000000000000358      0x412 MCAL/MEXTI/MEXTI_prog.o
 .debug_line    0x000000000000076a      0x5d8 MCAL/MGPIO/MGPIO_prog.o
 .debug_line    0x0000000000000d42      0x2d7 MCAL/MNVIC/MNVIC_prog.o
 .debug_line    0x0000000000001019      0x186 MCAL/MRCC/MRCC_prog.o
 .debug_line    0x000000000000119f      0x294 MCAL/MSTICK/MSTICK_prog.o
 .debug_line    0x0000000000001433      0x45c Src/main.o
 .debug_line    0x000000000000188f       0x84 Startup/startup_stm32f103c8tx.o

.debug_str      0x0000000000000000     0x484b
 .debug_str     0x0000000000000000     0x2fa1 HAL/HLED/HLED_prog.o
                                       0x301f (size before relaxing)
 .debug_str     0x0000000000002fa1      0x173 HAL/HPB/HPB_prog.o
                                       0x30ae (size before relaxing)
 .debug_str     0x0000000000003114      0x683 MCAL/MEXTI/MEXTI_prog.o
                                       0x34e9 (size before relaxing)
 .debug_str     0x0000000000003797      0x26f MCAL/MGPIO/MGPIO_prog.o
                                       0x358e (size before relaxing)
 .debug_str     0x0000000000003a06      0x4ca MCAL/MNVIC/MNVIC_prog.o
                                       0x36a6 (size before relaxing)
 .debug_str     0x0000000000003ed0      0x715 MCAL/MRCC/MRCC_prog.o
                                       0x38dd (size before relaxing)
 .debug_str     0x00000000000045e5      0x207 MCAL/MSTICK/MSTICK_prog.o
                                       0x33e7 (size before relaxing)
 .debug_str     0x00000000000047ec       0x2e Src/main.o
                                       0x341b (size before relaxing)
 .debug_str     0x000000000000481a       0x31 Startup/startup_stm32f103c8tx.o
                                         0x6d (size before relaxing)

.comment        0x0000000000000000       0x53
 .comment       0x0000000000000000       0x53 HAL/HLED/HLED_prog.o
                                         0x54 (size before relaxing)
 .comment       0x0000000000000053       0x54 HAL/HPB/HPB_prog.o
 .comment       0x0000000000000053       0x54 MCAL/MEXTI/MEXTI_prog.o
 .comment       0x0000000000000053       0x54 MCAL/MGPIO/MGPIO_prog.o
 .comment       0x0000000000000053       0x54 MCAL/MNVIC/MNVIC_prog.o
 .comment       0x0000000000000053       0x54 MCAL/MRCC/MRCC_prog.o
 .comment       0x0000000000000053       0x54 MCAL/MSTICK/MSTICK_prog.o
 .comment       0x0000000000000053       0x54 Src/main.o

.debug_frame    0x0000000000000000      0x7a8
 .debug_frame   0x0000000000000000       0xa0 HAL/HLED/HLED_prog.o
 .debug_frame   0x00000000000000a0       0x58 HAL/HPB/HPB_prog.o
 .debug_frame   0x00000000000000f8      0x1e4 MCAL/MEXTI/MEXTI_prog.o
 .debug_frame   0x00000000000002dc      0x150 MCAL/MGPIO/MGPIO_prog.o
 .debug_frame   0x000000000000042c      0x148 MCAL/MNVIC/MNVIC_prog.o
 .debug_frame   0x0000000000000574       0x80 MCAL/MRCC/MRCC_prog.o
 .debug_frame   0x00000000000005f4      0x13c MCAL/MSTICK/MSTICK_prog.o
 .debug_frame   0x0000000000000730       0x4c Src/main.o
 .debug_frame   0x000000000000077c       0x2c c:/st/stm32cubeide_1.6.1/stm32cubeide/plugins/com.st.stm32cube.ide.mcu.externaltools.gnu-tools-for-stm32.9-2020-q2-update.win32_1.5.0.202011040924/tools/bin/../lib/gcc/arm-none-eabi/9.3.1/../../../../arm-none-eabi/lib/thumb/v7-m/nofp\libc_nano.a(lib_a-init.o)
