Archive member included to satisfy reference by file (symbol)

c:/st/stm32cubeide_1.6.1/stm32cubeide/plugins/com.st.stm32cube.ide.mcu.externaltools.gnu-tools-for-stm32.9-2020-q2-update.win32_1.5.0.202011040924/tools/bin/../lib/gcc/arm-none-eabi/9.3.1/../../../../arm-none-eabi/lib/thumb/v7-m/nofp\libc_nano.a(lib_a-exit.o)
                              c:/st/stm32cubeide_1.6.1/stm32cubeide/plugins/com.st.stm32cube.ide.mcu.externaltools.gnu-tools-for-stm32.9-2020-q2-update.win32_1.5.0.202011040924/tools/bin/../lib/gcc/arm-none-eabi/9.3.1/../../../../arm-none-eabi/lib/thumb/v7-m/nofp/crt0.o (exit)
c:/st/stm32cubeide_1.6.1/stm32cubeide/plugins/com.st.stm32cube.ide.mcu.externaltools.gnu-tools-for-stm32.9-2020-q2-update.win32_1.5.0.202011040924/tools/bin/../lib/gcc/arm-none-eabi/9.3.1/../../../../arm-none-eabi/lib/thumb/v7-m/nofp\libc_nano.a(lib_a-impure.o)
                              c:/st/stm32cubeide_1.6.1/stm32cubeide/plugins/com.st.stm32cube.ide.mcu.externaltools.gnu-tools-for-stm32.9-2020-q2-update.win32_1.5.0.202011040924/tools/bin/../lib/gcc/arm-none-eabi/9.3.1/../../../../arm-none-eabi/lib/thumb/v7-m/nofp\libc_nano.a(lib_a-exit.o) (_global_impure_ptr)
c:/st/stm32cubeide_1.6.1/stm32cubeide/plugins/com.st.stm32cube.ide.mcu.externaltools.gnu-tools-for-stm32.9-2020-q2-update.win32_1.5.0.202011040924/tools/bin/../lib/gcc/arm-none-eabi/9.3.1/../../../../arm-none-eabi/lib/thumb/v7-m/nofp\libc_nano.a(lib_a-init.o)
                              c:/st/stm32cubeide_1.6.1/stm32cubeide/plugins/com.st.stm32cube.ide.mcu.externaltools.gnu-tools-for-stm32.9-2020-q2-update.win32_1.5.0.202011040924/tools/bin/../lib/gcc/arm-none-eabi/9.3.1/../../../../arm-none-eabi/lib/thumb/v7-m/nofp/crt0.o (__libc_init_array)
c:/st/stm32cubeide_1.6.1/stm32cubeide/plugins/com.st.stm32cube.ide.mcu.externaltools.gnu-tools-for-stm32.9-2020-q2-update.win32_1.5.0.202011040924/tools/bin/../lib/gcc/arm-none-eabi/9.3.1/../../../../arm-none-eabi/lib/thumb/v7-m/nofp\libc_nano.a(lib_a-memset.o)
                              c:/st/stm32cubeide_1.6.1/stm32cubeide/plugins/com.st.stm32cube.ide.mcu.externaltools.gnu-tools-for-stm32.9-2020-q2-update.win32_1.5.0.202011040924/tools/bin/../lib/gcc/arm-none-eabi/9.3.1/../../../../arm-none-eabi/lib/thumb/v7-m/nofp/crt0.o (memset)
c:/st/stm32cubeide_1.6.1/stm32cubeide/plugins/com.st.stm32cube.ide.mcu.externaltools.gnu-tools-for-stm32.9-2020-q2-update.win32_1.5.0.202011040924/tools/bin/../lib/gcc/arm-none-eabi/9.3.1/../../../../arm-none-eabi/lib/thumb/v7-m/nofp\libnosys.a(_exit.o)
                              c:/st/stm32cubeide_1.6.1/stm32cubeide/plugins/com.st.stm32cube.ide.mcu.externaltools.gnu-tools-for-stm32.9-2020-q2-update.win32_1.5.0.202011040924/tools/bin/../lib/gcc/arm-none-eabi/9.3.1/../../../../arm-none-eabi/lib/thumb/v7-m/nofp\libc_nano.a(lib_a-exit.o) (_exit)

Allocating common symbols
Common symbol       size              file

local_temp          0x1               MCAL/MSTICK/MSTICK_prog.o

Discarded input sections

 .text          0x0000000000000000        0x0 c:/st/stm32cubeide_1.6.1/stm32cubeide/plugins/com.st.stm32cube.ide.mcu.externaltools.gnu-tools-for-stm32.9-2020-q2-update.win32_1.5.0.202011040924/tools/bin/../lib/gcc/arm-none-eabi/9.3.1/thumb/v7-m/nofp/crti.o
 .data          0x0000000000000000        0x0 c:/st/stm32cubeide_1.6.1/stm32cubeide/plugins/com.st.stm32cube.ide.mcu.externaltools.gnu-tools-for-stm32.9-2020-q2-update.win32_1.5.0.202011040924/tools/bin/../lib/gcc/arm-none-eabi/9.3.1/thumb/v7-m/nofp/crti.o
 .bss           0x0000000000000000        0x0 c:/st/stm32cubeide_1.6.1/stm32cubeide/plugins/com.st.stm32cube.ide.mcu.externaltools.gnu-tools-for-stm32.9-2020-q2-update.win32_1.5.0.202011040924/tools/bin/../lib/gcc/arm-none-eabi/9.3.1/thumb/v7-m/nofp/crti.o
 .data          0x0000000000000000        0x4 c:/st/stm32cubeide_1.6.1/stm32cubeide/plugins/com.st.stm32cube.ide.mcu.externaltools.gnu-tools-for-stm32.9-2020-q2-update.win32_1.5.0.202011040924/tools/bin/../lib/gcc/arm-none-eabi/9.3.1/thumb/v7-m/nofp/crtbegin.o
 .text          0x0000000000000000       0x7c c:/st/stm32cubeide_1.6.1/stm32cubeide/plugins/com.st.stm32cube.ide.mcu.externaltools.gnu-tools-for-stm32.9-2020-q2-update.win32_1.5.0.202011040924/tools/bin/../lib/gcc/arm-none-eabi/9.3.1/../../../../arm-none-eabi/lib/thumb/v7-m/nofp/crt0.o
 .data          0x0000000000000000        0x0 c:/st/stm32cubeide_1.6.1/stm32cubeide/plugins/com.st.stm32cube.ide.mcu.externaltools.gnu-tools-for-stm32.9-2020-q2-update.win32_1.5.0.202011040924/tools/bin/../lib/gcc/arm-none-eabi/9.3.1/../../../../arm-none-eabi/lib/thumb/v7-m/nofp/crt0.o
 .bss           0x0000000000000000        0x0 c:/st/stm32cubeide_1.6.1/stm32cubeide/plugins/com.st.stm32cube.ide.mcu.externaltools.gnu-tools-for-stm32.9-2020-q2-update.win32_1.5.0.202011040924/tools/bin/../lib/gcc/arm-none-eabi/9.3.1/../../../../arm-none-eabi/lib/thumb/v7-m/nofp/crt0.o
 .ARM.extab     0x0000000000000000        0x0 c:/st/stm32cubeide_1.6.1/stm32cubeide/plugins/com.st.stm32cube.ide.mcu.externaltools.gnu-tools-for-stm32.9-2020-q2-update.win32_1.5.0.202011040924/tools/bin/../lib/gcc/arm-none-eabi/9.3.1/../../../../arm-none-eabi/lib/thumb/v7-m/nofp/crt0.o
 .ARM.exidx     0x0000000000000000       0x10 c:/st/stm32cubeide_1.6.1/stm32cubeide/plugins/com.st.stm32cube.ide.mcu.externaltools.gnu-tools-for-stm32.9-2020-q2-update.win32_1.5.0.202011040924/tools/bin/../lib/gcc/arm-none-eabi/9.3.1/../../../../arm-none-eabi/lib/thumb/v7-m/nofp/crt0.o
 .ARM.attributes
                0x0000000000000000       0x1b c:/st/stm32cubeide_1.6.1/stm32cubeide/plugins/com.st.stm32cube.ide.mcu.externaltools.gnu-tools-for-stm32.9-2020-q2-update.win32_1.5.0.202011040924/tools/bin/../lib/gcc/arm-none-eabi/9.3.1/../../../../arm-none-eabi/lib/thumb/v7-m/nofp/crt0.o
 .group         0x0000000000000000        0xc APP/APP_prog.o
 .group         0x0000000000000000        0xc APP/APP_prog.o
 .group         0x0000000000000000        0xc APP/APP_prog.o
 .group         0x0000000000000000        0xc APP/APP_prog.o
 .group         0x0000000000000000        0xc APP/APP_prog.o
 .group         0x0000000000000000        0xc APP/APP_prog.o
 .group         0x0000000000000000        0xc APP/APP_prog.o
 .group         0x0000000000000000        0xc APP/APP_prog.o
 .text          0x0000000000000000        0x0 APP/APP_prog.o
 .data          0x0000000000000000        0x0 APP/APP_prog.o
 .bss           0x0000000000000000        0x0 APP/APP_prog.o
 .group         0x0000000000000000        0xc HAL/HBUZZ/HBUZZ_prog.o
 .group         0x0000000000000000        0xc HAL/HBUZZ/HBUZZ_prog.o
 .text          0x0000000000000000        0x0 HAL/HBUZZ/HBUZZ_prog.o
 .data          0x0000000000000000        0x0 HAL/HBUZZ/HBUZZ_prog.o
 .bss           0x0000000000000000        0x0 HAL/HBUZZ/HBUZZ_prog.o
 .text.HBUZZ_enInit
                0x0000000000000000       0x3c HAL/HBUZZ/HBUZZ_prog.o
 .text.HBUZZ_enSetON
                0x0000000000000000       0x3c HAL/HBUZZ/HBUZZ_prog.o
 .text.HBUZZ_enSetOFF
                0x0000000000000000       0x3c HAL/HBUZZ/HBUZZ_prog.o
 .text.HBUZZ_enSetONCE
                0x0000000000000000       0x50 HAL/HBUZZ/HBUZZ_prog.o
 .text.HBUZZ_enSetNum
                0x0000000000000000       0x6e HAL/HBUZZ/HBUZZ_prog.o
 .debug_info    0x0000000000000000      0x353 HAL/HBUZZ/HBUZZ_prog.o
 .debug_abbrev  0x0000000000000000       0xdb HAL/HBUZZ/HBUZZ_prog.o
 .debug_aranges
                0x0000000000000000       0x40 HAL/HBUZZ/HBUZZ_prog.o
 .debug_ranges  0x0000000000000000       0x30 HAL/HBUZZ/HBUZZ_prog.o
 .debug_macro   0x0000000000000000       0x56 HAL/HBUZZ/HBUZZ_prog.o
 .debug_macro   0x0000000000000000      0xaa2 HAL/HBUZZ/HBUZZ_prog.o
 .debug_macro   0x0000000000000000       0x10 HAL/HBUZZ/HBUZZ_prog.o
 .debug_line    0x0000000000000000      0x2a1 HAL/HBUZZ/HBUZZ_prog.o
 .debug_str     0x0000000000000000     0x309f HAL/HBUZZ/HBUZZ_prog.o
 .comment       0x0000000000000000       0x54 HAL/HBUZZ/HBUZZ_prog.o
 .debug_frame   0x0000000000000000       0xc4 HAL/HBUZZ/HBUZZ_prog.o
 .ARM.attributes
                0x0000000000000000       0x2d HAL/HBUZZ/HBUZZ_prog.o
 .group         0x0000000000000000        0xc HAL/HKEYPAD/HKEYPAD_prog.o
 .group         0x0000000000000000        0xc HAL/HKEYPAD/HKEYPAD_prog.o
 .group         0x0000000000000000        0xc HAL/HKEYPAD/HKEYPAD_prog.o
 .group         0x0000000000000000        0xc HAL/HKEYPAD/HKEYPAD_prog.o
 .group         0x0000000000000000        0xc HAL/HKEYPAD/HKEYPAD_prog.o
 .text          0x0000000000000000        0x0 HAL/HKEYPAD/HKEYPAD_prog.o
 .data          0x0000000000000000        0x0 HAL/HKEYPAD/HKEYPAD_prog.o
 .bss           0x0000000000000000        0x0 HAL/HKEYPAD/HKEYPAD_prog.o
 .text.HKEYPAD_enInit
                0x0000000000000000       0xb4 HAL/HKEYPAD/HKEYPAD_prog.o
 .rodata        0x0000000000000000       0x20 HAL/HKEYPAD/HKEYPAD_prog.o
 .text.HKEYPAD_enGetPressedKey
                0x0000000000000000      0x194 HAL/HKEYPAD/HKEYPAD_prog.o
 .debug_info    0x0000000000000000      0x2cf HAL/HKEYPAD/HKEYPAD_prog.o
 .debug_abbrev  0x0000000000000000       0xe5 HAL/HKEYPAD/HKEYPAD_prog.o
 .debug_aranges
                0x0000000000000000       0x28 HAL/HKEYPAD/HKEYPAD_prog.o
 .debug_ranges  0x0000000000000000       0x18 HAL/HKEYPAD/HKEYPAD_prog.o
 .debug_macro   0x0000000000000000       0x53 HAL/HKEYPAD/HKEYPAD_prog.o
 .debug_macro   0x0000000000000000      0xaa2 HAL/HKEYPAD/HKEYPAD_prog.o
 .debug_macro   0x0000000000000000       0x10 HAL/HKEYPAD/HKEYPAD_prog.o
 .debug_macro   0x0000000000000000       0x10 HAL/HKEYPAD/HKEYPAD_prog.o
 .debug_macro   0x0000000000000000       0x1c HAL/HKEYPAD/HKEYPAD_prog.o
 .debug_macro   0x0000000000000000       0x46 HAL/HKEYPAD/HKEYPAD_prog.o
 .debug_line    0x0000000000000000      0x29f HAL/HKEYPAD/HKEYPAD_prog.o
 .debug_str     0x0000000000000000     0x3275 HAL/HKEYPAD/HKEYPAD_prog.o
 .comment       0x0000000000000000       0x54 HAL/HKEYPAD/HKEYPAD_prog.o
 .debug_frame   0x0000000000000000       0x5c HAL/HKEYPAD/HKEYPAD_prog.o
 .ARM.attributes
                0x0000000000000000       0x2d HAL/HKEYPAD/HKEYPAD_prog.o
 .group         0x0000000000000000        0xc HAL/HLCD/HLCD_prog.o
 .group         0x0000000000000000        0xc HAL/HLCD/HLCD_prog.o
 .group         0x0000000000000000        0xc HAL/HLCD/HLCD_prog.o
 .group         0x0000000000000000        0xc HAL/HLCD/HLCD_prog.o
 .group         0x0000000000000000        0xc HAL/HLCD/HLCD_prog.o
 .text          0x0000000000000000        0x0 HAL/HLCD/HLCD_prog.o
 .data          0x0000000000000000        0x0 HAL/HLCD/HLCD_prog.o
 .bss           0x0000000000000000        0x0 HAL/HLCD/HLCD_prog.o
 .text.HLCD_enInit
                0x0000000000000000       0xc0 HAL/HLCD/HLCD_prog.o
 .text.HLCD_enSendData
                0x0000000000000000       0x26 HAL/HLCD/HLCD_prog.o
 .text.HLCD_enSendCommand
                0x0000000000000000       0x26 HAL/HLCD/HLCD_prog.o
 .text.HLCD_enSendString
                0x0000000000000000       0x2c HAL/HLCD/HLCD_prog.o
 .text.HLCD_enCLearDisplay
                0x0000000000000000       0x10 HAL/HLCD/HLCD_prog.o
 .text.HLCD_enSendIntNum
                0x0000000000000000       0xd0 HAL/HLCD/HLCD_prog.o
 .text.HLCD_enGoToXY
                0x0000000000000000       0x58 HAL/HLCD/HLCD_prog.o
 .text.HLCD_CustomChar
                0x0000000000000000       0x46 HAL/HLCD/HLCD_prog.o
 .rodata        0x0000000000000000        0x8 HAL/HLCD/HLCD_prog.o
 .text.HLCD_voidNLatch
                0x0000000000000000       0xf8 HAL/HLCD/HLCD_prog.o
 .debug_info    0x0000000000000000      0x40e HAL/HLCD/HLCD_prog.o
 .debug_abbrev  0x0000000000000000      0x14f HAL/HLCD/HLCD_prog.o
 .debug_aranges
                0x0000000000000000       0x60 HAL/HLCD/HLCD_prog.o
 .debug_ranges  0x0000000000000000       0x50 HAL/HLCD/HLCD_prog.o
 .debug_macro   0x0000000000000000       0x5d HAL/HLCD/HLCD_prog.o
 .debug_macro   0x0000000000000000      0xaa2 HAL/HLCD/HLCD_prog.o
 .debug_macro   0x0000000000000000       0x10 HAL/HLCD/HLCD_prog.o
 .debug_macro   0x0000000000000000       0x22 HAL/HLCD/HLCD_prog.o
 .debug_macro   0x0000000000000000       0x52 HAL/HLCD/HLCD_prog.o
 .debug_macro   0x0000000000000000       0x34 HAL/HLCD/HLCD_prog.o
 .debug_line    0x0000000000000000      0x3bc HAL/HLCD/HLCD_prog.o
 .debug_str     0x0000000000000000     0x338f HAL/HLCD/HLCD_prog.o
 .comment       0x0000000000000000       0x54 HAL/HLCD/HLCD_prog.o
 .debug_frame   0x0000000000000000      0x14c HAL/HLCD/HLCD_prog.o
 .ARM.attributes
                0x0000000000000000       0x2d HAL/HLCD/HLCD_prog.o
 .group         0x0000000000000000        0xc HAL/HLED/HLED_prog.o
 .group         0x0000000000000000        0xc HAL/HLED/HLED_prog.o
 .group         0x0000000000000000        0xc HAL/HLED/HLED_prog.o
 .group         0x0000000000000000        0xc HAL/HLED/HLED_prog.o
 .text          0x0000000000000000        0x0 HAL/HLED/HLED_prog.o
 .data          0x0000000000000000        0x0 HAL/HLED/HLED_prog.o
 .bss           0x0000000000000000        0x0 HAL/HLED/HLED_prog.o
 .text.HLED_enInit
                0x0000000000000000       0x26 HAL/HLED/HLED_prog.o
 .text.HLED_enSetON
                0x0000000000000000       0x26 HAL/HLED/HLED_prog.o
 .text.HLED_enSetOFF
                0x0000000000000000       0x26 HAL/HLED/HLED_prog.o
 .text.HLED_enToggle
                0x0000000000000000       0x26 HAL/HLED/HLED_prog.o
 .debug_info    0x0000000000000000      0x219 HAL/HLED/HLED_prog.o
 .debug_abbrev  0x0000000000000000       0xb0 HAL/HLED/HLED_prog.o
 .debug_aranges
                0x0000000000000000       0x38 HAL/HLED/HLED_prog.o
 .debug_ranges  0x0000000000000000       0x28 HAL/HLED/HLED_prog.o
 .debug_macro   0x0000000000000000       0x4a HAL/HLED/HLED_prog.o
 .debug_macro   0x0000000000000000      0xaa2 HAL/HLED/HLED_prog.o
 .debug_macro   0x0000000000000000       0x10 HAL/HLED/HLED_prog.o
 .debug_macro   0x0000000000000000       0x16 HAL/HLED/HLED_prog.o
 .debug_macro   0x0000000000000000       0x10 HAL/HLED/HLED_prog.o
 .debug_line    0x0000000000000000      0x19e HAL/HLED/HLED_prog.o
 .debug_str     0x0000000000000000     0x3032 HAL/HLED/HLED_prog.o
 .comment       0x0000000000000000       0x54 HAL/HLED/HLED_prog.o
 .debug_frame   0x0000000000000000       0xa0 HAL/HLED/HLED_prog.o
 .ARM.attributes
                0x0000000000000000       0x2d HAL/HLED/HLED_prog.o
 .group         0x0000000000000000        0xc HAL/HLEDMRX/HLEDMRX_prog.o
 .group         0x0000000000000000        0xc HAL/HLEDMRX/HLEDMRX_prog.o
 .group         0x0000000000000000        0xc HAL/HLEDMRX/HLEDMRX_prog.o
 .group         0x0000000000000000        0xc HAL/HLEDMRX/HLEDMRX_prog.o
 .text          0x0000000000000000        0x0 HAL/HLEDMRX/HLEDMRX_prog.o
 .data          0x0000000000000000        0x0 HAL/HLEDMRX/HLEDMRX_prog.o
 .bss           0x0000000000000000        0x0 HAL/HLEDMRX/HLEDMRX_prog.o
 .text.HLEDMRX_enInit
                0x0000000000000000       0x1e HAL/HLEDMRX/HLEDMRX_prog.o
 .text.HLEDMRX_enDisplay
                0x0000000000000000       0x54 HAL/HLEDMRX/HLEDMRX_prog.o
 .text.HLEDMRX_voidSetRowValue
                0x0000000000000000       0x56 HAL/HLEDMRX/HLEDMRX_prog.o
 .debug_info    0x0000000000000000      0x298 HAL/HLEDMRX/HLEDMRX_prog.o
 .debug_abbrev  0x0000000000000000       0xed HAL/HLEDMRX/HLEDMRX_prog.o
 .debug_aranges
                0x0000000000000000       0x30 HAL/HLEDMRX/HLEDMRX_prog.o
 .debug_ranges  0x0000000000000000       0x20 HAL/HLEDMRX/HLEDMRX_prog.o
 .debug_macro   0x0000000000000000       0x72 HAL/HLEDMRX/HLEDMRX_prog.o
 .debug_macro   0x0000000000000000      0xaa2 HAL/HLEDMRX/HLEDMRX_prog.o
 .debug_macro   0x0000000000000000       0x10 HAL/HLEDMRX/HLEDMRX_prog.o
 .debug_macro   0x0000000000000000       0x22 HAL/HLEDMRX/HLEDMRX_prog.o
 .debug_macro   0x0000000000000000       0xd5 HAL/HLEDMRX/HLEDMRX_prog.o
 .debug_line    0x0000000000000000      0x2d1 HAL/HLEDMRX/HLEDMRX_prog.o
 .debug_str     0x0000000000000000     0x3625 HAL/HLEDMRX/HLEDMRX_prog.o
 .comment       0x0000000000000000       0x54 HAL/HLEDMRX/HLEDMRX_prog.o
 .debug_frame   0x0000000000000000       0x74 HAL/HLEDMRX/HLEDMRX_prog.o
 .ARM.attributes
                0x0000000000000000       0x2d HAL/HLEDMRX/HLEDMRX_prog.o
 .group         0x0000000000000000        0xc HAL/HPB/HPB_prog.o
 .group         0x0000000000000000        0xc HAL/HPB/HPB_prog.o
 .text          0x0000000000000000        0x0 HAL/HPB/HPB_prog.o
 .data          0x0000000000000000        0x0 HAL/HPB/HPB_prog.o
 .bss           0x0000000000000000        0x0 HAL/HPB/HPB_prog.o
 .text.HPB_enInit
                0x0000000000000000       0x4c HAL/HPB/HPB_prog.o
 .text.HPB_enRead
                0x0000000000000000       0x7c HAL/HPB/HPB_prog.o
 .debug_info    0x0000000000000000      0x304 HAL/HPB/HPB_prog.o
 .debug_abbrev  0x0000000000000000       0xea HAL/HPB/HPB_prog.o
 .debug_aranges
                0x0000000000000000       0x28 HAL/HPB/HPB_prog.o
 .debug_ranges  0x0000000000000000       0x18 HAL/HPB/HPB_prog.o
 .debug_macro   0x0000000000000000       0x4c HAL/HPB/HPB_prog.o
 .debug_macro   0x0000000000000000      0xaa2 HAL/HPB/HPB_prog.o
 .debug_macro   0x0000000000000000       0x10 HAL/HPB/HPB_prog.o
 .debug_line    0x0000000000000000      0x1a2 HAL/HPB/HPB_prog.o
 .debug_str     0x0000000000000000     0x30a9 HAL/HPB/HPB_prog.o
 .comment       0x0000000000000000       0x54 HAL/HPB/HPB_prog.o
 .debug_frame   0x0000000000000000       0x58 HAL/HPB/HPB_prog.o
 .ARM.attributes
                0x0000000000000000       0x2d HAL/HPB/HPB_prog.o
 .group         0x0000000000000000        0xc HAL/HSSD/V1/HSSD_prog.o
 .group         0x0000000000000000        0xc HAL/HSSD/V1/HSSD_prog.o
 .group         0x0000000000000000        0xc HAL/HSSD/V1/HSSD_prog.o
 .group         0x0000000000000000        0xc HAL/HSSD/V1/HSSD_prog.o
 .text          0x0000000000000000        0x0 HAL/HSSD/V1/HSSD_prog.o
 .data          0x0000000000000000        0x0 HAL/HSSD/V1/HSSD_prog.o
 .bss           0x0000000000000000        0x0 HAL/HSSD/V1/HSSD_prog.o
 .text.HSSD_enInit
                0x0000000000000000       0x78 HAL/HSSD/V1/HSSD_prog.o
 .text.HSSD_enDisplayIntegerNumber
                0x0000000000000000      0x6c4 HAL/HSSD/V1/HSSD_prog.o
 .debug_info    0x0000000000000000      0x273 HAL/HSSD/V1/HSSD_prog.o
 .debug_abbrev  0x0000000000000000       0xdb HAL/HSSD/V1/HSSD_prog.o
 .debug_aranges
                0x0000000000000000       0x28 HAL/HSSD/V1/HSSD_prog.o
 .debug_ranges  0x0000000000000000       0x18 HAL/HSSD/V1/HSSD_prog.o
 .debug_macro   0x0000000000000000       0x54 HAL/HSSD/V1/HSSD_prog.o
 .debug_macro   0x0000000000000000      0xaa2 HAL/HSSD/V1/HSSD_prog.o
 .debug_macro   0x0000000000000000       0x10 HAL/HSSD/V1/HSSD_prog.o
 .debug_macro   0x0000000000000000       0x52 HAL/HSSD/V1/HSSD_prog.o
 .debug_macro   0x0000000000000000       0x16 HAL/HSSD/V1/HSSD_prog.o
 .debug_line    0x0000000000000000      0x2d5 HAL/HSSD/V1/HSSD_prog.o
 .debug_str     0x0000000000000000     0x31cf HAL/HSSD/V1/HSSD_prog.o
 .comment       0x0000000000000000       0x54 HAL/HSSD/V1/HSSD_prog.o
 .debug_frame   0x0000000000000000       0x5c HAL/HSSD/V1/HSSD_prog.o
 .ARM.attributes
                0x0000000000000000       0x2d HAL/HSSD/V1/HSSD_prog.o
 .group         0x0000000000000000        0xc HAL/HSSD/V2/HSSD_prog.o
 .text          0x0000000000000000        0x0 HAL/HSSD/V2/HSSD_prog.o
 .data          0x0000000000000000        0x0 HAL/HSSD/V2/HSSD_prog.o
 .bss           0x0000000000000000        0x0 HAL/HSSD/V2/HSSD_prog.o
 .debug_info    0x0000000000000000       0x21 HAL/HSSD/V2/HSSD_prog.o
 .debug_abbrev  0x0000000000000000       0x13 HAL/HSSD/V2/HSSD_prog.o
 .debug_aranges
                0x0000000000000000       0x18 HAL/HSSD/V2/HSSD_prog.o
 .debug_macro   0x0000000000000000       0x11 HAL/HSSD/V2/HSSD_prog.o
 .debug_macro   0x0000000000000000      0xaa2 HAL/HSSD/V2/HSSD_prog.o
 .debug_line    0x0000000000000000       0x3b HAL/HSSD/V2/HSSD_prog.o
 .debug_str     0x0000000000000000     0x2d90 HAL/HSSD/V2/HSSD_prog.o
 .comment       0x0000000000000000       0x54 HAL/HSSD/V2/HSSD_prog.o
 .ARM.attributes
                0x0000000000000000       0x33 HAL/HSSD/V2/HSSD_prog.o
 .group         0x0000000000000000        0xc MCAL/MADC/MADC_prog.o
 .group         0x0000000000000000        0xc MCAL/MADC/MADC_prog.o
 .group         0x0000000000000000        0xc MCAL/MADC/MADC_prog.o
 .group         0x0000000000000000        0xc MCAL/MADC/MADC_prog.o
 .group         0x0000000000000000        0xc MCAL/MADC/MADC_prog.o
 .text          0x0000000000000000        0x0 MCAL/MADC/MADC_prog.o
 .data          0x0000000000000000        0x0 MCAL/MADC/MADC_prog.o
 .bss           0x0000000000000000        0x0 MCAL/MADC/MADC_prog.o
 .text.MADC_enInit
                0x0000000000000000      0x16c MCAL/MADC/MADC_prog.o
 .text.MADC_enSampleChannel
                0x0000000000000000       0x88 MCAL/MADC/MADC_prog.o
 .text.MADC_enRegSingleChannel
                0x0000000000000000       0x68 MCAL/MADC/MADC_prog.o
 .text.MADC_enInjSingleChannel
                0x0000000000000000       0x68 MCAL/MADC/MADC_prog.o
 .text.MADC_enInjGroupChannel
                0x0000000000000000       0x80 MCAL/MADC/MADC_prog.o
 .text.MADC_enRegGroupChannel
                0x0000000000000000       0xec MCAL/MADC/MADC_prog.o
 .text.MADC_enEnableInt
                0x0000000000000000       0x44 MCAL/MADC/MADC_prog.o
 .text.MADC_enDisableInt
                0x0000000000000000       0x48 MCAL/MADC/MADC_prog.o
 .text.MADC_enIntCallBack
                0x0000000000000000       0x30 MCAL/MADC/MADC_prog.o
 .debug_macro   0x0000000000000000      0xaa2 MCAL/MADC/MADC_prog.o
 .debug_macro   0x0000000000000000       0x10 MCAL/MADC/MADC_prog.o
 .debug_macro   0x0000000000000000       0xd5 MCAL/MADC/MADC_prog.o
 .debug_macro   0x0000000000000000       0x22 MCAL/MADC/MADC_prog.o
 .group         0x0000000000000000        0xc MCAL/MAFIO/MAFIO_prog.o
 .group         0x0000000000000000        0xc MCAL/MAFIO/MAFIO_prog.o
 .group         0x0000000000000000        0xc MCAL/MAFIO/MAFIO_prog.o
 .group         0x0000000000000000        0xc MCAL/MAFIO/MAFIO_prog.o
 .group         0x0000000000000000        0xc MCAL/MAFIO/MAFIO_prog.o
 .text          0x0000000000000000        0x0 MCAL/MAFIO/MAFIO_prog.o
 .data          0x0000000000000000        0x0 MCAL/MAFIO/MAFIO_prog.o
 .bss           0x0000000000000000        0x0 MCAL/MAFIO/MAFIO_prog.o
 .text.MAFIO_enSetEXTIConfig
                0x0000000000000000       0xb4 MCAL/MAFIO/MAFIO_prog.o
 .debug_info    0x0000000000000000      0x1c4 MCAL/MAFIO/MAFIO_prog.o
 .debug_abbrev  0x0000000000000000       0xd3 MCAL/MAFIO/MAFIO_prog.o
 .debug_aranges
                0x0000000000000000       0x20 MCAL/MAFIO/MAFIO_prog.o
 .debug_ranges  0x0000000000000000       0x10 MCAL/MAFIO/MAFIO_prog.o
 .debug_macro   0x0000000000000000       0x71 MCAL/MAFIO/MAFIO_prog.o
 .debug_macro   0x0000000000000000      0xaa2 MCAL/MAFIO/MAFIO_prog.o
 .debug_macro   0x0000000000000000       0x10 MCAL/MAFIO/MAFIO_prog.o
 .debug_macro   0x0000000000000000       0x22 MCAL/MAFIO/MAFIO_prog.o
 .debug_macro   0x0000000000000000       0xd5 MCAL/MAFIO/MAFIO_prog.o
 .debug_macro   0x0000000000000000       0x7c MCAL/MAFIO/MAFIO_prog.o
 .debug_line    0x0000000000000000      0x278 MCAL/MAFIO/MAFIO_prog.o
 .debug_str     0x0000000000000000     0x365f MCAL/MAFIO/MAFIO_prog.o
 .comment       0x0000000000000000       0x54 MCAL/MAFIO/MAFIO_prog.o
 .debug_frame   0x0000000000000000       0x38 MCAL/MAFIO/MAFIO_prog.o
 .ARM.attributes
                0x0000000000000000       0x2d MCAL/MAFIO/MAFIO_prog.o
 .group         0x0000000000000000        0xc MCAL/MDMA/MDMA_prog.o
 .group         0x0000000000000000        0xc MCAL/MDMA/MDMA_prog.o
 .group         0x0000000000000000        0xc MCAL/MDMA/MDMA_prog.o
 .group         0x0000000000000000        0xc MCAL/MDMA/MDMA_prog.o
 .group         0x0000000000000000        0xc MCAL/MDMA/MDMA_prog.o
 .text          0x0000000000000000        0x0 MCAL/MDMA/MDMA_prog.o
 .data          0x0000000000000000        0x0 MCAL/MDMA/MDMA_prog.o
 .bss           0x0000000000000000        0x0 MCAL/MDMA/MDMA_prog.o
 .text.MDMA_enInit
                0x0000000000000000      0x4b4 MCAL/MDMA/MDMA_prog.o
 .text.MDMA_enEnableInt
                0x0000000000000000       0x6c MCAL/MDMA/MDMA_prog.o
 .text.MDMA_enDisableInt
                0x0000000000000000       0x70 MCAL/MDMA/MDMA_prog.o
 .text.MDMA_enReadIntState
                0x0000000000000000       0x60 MCAL/MDMA/MDMA_prog.o
 .text.MDMA_enIntCallBack
                0x0000000000000000       0x38 MCAL/MDMA/MDMA_prog.o
 .text.MDMA_enTranferInit
                0x0000000000000000       0xc8 MCAL/MDMA/MDMA_prog.o
 .text.MDMA_enTranferBusyStart
                0x0000000000000000       0x60 MCAL/MDMA/MDMA_prog.o
 .debug_macro   0x0000000000000000      0xaa2 MCAL/MDMA/MDMA_prog.o
 .debug_macro   0x0000000000000000       0x10 MCAL/MDMA/MDMA_prog.o
 .debug_macro   0x0000000000000000       0xd5 MCAL/MDMA/MDMA_prog.o
 .debug_macro   0x0000000000000000       0x22 MCAL/MDMA/MDMA_prog.o
 .group         0x0000000000000000        0xc MCAL/MEXTI/MEXTI_prog.o
 .group         0x0000000000000000        0xc MCAL/MEXTI/MEXTI_prog.o
 .group         0x0000000000000000        0xc MCAL/MEXTI/MEXTI_prog.o
 .group         0x0000000000000000        0xc MCAL/MEXTI/MEXTI_prog.o
 .group         0x0000000000000000        0xc MCAL/MEXTI/MEXTI_prog.o
 .group         0x0000000000000000        0xc MCAL/MEXTI/MEXTI_prog.o
 .text          0x0000000000000000        0x0 MCAL/MEXTI/MEXTI_prog.o
 .data          0x0000000000000000        0x0 MCAL/MEXTI/MEXTI_prog.o
 .bss           0x0000000000000000        0x0 MCAL/MEXTI/MEXTI_prog.o
 .text.MEXTI_enInit
                0x0000000000000000       0x2c MCAL/MEXTI/MEXTI_prog.o
 .text.MEXTI_enEnable
                0x0000000000000000       0x40 MCAL/MEXTI/MEXTI_prog.o
 .text.MEXTI_enDisable
                0x0000000000000000       0x40 MCAL/MEXTI/MEXTI_prog.o
 .text.MEXTI_enCallBack
                0x0000000000000000       0x38 MCAL/MEXTI/MEXTI_prog.o
 .text.MEXTI_enSWInterrupt
                0x0000000000000000       0x54 MCAL/MEXTI/MEXTI_prog.o
 .text.MEXTI_enClearPendingBit
                0x0000000000000000       0x40 MCAL/MEXTI/MEXTI_prog.o
 .text.MEXTI_enSetLatch
                0x0000000000000000       0xb4 MCAL/MEXTI/MEXTI_prog.o
 .debug_macro   0x0000000000000000      0xaa2 MCAL/MEXTI/MEXTI_prog.o
 .debug_macro   0x0000000000000000       0x10 MCAL/MEXTI/MEXTI_prog.o
 .debug_macro   0x0000000000000000       0x22 MCAL/MEXTI/MEXTI_prog.o
 .debug_macro   0x0000000000000000       0xd5 MCAL/MEXTI/MEXTI_prog.o
 .debug_macro   0x0000000000000000       0x7c MCAL/MEXTI/MEXTI_prog.o
 .group         0x0000000000000000        0xc MCAL/MGPIO/MGPIO_prog.o
 .group         0x0000000000000000        0xc MCAL/MGPIO/MGPIO_prog.o
 .group         0x0000000000000000        0xc MCAL/MGPIO/MGPIO_prog.o
 .group         0x0000000000000000        0xc MCAL/MGPIO/MGPIO_prog.o
 .group         0x0000000000000000        0xc MCAL/MGPIO/MGPIO_prog.o
 .text          0x0000000000000000        0x0 MCAL/MGPIO/MGPIO_prog.o
 .data          0x0000000000000000        0x0 MCAL/MGPIO/MGPIO_prog.o
 .bss           0x0000000000000000        0x0 MCAL/MGPIO/MGPIO_prog.o
 .text.MGPIO_enSetPinDirection
                0x0000000000000000      0x1b4 MCAL/MGPIO/MGPIO_prog.o
 .text.MGPIO_enSetPinValue
                0x0000000000000000      0x108 MCAL/MGPIO/MGPIO_prog.o
 .text.MGPIO_enTogglePin
                0x0000000000000000       0x88 MCAL/MGPIO/MGPIO_prog.o
 .text.MGPIO_enGetPinValue
                0x0000000000000000       0x90 MCAL/MGPIO/MGPIO_prog.o
 .text.MGPIO_enSetPortDirection
                0x0000000000000000       0xdc MCAL/MGPIO/MGPIO_prog.o
 .text.MGPIO_enSetPortValue
                0x0000000000000000      0x1cc MCAL/MGPIO/MGPIO_prog.o
 .text.MGPIO_enSetResetPin
                0x0000000000000000       0xc8 MCAL/MGPIO/MGPIO_prog.o
 .text.MGPIO_enLockPin
                0x0000000000000000      0x1a0 MCAL/MGPIO/MGPIO_prog.o
 .debug_info    0x0000000000000000      0x585 MCAL/MGPIO/MGPIO_prog.o
 .debug_abbrev  0x0000000000000000      0x131 MCAL/MGPIO/MGPIO_prog.o
 .debug_aranges
                0x0000000000000000       0x58 MCAL/MGPIO/MGPIO_prog.o
 .debug_ranges  0x0000000000000000       0x48 MCAL/MGPIO/MGPIO_prog.o
 .debug_macro   0x0000000000000000       0x5d MCAL/MGPIO/MGPIO_prog.o
 .debug_macro   0x0000000000000000      0xaa2 MCAL/MGPIO/MGPIO_prog.o
 .debug_macro   0x0000000000000000       0x10 MCAL/MGPIO/MGPIO_prog.o
 .debug_macro   0x0000000000000000       0x22 MCAL/MGPIO/MGPIO_prog.o
 .debug_macro   0x0000000000000000       0xd5 MCAL/MGPIO/MGPIO_prog.o
 .debug_macro   0x0000000000000000       0x40 MCAL/MGPIO/MGPIO_prog.o
 .debug_line    0x0000000000000000      0x5fe MCAL/MGPIO/MGPIO_prog.o
 .debug_str     0x0000000000000000     0x37b0 MCAL/MGPIO/MGPIO_prog.o
 .comment       0x0000000000000000       0x54 MCAL/MGPIO/MGPIO_prog.o
 .debug_frame   0x0000000000000000      0x150 MCAL/MGPIO/MGPIO_prog.o
 .ARM.attributes
                0x0000000000000000       0x2d MCAL/MGPIO/MGPIO_prog.o
 .group         0x0000000000000000        0xc MCAL/MI2C/MI2C_prog.o
 .text          0x0000000000000000        0x0 MCAL/MI2C/MI2C_prog.o
 .data          0x0000000000000000        0x0 MCAL/MI2C/MI2C_prog.o
 .bss           0x0000000000000000        0x0 MCAL/MI2C/MI2C_prog.o
 .debug_info    0x0000000000000000       0x21 MCAL/MI2C/MI2C_prog.o
 .debug_abbrev  0x0000000000000000       0x13 MCAL/MI2C/MI2C_prog.o
 .debug_aranges
                0x0000000000000000       0x18 MCAL/MI2C/MI2C_prog.o
 .debug_macro   0x0000000000000000       0x11 MCAL/MI2C/MI2C_prog.o
 .debug_macro   0x0000000000000000      0xaa2 MCAL/MI2C/MI2C_prog.o
 .debug_line    0x0000000000000000       0x39 MCAL/MI2C/MI2C_prog.o
 .debug_str     0x0000000000000000     0x2d8e MCAL/MI2C/MI2C_prog.o
 .comment       0x0000000000000000       0x54 MCAL/MI2C/MI2C_prog.o
 .ARM.attributes
                0x0000000000000000       0x33 MCAL/MI2C/MI2C_prog.o
 .group         0x0000000000000000        0xc MCAL/MNVIC/MNVIC_prog.o
 .group         0x0000000000000000        0xc MCAL/MNVIC/MNVIC_prog.o
 .group         0x0000000000000000        0xc MCAL/MNVIC/MNVIC_prog.o
 .group         0x0000000000000000        0xc MCAL/MNVIC/MNVIC_prog.o
 .group         0x0000000000000000        0xc MCAL/MNVIC/MNVIC_prog.o
 .group         0x0000000000000000        0xc MCAL/MNVIC/MNVIC_prog.o
 .text          0x0000000000000000        0x0 MCAL/MNVIC/MNVIC_prog.o
 .data          0x0000000000000000        0x0 MCAL/MNVIC/MNVIC_prog.o
 .bss           0x0000000000000000        0x0 MCAL/MNVIC/MNVIC_prog.o
 .text.MNVIC_enEnableNVIC
                0x0000000000000000       0x1c MCAL/MNVIC/MNVIC_prog.o
 .text.MNVIC_enEnableInt
                0x0000000000000000       0x4c MCAL/MNVIC/MNVIC_prog.o
 .text.MNVIC_enDisableInt
                0x0000000000000000       0x50 MCAL/MNVIC/MNVIC_prog.o
 .text.MNVIC_enSetPendingFlag
                0x0000000000000000       0x50 MCAL/MNVIC/MNVIC_prog.o
 .text.MNVIC_enClrPendingFlag
                0x0000000000000000       0x50 MCAL/MNVIC/MNVIC_prog.o
 .text.MNVIC_enGetPendingFlag
                0x0000000000000000       0x6c MCAL/MNVIC/MNVIC_prog.o
 .text.MNVIC_enGetActiveFlag
                0x0000000000000000       0x6c MCAL/MNVIC/MNVIC_prog.o
 .text.MNVIC_enSetPriority
                0x0000000000000000       0xac MCAL/MNVIC/MNVIC_prog.o
 .debug_info    0x0000000000000000      0x53d MCAL/MNVIC/MNVIC_prog.o
 .debug_abbrev  0x0000000000000000      0x10b MCAL/MNVIC/MNVIC_prog.o
 .debug_aranges
                0x0000000000000000       0x58 MCAL/MNVIC/MNVIC_prog.o
 .debug_ranges  0x0000000000000000       0x48 MCAL/MNVIC/MNVIC_prog.o
 .debug_macro   0x0000000000000000       0x5c MCAL/MNVIC/MNVIC_prog.o
 .debug_macro   0x0000000000000000      0xaa2 MCAL/MNVIC/MNVIC_prog.o
 .debug_macro   0x0000000000000000       0x10 MCAL/MNVIC/MNVIC_prog.o
 .debug_macro   0x0000000000000000       0x22 MCAL/MNVIC/MNVIC_prog.o
 .debug_macro   0x0000000000000000       0xd5 MCAL/MNVIC/MNVIC_prog.o
 .debug_macro   0x0000000000000000       0x10 MCAL/MNVIC/MNVIC_prog.o
 .debug_macro   0x0000000000000000       0x34 MCAL/MNVIC/MNVIC_prog.o
 .debug_line    0x0000000000000000      0x2fd MCAL/MNVIC/MNVIC_prog.o
 .debug_str     0x0000000000000000     0x38c8 MCAL/MNVIC/MNVIC_prog.o
 .comment       0x0000000000000000       0x54 MCAL/MNVIC/MNVIC_prog.o
 .debug_frame   0x0000000000000000      0x148 MCAL/MNVIC/MNVIC_prog.o
 .ARM.attributes
                0x0000000000000000       0x2d MCAL/MNVIC/MNVIC_prog.o
 .group         0x0000000000000000        0xc MCAL/MRCC/MRCC_prog.o
 .group         0x0000000000000000        0xc MCAL/MRCC/MRCC_prog.o
 .group         0x0000000000000000        0xc MCAL/MRCC/MRCC_prog.o
 .group         0x0000000000000000        0xc MCAL/MRCC/MRCC_prog.o
 .group         0x0000000000000000        0xc MCAL/MRCC/MRCC_prog.o
 .group         0x0000000000000000        0xc MCAL/MRCC/MRCC_prog.o
 .text          0x0000000000000000        0x0 MCAL/MRCC/MRCC_prog.o
 .data          0x0000000000000000        0x0 MCAL/MRCC/MRCC_prog.o
 .bss           0x0000000000000000        0x0 MCAL/MRCC/MRCC_prog.o
 .text.MRCC_enSysClkINIT
                0x0000000000000000       0x78 MCAL/MRCC/MRCC_prog.o
 .text.MRCC_enEnablePeripheralCLK
                0x0000000000000000       0x84 MCAL/MRCC/MRCC_prog.o
 .text.MRCC_enDisablePeripheralCLK
                0x0000000000000000       0x88 MCAL/MRCC/MRCC_prog.o
 .debug_info    0x0000000000000000      0x293 MCAL/MRCC/MRCC_prog.o
 .debug_abbrev  0x0000000000000000       0xdf MCAL/MRCC/MRCC_prog.o
 .debug_aranges
                0x0000000000000000       0x30 MCAL/MRCC/MRCC_prog.o
 .debug_ranges  0x0000000000000000       0x20 MCAL/MRCC/MRCC_prog.o
 .debug_macro   0x0000000000000000       0x52 MCAL/MRCC/MRCC_prog.o
 .debug_macro   0x0000000000000000      0xaa2 MCAL/MRCC/MRCC_prog.o
 .debug_macro   0x0000000000000000       0x10 MCAL/MRCC/MRCC_prog.o
 .debug_macro   0x0000000000000000       0x22 MCAL/MRCC/MRCC_prog.o
 .debug_macro   0x0000000000000000       0xd5 MCAL/MRCC/MRCC_prog.o
 .debug_macro   0x0000000000000000       0x40 MCAL/MRCC/MRCC_prog.o
 .debug_macro   0x0000000000000000      0x17e MCAL/MRCC/MRCC_prog.o
 .debug_line    0x0000000000000000      0x199 MCAL/MRCC/MRCC_prog.o
 .debug_str     0x0000000000000000     0x3b8c MCAL/MRCC/MRCC_prog.o
 .comment       0x0000000000000000       0x54 MCAL/MRCC/MRCC_prog.o
 .debug_frame   0x0000000000000000       0x80 MCAL/MRCC/MRCC_prog.o
 .ARM.attributes
                0x0000000000000000       0x2d MCAL/MRCC/MRCC_prog.o
 .group         0x0000000000000000        0xc MCAL/MSPI/MSPI_prog.o
 .group         0x0000000000000000        0xc MCAL/MSPI/MSPI_prog.o
 .group         0x0000000000000000        0xc MCAL/MSPI/MSPI_prog.o
 .group         0x0000000000000000        0xc MCAL/MSPI/MSPI_prog.o
 .group         0x0000000000000000        0xc MCAL/MSPI/MSPI_prog.o
 .group         0x0000000000000000        0xc MCAL/MSPI/MSPI_prog.o
 .group         0x0000000000000000        0xc MCAL/MSPI/MSPI_prog.o
 .text          0x0000000000000000        0x0 MCAL/MSPI/MSPI_prog.o
 .data          0x0000000000000000        0x0 MCAL/MSPI/MSPI_prog.o
 .bss           0x0000000000000000        0x0 MCAL/MSPI/MSPI_prog.o
 .text.MSPI_enMasterInit
                0x0000000000000000      0x134 MCAL/MSPI/MSPI_prog.o
 .text.MSPI_enSlaveInit
                0x0000000000000000      0x134 MCAL/MSPI/MSPI_prog.o
 .text.MSPI_enMasterSend
                0x0000000000000000       0x68 MCAL/MSPI/MSPI_prog.o
 .text.MSPI_enSlaveReceive
                0x0000000000000000       0x5c MCAL/MSPI/MSPI_prog.o
 .text.MSPI_enEnableInt
                0x0000000000000000       0x5c MCAL/MSPI/MSPI_prog.o
 .text.MSPI_enDisableInt
                0x0000000000000000       0x60 MCAL/MSPI/MSPI_prog.o
 .text.MSPI_enIntCallBack
                0x0000000000000000       0x64 MCAL/MSPI/MSPI_prog.o
 .debug_macro   0x0000000000000000      0xaa2 MCAL/MSPI/MSPI_prog.o
 .debug_macro   0x0000000000000000       0x10 MCAL/MSPI/MSPI_prog.o
 .debug_macro   0x0000000000000000       0xd5 MCAL/MSPI/MSPI_prog.o
 .debug_macro   0x0000000000000000       0x22 MCAL/MSPI/MSPI_prog.o
 .debug_macro   0x0000000000000000       0x3a MCAL/MSPI/MSPI_prog.o
 .group         0x0000000000000000        0xc MCAL/MSTICK/MSTICK_prog.o
 .group         0x0000000000000000        0xc MCAL/MSTICK/MSTICK_prog.o
 .group         0x0000000000000000        0xc MCAL/MSTICK/MSTICK_prog.o
 .group         0x0000000000000000        0xc MCAL/MSTICK/MSTICK_prog.o
 .group         0x0000000000000000        0xc MCAL/MSTICK/MSTICK_prog.o
 .group         0x0000000000000000        0xc MCAL/MSTICK/MSTICK_prog.o
 .text          0x0000000000000000        0x0 MCAL/MSTICK/MSTICK_prog.o
 .data          0x0000000000000000        0x0 MCAL/MSTICK/MSTICK_prog.o
 .bss           0x0000000000000000        0x0 MCAL/MSTICK/MSTICK_prog.o
 .text.MSTK_enInit
                0x0000000000000000       0x20 MCAL/MSTICK/MSTICK_prog.o
 .text.MSTK_enDelayMS
                0x0000000000000000       0x54 MCAL/MSTICK/MSTICK_prog.o
 .text.MSTK_enSetIntervalSingle
                0x0000000000000000       0x5c MCAL/MSTICK/MSTICK_prog.o
 .text.MSTK_enSetIntervalPeriodic
                0x0000000000000000       0x5c MCAL/MSTICK/MSTICK_prog.o
 .text.MSTK_enGetElapsedTime
                0x0000000000000000       0x38 MCAL/MSTICK/MSTICK_prog.o
 .text.MSTK_enRemainingValue
                0x0000000000000000       0x30 MCAL/MSTICK/MSTICK_prog.o
 .text.STK_enStop
                0x0000000000000000       0x20 MCAL/MSTICK/MSTICK_prog.o
 .debug_macro   0x0000000000000000      0xaa2 MCAL/MSTICK/MSTICK_prog.o
 .debug_macro   0x0000000000000000       0x10 MCAL/MSTICK/MSTICK_prog.o
 .debug_macro   0x0000000000000000       0x22 MCAL/MSTICK/MSTICK_prog.o
 .debug_macro   0x0000000000000000       0xd5 MCAL/MSTICK/MSTICK_prog.o
 .group         0x0000000000000000        0xc MCAL/MUSART/MUSART_prog.o
 .group         0x0000000000000000        0xc MCAL/MUSART/MUSART_prog.o
 .group         0x0000000000000000        0xc MCAL/MUSART/MUSART_prog.o
 .group         0x0000000000000000        0xc MCAL/MUSART/MUSART_prog.o
 .group         0x0000000000000000        0xc MCAL/MUSART/MUSART_prog.o
 .group         0x0000000000000000        0xc MCAL/MUSART/MUSART_prog.o
 .group         0x0000000000000000        0xc MCAL/MUSART/MUSART_prog.o
 .text          0x0000000000000000        0x0 MCAL/MUSART/MUSART_prog.o
 .data          0x0000000000000000        0x0 MCAL/MUSART/MUSART_prog.o
 .bss           0x0000000000000000        0x0 MCAL/MUSART/MUSART_prog.o
 .text.MUSART_enInit
                0x0000000000000000      0x104 MCAL/MUSART/MUSART_prog.o
 .text.MUSART_enBusySendByte
                0x0000000000000000       0x80 MCAL/MUSART/MUSART_prog.o
 .text.MUSART_enBusySendString
                0x0000000000000000       0x5c MCAL/MUSART/MUSART_prog.o
 .text.MUSART_enBusyReceiveByte
                0x0000000000000000       0x60 MCAL/MUSART/MUSART_prog.o
 .text.MUSART_enEnableInt
                0x0000000000000000       0x84 MCAL/MUSART/MUSART_prog.o
 .text.MUSART_enDisableInt
                0x0000000000000000       0x88 MCAL/MUSART/MUSART_prog.o
 .text.MUSART_enIntCallBack
                0x0000000000000000       0x5c MCAL/MUSART/MUSART_prog.o
 .debug_macro   0x0000000000000000      0xaa2 MCAL/MUSART/MUSART_prog.o
 .debug_macro   0x0000000000000000       0x10 MCAL/MUSART/MUSART_prog.o
 .debug_macro   0x0000000000000000       0xd5 MCAL/MUSART/MUSART_prog.o
 .debug_macro   0x0000000000000000       0x22 MCAL/MUSART/MUSART_prog.o
 .debug_macro   0x0000000000000000       0x16 MCAL/MUSART/MUSART_prog.o
 .group         0x0000000000000000        0xc Src/main.o
 .text          0x0000000000000000        0x0 Src/main.o
 .data          0x0000000000000000        0x0 Src/main.o
 .bss           0x0000000000000000        0x0 Src/main.o
 .debug_macro   0x0000000000000000      0xaa2 Src/main.o
 .text          0x0000000000000000       0x14 Startup/startup_stm32f103c8tx.o
 .data          0x0000000000000000        0x0 Startup/startup_stm32f103c8tx.o
 .bss           0x0000000000000000        0x0 Startup/startup_stm32f103c8tx.o
 .text          0x0000000000000000        0x0 c:/st/stm32cubeide_1.6.1/stm32cubeide/plugins/com.st.stm32cube.ide.mcu.externaltools.gnu-tools-for-stm32.9-2020-q2-update.win32_1.5.0.202011040924/tools/bin/../lib/gcc/arm-none-eabi/9.3.1/../../../../arm-none-eabi/lib/thumb/v7-m/nofp\libc_nano.a(lib_a-exit.o)
 .data          0x0000000000000000        0x0 c:/st/stm32cubeide_1.6.1/stm32cubeide/plugins/com.st.stm32cube.ide.mcu.externaltools.gnu-tools-for-stm32.9-2020-q2-update.win32_1.5.0.202011040924/tools/bin/../lib/gcc/arm-none-eabi/9.3.1/../../../../arm-none-eabi/lib/thumb/v7-m/nofp\libc_nano.a(lib_a-exit.o)
 .bss           0x0000000000000000        0x0 c:/st/stm32cubeide_1.6.1/stm32cubeide/plugins/com.st.stm32cube.ide.mcu.externaltools.gnu-tools-for-stm32.9-2020-q2-update.win32_1.5.0.202011040924/tools/bin/../lib/gcc/arm-none-eabi/9.3.1/../../../../arm-none-eabi/lib/thumb/v7-m/nofp\libc_nano.a(lib_a-exit.o)
 .text.exit     0x0000000000000000       0x28 c:/st/stm32cubeide_1.6.1/stm32cubeide/plugins/com.st.stm32cube.ide.mcu.externaltools.gnu-tools-for-stm32.9-2020-q2-update.win32_1.5.0.202011040924/tools/bin/../lib/gcc/arm-none-eabi/9.3.1/../../../../arm-none-eabi/lib/thumb/v7-m/nofp\libc_nano.a(lib_a-exit.o)
 .debug_frame   0x0000000000000000       0x28 c:/st/stm32cubeide_1.6.1/stm32cubeide/plugins/com.st.stm32cube.ide.mcu.externaltools.gnu-tools-for-stm32.9-2020-q2-update.win32_1.5.0.202011040924/tools/bin/../lib/gcc/arm-none-eabi/9.3.1/../../../../arm-none-eabi/lib/thumb/v7-m/nofp\libc_nano.a(lib_a-exit.o)
 .ARM.attributes
                0x0000000000000000       0x2d c:/st/stm32cubeide_1.6.1/stm32cubeide/plugins/com.st.stm32cube.ide.mcu.externaltools.gnu-tools-for-stm32.9-2020-q2-update.win32_1.5.0.202011040924/tools/bin/../lib/gcc/arm-none-eabi/9.3.1/../../../../arm-none-eabi/lib/thumb/v7-m/nofp\libc_nano.a(lib_a-exit.o)
 .text          0x0000000000000000        0x0 c:/st/stm32cubeide_1.6.1/stm32cubeide/plugins/com.st.stm32cube.ide.mcu.externaltools.gnu-tools-for-stm32.9-2020-q2-update.win32_1.5.0.202011040924/tools/bin/../lib/gcc/arm-none-eabi/9.3.1/../../../../arm-none-eabi/lib/thumb/v7-m/nofp\libc_nano.a(lib_a-impure.o)
 .data          0x0000000000000000        0x0 c:/st/stm32cubeide_1.6.1/stm32cubeide/plugins/com.st.stm32cube.ide.mcu.externaltools.gnu-tools-for-stm32.9-2020-q2-update.win32_1.5.0.202011040924/tools/bin/../lib/gcc/arm-none-eabi/9.3.1/../../../../arm-none-eabi/lib/thumb/v7-m/nofp\libc_nano.a(lib_a-impure.o)
 .bss           0x0000000000000000        0x0 c:/st/stm32cubeide_1.6.1/stm32cubeide/plugins/com.st.stm32cube.ide.mcu.externaltools.gnu-tools-for-stm32.9-2020-q2-update.win32_1.5.0.202011040924/tools/bin/../lib/gcc/arm-none-eabi/9.3.1/../../../../arm-none-eabi/lib/thumb/v7-m/nofp\libc_nano.a(lib_a-impure.o)
 .data._impure_ptr
                0x0000000000000000        0x4 c:/st/stm32cubeide_1.6.1/stm32cubeide/plugins/com.st.stm32cube.ide.mcu.externaltools.gnu-tools-for-stm32.9-2020-q2-update.win32_1.5.0.202011040924/tools/bin/../lib/gcc/arm-none-eabi/9.3.1/../../../../arm-none-eabi/lib/thumb/v7-m/nofp\libc_nano.a(lib_a-impure.o)
 .data.impure_data
                0x0000000000000000       0x60 c:/st/stm32cubeide_1.6.1/stm32cubeide/plugins/com.st.stm32cube.ide.mcu.externaltools.gnu-tools-for-stm32.9-2020-q2-update.win32_1.5.0.202011040924/tools/bin/../lib/gcc/arm-none-eabi/9.3.1/../../../../arm-none-eabi/lib/thumb/v7-m/nofp\libc_nano.a(lib_a-impure.o)
 .rodata._global_impure_ptr
                0x0000000000000000        0x4 c:/st/stm32cubeide_1.6.1/stm32cubeide/plugins/com.st.stm32cube.ide.mcu.externaltools.gnu-tools-for-stm32.9-2020-q2-update.win32_1.5.0.202011040924/tools/bin/../lib/gcc/arm-none-eabi/9.3.1/../../../../arm-none-eabi/lib/thumb/v7-m/nofp\libc_nano.a(lib_a-impure.o)
 .ARM.attributes
                0x0000000000000000       0x2d c:/st/stm32cubeide_1.6.1/stm32cubeide/plugins/com.st.stm32cube.ide.mcu.externaltools.gnu-tools-for-stm32.9-2020-q2-update.win32_1.5.0.202011040924/tools/bin/../lib/gcc/arm-none-eabi/9.3.1/../../../../arm-none-eabi/lib/thumb/v7-m/nofp\libc_nano.a(lib_a-impure.o)
 .text          0x0000000000000000        0x0 c:/st/stm32cubeide_1.6.1/stm32cubeide/plugins/com.st.stm32cube.ide.mcu.externaltools.gnu-tools-for-stm32.9-2020-q2-update.win32_1.5.0.202011040924/tools/bin/../lib/gcc/arm-none-eabi/9.3.1/../../../../arm-none-eabi/lib/thumb/v7-m/nofp\libc_nano.a(lib_a-init.o)
 .data          0x0000000000000000        0x0 c:/st/stm32cubeide_1.6.1/stm32cubeide/plugins/com.st.stm32cube.ide.mcu.externaltools.gnu-tools-for-stm32.9-2020-q2-update.win32_1.5.0.202011040924/tools/bin/../lib/gcc/arm-none-eabi/9.3.1/../../../../arm-none-eabi/lib/thumb/v7-m/nofp\libc_nano.a(lib_a-init.o)
 .bss           0x0000000000000000        0x0 c:/st/stm32cubeide_1.6.1/stm32cubeide/plugins/com.st.stm32cube.ide.mcu.externaltools.gnu-tools-for-stm32.9-2020-q2-update.win32_1.5.0.202011040924/tools/bin/../lib/gcc/arm-none-eabi/9.3.1/../../../../arm-none-eabi/lib/thumb/v7-m/nofp\libc_nano.a(lib_a-init.o)
 .text          0x0000000000000000        0x0 c:/st/stm32cubeide_1.6.1/stm32cubeide/plugins/com.st.stm32cube.ide.mcu.externaltools.gnu-tools-for-stm32.9-2020-q2-update.win32_1.5.0.202011040924/tools/bin/../lib/gcc/arm-none-eabi/9.3.1/../../../../arm-none-eabi/lib/thumb/v7-m/nofp\libc_nano.a(lib_a-memset.o)
 .data          0x0000000000000000        0x0 c:/st/stm32cubeide_1.6.1/stm32cubeide/plugins/com.st.stm32cube.ide.mcu.externaltools.gnu-tools-for-stm32.9-2020-q2-update.win32_1.5.0.202011040924/tools/bin/../lib/gcc/arm-none-eabi/9.3.1/../../../../arm-none-eabi/lib/thumb/v7-m/nofp\libc_nano.a(lib_a-memset.o)
 .bss           0x0000000000000000        0x0 c:/st/stm32cubeide_1.6.1/stm32cubeide/plugins/com.st.stm32cube.ide.mcu.externaltools.gnu-tools-for-stm32.9-2020-q2-update.win32_1.5.0.202011040924/tools/bin/../lib/gcc/arm-none-eabi/9.3.1/../../../../arm-none-eabi/lib/thumb/v7-m/nofp\libc_nano.a(lib_a-memset.o)
 .text.memset   0x0000000000000000       0x10 c:/st/stm32cubeide_1.6.1/stm32cubeide/plugins/com.st.stm32cube.ide.mcu.externaltools.gnu-tools-for-stm32.9-2020-q2-update.win32_1.5.0.202011040924/tools/bin/../lib/gcc/arm-none-eabi/9.3.1/../../../../arm-none-eabi/lib/thumb/v7-m/nofp\libc_nano.a(lib_a-memset.o)
 .debug_frame   0x0000000000000000       0x20 c:/st/stm32cubeide_1.6.1/stm32cubeide/plugins/com.st.stm32cube.ide.mcu.externaltools.gnu-tools-for-stm32.9-2020-q2-update.win32_1.5.0.202011040924/tools/bin/../lib/gcc/arm-none-eabi/9.3.1/../../../../arm-none-eabi/lib/thumb/v7-m/nofp\libc_nano.a(lib_a-memset.o)
 .ARM.attributes
                0x0000000000000000       0x2d c:/st/stm32cubeide_1.6.1/stm32cubeide/plugins/com.st.stm32cube.ide.mcu.externaltools.gnu-tools-for-stm32.9-2020-q2-update.win32_1.5.0.202011040924/tools/bin/../lib/gcc/arm-none-eabi/9.3.1/../../../../arm-none-eabi/lib/thumb/v7-m/nofp\libc_nano.a(lib_a-memset.o)
 .text          0x0000000000000000        0x0 c:/st/stm32cubeide_1.6.1/stm32cubeide/plugins/com.st.stm32cube.ide.mcu.externaltools.gnu-tools-for-stm32.9-2020-q2-update.win32_1.5.0.202011040924/tools/bin/../lib/gcc/arm-none-eabi/9.3.1/../../../../arm-none-eabi/lib/thumb/v7-m/nofp\libnosys.a(_exit.o)
 .data          0x0000000000000000        0x0 c:/st/stm32cubeide_1.6.1/stm32cubeide/plugins/com.st.stm32cube.ide.mcu.externaltools.gnu-tools-for-stm32.9-2020-q2-update.win32_1.5.0.202011040924/tools/bin/../lib/gcc/arm-none-eabi/9.3.1/../../../../arm-none-eabi/lib/thumb/v7-m/nofp\libnosys.a(_exit.o)
 .bss           0x0000000000000000        0x0 c:/st/stm32cubeide_1.6.1/stm32cubeide/plugins/com.st.stm32cube.ide.mcu.externaltools.gnu-tools-for-stm32.9-2020-q2-update.win32_1.5.0.202011040924/tools/bin/../lib/gcc/arm-none-eabi/9.3.1/../../../../arm-none-eabi/lib/thumb/v7-m/nofp\libnosys.a(_exit.o)
 .text._exit    0x0000000000000000        0x2 c:/st/stm32cubeide_1.6.1/stm32cubeide/plugins/com.st.stm32cube.ide.mcu.externaltools.gnu-tools-for-stm32.9-2020-q2-update.win32_1.5.0.202011040924/tools/bin/../lib/gcc/arm-none-eabi/9.3.1/../../../../arm-none-eabi/lib/thumb/v7-m/nofp\libnosys.a(_exit.o)
 .debug_frame   0x0000000000000000       0x20 c:/st/stm32cubeide_1.6.1/stm32cubeide/plugins/com.st.stm32cube.ide.mcu.externaltools.gnu-tools-for-stm32.9-2020-q2-update.win32_1.5.0.202011040924/tools/bin/../lib/gcc/arm-none-eabi/9.3.1/../../../../arm-none-eabi/lib/thumb/v7-m/nofp\libnosys.a(_exit.o)
 .ARM.attributes
                0x0000000000000000       0x2d c:/st/stm32cubeide_1.6.1/stm32cubeide/plugins/com.st.stm32cube.ide.mcu.externaltools.gnu-tools-for-stm32.9-2020-q2-update.win32_1.5.0.202011040924/tools/bin/../lib/gcc/arm-none-eabi/9.3.1/../../../../arm-none-eabi/lib/thumb/v7-m/nofp\libnosys.a(_exit.o)
 .text          0x0000000000000000        0x0 c:/st/stm32cubeide_1.6.1/stm32cubeide/plugins/com.st.stm32cube.ide.mcu.externaltools.gnu-tools-for-stm32.9-2020-q2-update.win32_1.5.0.202011040924/tools/bin/../lib/gcc/arm-none-eabi/9.3.1/thumb/v7-m/nofp/crtend.o
 .data          0x0000000000000000        0x0 c:/st/stm32cubeide_1.6.1/stm32cubeide/plugins/com.st.stm32cube.ide.mcu.externaltools.gnu-tools-for-stm32.9-2020-q2-update.win32_1.5.0.202011040924/tools/bin/../lib/gcc/arm-none-eabi/9.3.1/thumb/v7-m/nofp/crtend.o
 .bss           0x0000000000000000        0x0 c:/st/stm32cubeide_1.6.1/stm32cubeide/plugins/com.st.stm32cube.ide.mcu.externaltools.gnu-tools-for-stm32.9-2020-q2-update.win32_1.5.0.202011040924/tools/bin/../lib/gcc/arm-none-eabi/9.3.1/thumb/v7-m/nofp/crtend.o
 .eh_frame      0x0000000000000000        0x4 c:/st/stm32cubeide_1.6.1/stm32cubeide/plugins/com.st.stm32cube.ide.mcu.externaltools.gnu-tools-for-stm32.9-2020-q2-update.win32_1.5.0.202011040924/tools/bin/../lib/gcc/arm-none-eabi/9.3.1/thumb/v7-m/nofp/crtend.o
 .ARM.attributes
                0x0000000000000000       0x2d c:/st/stm32cubeide_1.6.1/stm32cubeide/plugins/com.st.stm32cube.ide.mcu.externaltools.gnu-tools-for-stm32.9-2020-q2-update.win32_1.5.0.202011040924/tools/bin/../lib/gcc/arm-none-eabi/9.3.1/thumb/v7-m/nofp/crtend.o
 .text          0x0000000000000000        0x0 c:/st/stm32cubeide_1.6.1/stm32cubeide/plugins/com.st.stm32cube.ide.mcu.externaltools.gnu-tools-for-stm32.9-2020-q2-update.win32_1.5.0.202011040924/tools/bin/../lib/gcc/arm-none-eabi/9.3.1/thumb/v7-m/nofp/crtn.o
 .data          0x0000000000000000        0x0 c:/st/stm32cubeide_1.6.1/stm32cubeide/plugins/com.st.stm32cube.ide.mcu.externaltools.gnu-tools-for-stm32.9-2020-q2-update.win32_1.5.0.202011040924/tools/bin/../lib/gcc/arm-none-eabi/9.3.1/thumb/v7-m/nofp/crtn.o
 .bss           0x0000000000000000        0x0 c:/st/stm32cubeide_1.6.1/stm32cubeide/plugins/com.st.stm32cube.ide.mcu.externaltools.gnu-tools-for-stm32.9-2020-q2-update.win32_1.5.0.202011040924/tools/bin/../lib/gcc/arm-none-eabi/9.3.1/thumb/v7-m/nofp/crtn.o

Memory Configuration

Name             Origin             Length             Attributes
RAM              0x0000000020000000 0x0000000000005000 xrw
FLASH            0x0000000008000000 0x0000000000010000 xr
*default*        0x0000000000000000 0xffffffffffffffff

Linker script and memory map

LOAD c:/st/stm32cubeide_1.6.1/stm32cubeide/plugins/com.st.stm32cube.ide.mcu.externaltools.gnu-tools-for-stm32.9-2020-q2-update.win32_1.5.0.202011040924/tools/bin/../lib/gcc/arm-none-eabi/9.3.1/thumb/v7-m/nofp/crti.o
LOAD c:/st/stm32cubeide_1.6.1/stm32cubeide/plugins/com.st.stm32cube.ide.mcu.externaltools.gnu-tools-for-stm32.9-2020-q2-update.win32_1.5.0.202011040924/tools/bin/../lib/gcc/arm-none-eabi/9.3.1/thumb/v7-m/nofp/crtbegin.o
LOAD c:/st/stm32cubeide_1.6.1/stm32cubeide/plugins/com.st.stm32cube.ide.mcu.externaltools.gnu-tools-for-stm32.9-2020-q2-update.win32_1.5.0.202011040924/tools/bin/../lib/gcc/arm-none-eabi/9.3.1/../../../../arm-none-eabi/lib/thumb/v7-m/nofp/crt0.o
LOAD APP/APP_prog.o
LOAD HAL/HBUZZ/HBUZZ_prog.o
LOAD HAL/HKEYPAD/HKEYPAD_prog.o
LOAD HAL/HLCD/HLCD_prog.o
LOAD HAL/HLED/HLED_prog.o
LOAD HAL/HLEDMRX/HLEDMRX_prog.o
LOAD HAL/HPB/HPB_prog.o
LOAD HAL/HSSD/V1/HSSD_prog.o
LOAD HAL/HSSD/V2/HSSD_prog.o
LOAD MCAL/MADC/MADC_prog.o
LOAD MCAL/MAFIO/MAFIO_prog.o
LOAD MCAL/MDMA/MDMA_prog.o
LOAD MCAL/MEXTI/MEXTI_prog.o
LOAD MCAL/MGPIO/MGPIO_prog.o
LOAD MCAL/MI2C/MI2C_prog.o
LOAD MCAL/MNVIC/MNVIC_prog.o
LOAD MCAL/MRCC/MRCC_prog.o
LOAD MCAL/MSPI/MSPI_prog.o
LOAD MCAL/MSTICK/MSTICK_prog.o
LOAD MCAL/MUSART/MUSART_prog.o
LOAD Src/main.o
LOAD Startup/startup_stm32f103c8tx.o
START GROUP
LOAD c:/st/stm32cubeide_1.6.1/stm32cubeide/plugins/com.st.stm32cube.ide.mcu.externaltools.gnu-tools-for-stm32.9-2020-q2-update.win32_1.5.0.202011040924/tools/bin/../lib/gcc/arm-none-eabi/9.3.1/../../../../arm-none-eabi/lib/thumb/v7-m/nofp\libc_nano.a
LOAD c:/st/stm32cubeide_1.6.1/stm32cubeide/plugins/com.st.stm32cube.ide.mcu.externaltools.gnu-tools-for-stm32.9-2020-q2-update.win32_1.5.0.202011040924/tools/bin/../lib/gcc/arm-none-eabi/9.3.1/../../../../arm-none-eabi/lib/thumb/v7-m/nofp\libm.a
END GROUP
START GROUP
LOAD c:/st/stm32cubeide_1.6.1/stm32cubeide/plugins/com.st.stm32cube.ide.mcu.externaltools.gnu-tools-for-stm32.9-2020-q2-update.win32_1.5.0.202011040924/tools/bin/../lib/gcc/arm-none-eabi/9.3.1/thumb/v7-m/nofp\libgcc.a
LOAD c:/st/stm32cubeide_1.6.1/stm32cubeide/plugins/com.st.stm32cube.ide.mcu.externaltools.gnu-tools-for-stm32.9-2020-q2-update.win32_1.5.0.202011040924/tools/bin/../lib/gcc/arm-none-eabi/9.3.1/../../../../arm-none-eabi/lib/thumb/v7-m/nofp\libc_nano.a
END GROUP
START GROUP
LOAD c:/st/stm32cubeide_1.6.1/stm32cubeide/plugins/com.st.stm32cube.ide.mcu.externaltools.gnu-tools-for-stm32.9-2020-q2-update.win32_1.5.0.202011040924/tools/bin/../lib/gcc/arm-none-eabi/9.3.1/thumb/v7-m/nofp\libgcc.a
LOAD c:/st/stm32cubeide_1.6.1/stm32cubeide/plugins/com.st.stm32cube.ide.mcu.externaltools.gnu-tools-for-stm32.9-2020-q2-update.win32_1.5.0.202011040924/tools/bin/../lib/gcc/arm-none-eabi/9.3.1/../../../../arm-none-eabi/lib/thumb/v7-m/nofp\libc_nano.a
LOAD c:/st/stm32cubeide_1.6.1/stm32cubeide/plugins/com.st.stm32cube.ide.mcu.externaltools.gnu-tools-for-stm32.9-2020-q2-update.win32_1.5.0.202011040924/tools/bin/../lib/gcc/arm-none-eabi/9.3.1/../../../../arm-none-eabi/lib/thumb/v7-m/nofp\libnosys.a
END GROUP
START GROUP
LOAD c:/st/stm32cubeide_1.6.1/stm32cubeide/plugins/com.st.stm32cube.ide.mcu.externaltools.gnu-tools-for-stm32.9-2020-q2-update.win32_1.5.0.202011040924/tools/bin/../lib/gcc/arm-none-eabi/9.3.1/thumb/v7-m/nofp\libgcc.a
LOAD c:/st/stm32cubeide_1.6.1/stm32cubeide/plugins/com.st.stm32cube.ide.mcu.externaltools.gnu-tools-for-stm32.9-2020-q2-update.win32_1.5.0.202011040924/tools/bin/../lib/gcc/arm-none-eabi/9.3.1/../../../../arm-none-eabi/lib/thumb/v7-m/nofp\libc_nano.a
LOAD c:/st/stm32cubeide_1.6.1/stm32cubeide/plugins/com.st.stm32cube.ide.mcu.externaltools.gnu-tools-for-stm32.9-2020-q2-update.win32_1.5.0.202011040924/tools/bin/../lib/gcc/arm-none-eabi/9.3.1/../../../../arm-none-eabi/lib/thumb/v7-m/nofp\libnosys.a
END GROUP
LOAD c:/st/stm32cubeide_1.6.1/stm32cubeide/plugins/com.st.stm32cube.ide.mcu.externaltools.gnu-tools-for-stm32.9-2020-q2-update.win32_1.5.0.202011040924/tools/bin/../lib/gcc/arm-none-eabi/9.3.1/thumb/v7-m/nofp/crtend.o
LOAD c:/st/stm32cubeide_1.6.1/stm32cubeide/plugins/com.st.stm32cube.ide.mcu.externaltools.gnu-tools-for-stm32.9-2020-q2-update.win32_1.5.0.202011040924/tools/bin/../lib/gcc/arm-none-eabi/9.3.1/thumb/v7-m/nofp/crtn.o
                0x0000000020005000                _estack = (ORIGIN (RAM) + LENGTH (RAM))
                0x0000000000000200                _Min_Heap_Size = 0x200
                0x0000000000000400                _Min_Stack_Size = 0x400

.isr_vector     0x0000000008000000      0x130
                0x0000000008000000                . = ALIGN (0x4)
 *(.isr_vector)
 .isr_vector    0x0000000008000000      0x130 Startup/startup_stm32f103c8tx.o
                0x0000000008000000                g_pfnVectors
                0x0000000008000130                . = ALIGN (0x4)

.text           0x0000000008000130      0x8ac
                0x0000000008000130                . = ALIGN (0x4)
 *(.text)
 .text          0x0000000008000130       0x40 c:/st/stm32cubeide_1.6.1/stm32cubeide/plugins/com.st.stm32cube.ide.mcu.externaltools.gnu-tools-for-stm32.9-2020-q2-update.win32_1.5.0.202011040924/tools/bin/../lib/gcc/arm-none-eabi/9.3.1/thumb/v7-m/nofp/crtbegin.o
 *(.text*)
 .text.App_voidstartApp
                0x0000000008000170        0xc APP/APP_prog.o
                0x0000000008000170                App_voidstartApp
 .text.ADC1_2_IRQHandler
                0x000000000800017c       0x2c MCAL/MADC/MADC_prog.o
                0x000000000800017c                ADC1_2_IRQHandler
 .text.DMA1_Channel1_IRQHandler
                0x00000000080001a8       0x1c MCAL/MDMA/MDMA_prog.o
                0x00000000080001a8                DMA1_Channel1_IRQHandler
 .text.DMA1_Channel2_IRQHandler
                0x00000000080001c4       0x1c MCAL/MDMA/MDMA_prog.o
                0x00000000080001c4                DMA1_Channel2_IRQHandler
 .text.DMA1_Channel3_IRQHandler
                0x00000000080001e0       0x1c MCAL/MDMA/MDMA_prog.o
                0x00000000080001e0                DMA1_Channel3_IRQHandler
 .text.DMA1_Channel4_IRQHandler
                0x00000000080001fc       0x1c MCAL/MDMA/MDMA_prog.o
                0x00000000080001fc                DMA1_Channel4_IRQHandler
 .text.DMA1_Channel5_IRQHandler
                0x0000000008000218       0x1c MCAL/MDMA/MDMA_prog.o
                0x0000000008000218                DMA1_Channel5_IRQHandler
 .text.DMA1_Channel6_IRQHandler
                0x0000000008000234       0x1c MCAL/MDMA/MDMA_prog.o
                0x0000000008000234                DMA1_Channel6_IRQHandler
 .text.DMA1_Channel7_IRQHandler
                0x0000000008000250       0x1c MCAL/MDMA/MDMA_prog.o
                0x0000000008000250                DMA1_Channel7_IRQHandler
 .text.EXTI0_IRQHandler
                0x000000000800026c       0x1c MCAL/MEXTI/MEXTI_prog.o
                0x000000000800026c                EXTI0_IRQHandler
 .text.EXTI1_IRQHandler
                0x0000000008000288       0x1c MCAL/MEXTI/MEXTI_prog.o
                0x0000000008000288                EXTI1_IRQHandler
 .text.EXTI2_IRQHandler
                0x00000000080002a4       0x1c MCAL/MEXTI/MEXTI_prog.o
                0x00000000080002a4                EXTI2_IRQHandler
 .text.EXTI3_IRQHandler
                0x00000000080002c0       0x1c MCAL/MEXTI/MEXTI_prog.o
                0x00000000080002c0                EXTI3_IRQHandler
 .text.EXTI4_IRQHandler
                0x00000000080002dc       0x1c MCAL/MEXTI/MEXTI_prog.o
                0x00000000080002dc                EXTI4_IRQHandler
 .text.EXTI9_5_IRQHandler
                0x00000000080002f8       0x5c MCAL/MEXTI/MEXTI_prog.o
                0x00000000080002f8                EXTI9_5_IRQHandler
 .text.EXTI15_10_IRQHandler
                0x0000000008000354       0x6c MCAL/MEXTI/MEXTI_prog.o
                0x0000000008000354                EXTI15_10_IRQHandler
 .text.SPI1_IRQHandler
                0x00000000080003c0       0xac MCAL/MSPI/MSPI_prog.o
                0x00000000080003c0                SPI1_IRQHandler
 .text.SPI2_IRQHandler
                0x000000000800046c       0xac MCAL/MSPI/MSPI_prog.o
                0x000000000800046c                SPI2_IRQHandler
 .text.SysTick_Handler
                0x0000000008000518       0x64 MCAL/MSTICK/MSTICK_prog.o
                0x0000000008000518                SysTick_Handler
 .text.USART1_IRQHandler
                0x000000000800057c      0x134 MCAL/MUSART/MUSART_prog.o
                0x000000000800057c                USART1_IRQHandler
 .text.USART2_IRQHandler
                0x00000000080006b0      0x134 MCAL/MUSART/MUSART_prog.o
                0x00000000080006b0                USART2_IRQHandler
 .text.USART3_IRQHandler
                0x00000000080007e4      0x134 MCAL/MUSART/MUSART_prog.o
                0x00000000080007e4                USART3_IRQHandler
 .text.main     0x0000000008000918        0xe Src/main.o
                0x0000000008000918                main
 *fill*         0x0000000008000926        0x2 
 .text.Reset_Handler
                0x0000000008000928       0x50 Startup/startup_stm32f103c8tx.o
                0x0000000008000928                Reset_Handler
 .text.Default_Handler
                0x0000000008000978        0x2 Startup/startup_stm32f103c8tx.o
                0x0000000008000978                TIM8_TRG_COM_IRQHandler
                0x0000000008000978                TIM8_CC_IRQHandler
                0x0000000008000978                DebugMon_Handler
                0x0000000008000978                TIM1_CC_IRQHandler
                0x0000000008000978                HardFault_Handler
                0x0000000008000978                TIM6_IRQHandler
                0x0000000008000978                PVD_IRQHandler
                0x0000000008000978                SDIO_IRQHandler
                0x0000000008000978                PendSV_Handler
                0x0000000008000978                NMI_Handler
                0x0000000008000978                USB_HP_CAN_TX_IRQHandler
                0x0000000008000978                I2C2_EV_IRQHandler
                0x0000000008000978                UsageFault_Handler
                0x0000000008000978                CAN_SCE_IRQHandler
                0x0000000008000978                TAMPER_IRQHandler
                0x0000000008000978                TIM8_UP_IRQHandler
                0x0000000008000978                DMA2_Channel2_IRQHandler
                0x0000000008000978                RTC_IRQHandler
                0x0000000008000978                UART5_IRQHandler
                0x0000000008000978                ADC3_IRQHandler
                0x0000000008000978                TIM4_IRQHandler
                0x0000000008000978                CAN_RX1_IRQHandler
                0x0000000008000978                DMA2_Channel1_IRQHandler
                0x0000000008000978                I2C1_EV_IRQHandler
                0x0000000008000978                UART4_IRQHandler
                0x0000000008000978                TIM3_IRQHandler
                0x0000000008000978                RCC_IRQHandler
                0x0000000008000978                TIM1_TRG_COM_IRQHandler
                0x0000000008000978                Default_Handler
                0x0000000008000978                TIM7_IRQHandler
                0x0000000008000978                TIM5_IRQHandler
                0x0000000008000978                USB_LP_CAN_RX0_IRQHandler
                0x0000000008000978                MemManage_Handler
                0x0000000008000978                SVC_Handler
                0x0000000008000978                FSMC_IRQHandler
                0x0000000008000978                TIM1_UP_IRQHandler
                0x0000000008000978                WWDG_IRQHandler
                0x0000000008000978                TIM2_IRQHandler
                0x0000000008000978                TIM1_BRK_IRQHandler
                0x0000000008000978                RTCAlarm_IRQHandler
                0x0000000008000978                DMA2_Channel4_5_IRQHandler
                0x0000000008000978                I2C2_ER_IRQHandler
                0x0000000008000978                TIM8_BRK_IRQHandler
                0x0000000008000978                FLASH_IRQHandler
                0x0000000008000978                BusFault_Handler
                0x0000000008000978                SPI3_IRQHandler
                0x0000000008000978                I2C1_ER_IRQHandler
                0x0000000008000978                DMA2_Channel3_IRQHandler
 *fill*         0x000000000800097a        0x2 
 .text.__libc_init_array
                0x000000000800097c       0x48 c:/st/stm32cubeide_1.6.1/stm32cubeide/plugins/com.st.stm32cube.ide.mcu.externaltools.gnu-tools-for-stm32.9-2020-q2-update.win32_1.5.0.202011040924/tools/bin/../lib/gcc/arm-none-eabi/9.3.1/../../../../arm-none-eabi/lib/thumb/v7-m/nofp\libc_nano.a(lib_a-init.o)
                0x000000000800097c                __libc_init_array
 *(.glue_7)
 .glue_7        0x00000000080009c4        0x0 linker stubs
 *(.glue_7t)
 .glue_7t       0x00000000080009c4        0x0 linker stubs
 *(.eh_frame)
 .eh_frame      0x00000000080009c4        0x0 c:/st/stm32cubeide_1.6.1/stm32cubeide/plugins/com.st.stm32cube.ide.mcu.externaltools.gnu-tools-for-stm32.9-2020-q2-update.win32_1.5.0.202011040924/tools/bin/../lib/gcc/arm-none-eabi/9.3.1/thumb/v7-m/nofp/crtbegin.o
 *(.init)
 .init          0x00000000080009c4        0x4 c:/st/stm32cubeide_1.6.1/stm32cubeide/plugins/com.st.stm32cube.ide.mcu.externaltools.gnu-tools-for-stm32.9-2020-q2-update.win32_1.5.0.202011040924/tools/bin/../lib/gcc/arm-none-eabi/9.3.1/thumb/v7-m/nofp/crti.o
                0x00000000080009c4                _init
 .init          0x00000000080009c8        0x8 c:/st/stm32cubeide_1.6.1/stm32cubeide/plugins/com.st.stm32cube.ide.mcu.externaltools.gnu-tools-for-stm32.9-2020-q2-update.win32_1.5.0.202011040924/tools/bin/../lib/gcc/arm-none-eabi/9.3.1/thumb/v7-m/nofp/crtn.o
 *(.fini)
 .fini          0x00000000080009d0        0x4 c:/st/stm32cubeide_1.6.1/stm32cubeide/plugins/com.st.stm32cube.ide.mcu.externaltools.gnu-tools-for-stm32.9-2020-q2-update.win32_1.5.0.202011040924/tools/bin/../lib/gcc/arm-none-eabi/9.3.1/thumb/v7-m/nofp/crti.o
                0x00000000080009d0                _fini
 .fini          0x00000000080009d4        0x8 c:/st/stm32cubeide_1.6.1/stm32cubeide/plugins/com.st.stm32cube.ide.mcu.externaltools.gnu-tools-for-stm32.9-2020-q2-update.win32_1.5.0.202011040924/tools/bin/../lib/gcc/arm-none-eabi/9.3.1/thumb/v7-m/nofp/crtn.o
                0x00000000080009dc                . = ALIGN (0x4)
                0x00000000080009dc                _etext = .

.vfp11_veneer   0x00000000080009dc        0x0
 .vfp11_veneer  0x00000000080009dc        0x0 linker stubs

.v4_bx          0x00000000080009dc        0x0
 .v4_bx         0x00000000080009dc        0x0 linker stubs

.iplt           0x00000000080009dc        0x0
 .iplt          0x00000000080009dc        0x0 c:/st/stm32cubeide_1.6.1/stm32cubeide/plugins/com.st.stm32cube.ide.mcu.externaltools.gnu-tools-for-stm32.9-2020-q2-update.win32_1.5.0.202011040924/tools/bin/../lib/gcc/arm-none-eabi/9.3.1/thumb/v7-m/nofp/crtbegin.o

.rel.dyn        0x00000000080009dc        0x0
 .rel.iplt      0x00000000080009dc        0x0 c:/st/stm32cubeide_1.6.1/stm32cubeide/plugins/com.st.stm32cube.ide.mcu.externaltools.gnu-tools-for-stm32.9-2020-q2-update.win32_1.5.0.202011040924/tools/bin/../lib/gcc/arm-none-eabi/9.3.1/thumb/v7-m/nofp/crtbegin.o

.rodata         0x00000000080009dc        0x0
                0x00000000080009dc                . = ALIGN (0x4)
 *(.rodata)
 *(.rodata*)
                0x00000000080009dc                . = ALIGN (0x4)

.ARM.extab      0x00000000080009dc        0x0
                0x00000000080009dc                . = ALIGN (0x4)
 *(.ARM.extab* .gnu.linkonce.armextab.*)
                0x00000000080009dc                . = ALIGN (0x4)

.ARM            0x00000000080009dc        0x0
                0x00000000080009dc                . = ALIGN (0x4)
                0x00000000080009dc                __exidx_start = .
 *(.ARM.exidx*)
                0x00000000080009dc                __exidx_end = .
                0x00000000080009dc                . = ALIGN (0x4)

.preinit_array  0x00000000080009dc        0x0
                0x00000000080009dc                . = ALIGN (0x4)
                0x00000000080009dc                PROVIDE (__preinit_array_start = .)
 *(.preinit_array*)
                0x00000000080009dc                PROVIDE (__preinit_array_end = .)
                0x00000000080009dc                . = ALIGN (0x4)

.init_array     0x00000000080009dc        0x4
                0x00000000080009dc                . = ALIGN (0x4)
                0x00000000080009dc                PROVIDE (__init_array_start = .)
 *(SORT_BY_NAME(.init_array.*))
 *(.init_array*)
 .init_array    0x00000000080009dc        0x4 c:/st/stm32cubeide_1.6.1/stm32cubeide/plugins/com.st.stm32cube.ide.mcu.externaltools.gnu-tools-for-stm32.9-2020-q2-update.win32_1.5.0.202011040924/tools/bin/../lib/gcc/arm-none-eabi/9.3.1/thumb/v7-m/nofp/crtbegin.o
                0x00000000080009e0                PROVIDE (__init_array_end = .)
                0x00000000080009e0                . = ALIGN (0x4)

.fini_array     0x00000000080009e0        0x4
                0x00000000080009e0                . = ALIGN (0x4)
                [!provide]                        PROVIDE (__fini_array_start = .)
 *(SORT_BY_NAME(.fini_array.*))
 *(.fini_array*)
 .fini_array    0x00000000080009e0        0x4 c:/st/stm32cubeide_1.6.1/stm32cubeide/plugins/com.st.stm32cube.ide.mcu.externaltools.gnu-tools-for-stm32.9-2020-q2-update.win32_1.5.0.202011040924/tools/bin/../lib/gcc/arm-none-eabi/9.3.1/thumb/v7-m/nofp/crtbegin.o
                [!provide]                        PROVIDE (__fini_array_end = .)
                0x00000000080009e4                . = ALIGN (0x4)
                0x00000000080009e4                _sidata = LOADADDR (.data)

.data           0x0000000020000000       0x14 load address 0x00000000080009e4
                0x0000000020000000                . = ALIGN (0x4)
                0x0000000020000000                _sdata = .
 *(.data)
 *(.data*)
 .data.MSPI_CHANNELS
                0x0000000020000000        0x8 MCAL/MSPI/MSPI_prog.o
 .data.USART_CH
                0x0000000020000008        0xc MCAL/MUSART/MUSART_prog.o
 *(.RamFunc)
 *(.RamFunc*)
                0x0000000020000014                . = ALIGN (0x4)
                0x0000000020000014                _edata = .

.igot.plt       0x0000000020000014        0x0 load address 0x00000000080009f8
 .igot.plt      0x0000000020000014        0x0 c:/st/stm32cubeide_1.6.1/stm32cubeide/plugins/com.st.stm32cube.ide.mcu.externaltools.gnu-tools-for-stm32.9-2020-q2-update.win32_1.5.0.202011040924/tools/bin/../lib/gcc/arm-none-eabi/9.3.1/thumb/v7-m/nofp/crtbegin.o
                0x0000000020000014                . = ALIGN (0x4)

.bss            0x0000000020000014       0xc4 load address 0x00000000080009f8
                0x0000000020000014                _sbss = .
                0x0000000020000014                __bss_start__ = _sbss
 *(.bss)
 .bss           0x0000000020000014       0x1c c:/st/stm32cubeide_1.6.1/stm32cubeide/plugins/com.st.stm32cube.ide.mcu.externaltools.gnu-tools-for-stm32.9-2020-q2-update.win32_1.5.0.202011040924/tools/bin/../lib/gcc/arm-none-eabi/9.3.1/thumb/v7-m/nofp/crtbegin.o
 *(.bss*)
 .bss.ADC_CallBack
                0x0000000020000030        0x4 MCAL/MADC/MADC_prog.o
 .bss.DMA_CallBack
                0x0000000020000034       0x1c MCAL/MDMA/MDMA_prog.o
 .bss.EXTI_CALLBACK
                0x0000000020000050       0x40 MCAL/MEXTI/MEXTI_prog.o
 .bss.MSPI_CALLBACK
                0x0000000020000090       0x18 MCAL/MSPI/MSPI_prog.o
 .bss.STK_Callback
                0x00000000200000a8        0x4 MCAL/MSTICK/MSTICK_prog.o
                0x00000000200000a8                STK_Callback
 .bss.flag      0x00000000200000ac        0x1 MCAL/MSTICK/MSTICK_prog.o
 *fill*         0x00000000200000ad        0x3 
 .bss.Callback_CH
                0x00000000200000b0       0x24 MCAL/MUSART/MUSART_prog.o
 *(COMMON)
 COMMON         0x00000000200000d4        0x1 MCAL/MSTICK/MSTICK_prog.o
                0x00000000200000d4                local_temp
                0x00000000200000d8                . = ALIGN (0x4)
 *fill*         0x00000000200000d5        0x3 
                0x00000000200000d8                _ebss = .
                0x00000000200000d8                __bss_end__ = _ebss

._user_heap_stack
                0x00000000200000d8      0x600 load address 0x00000000080009f8
                0x00000000200000d8                . = ALIGN (0x8)
                [!provide]                        PROVIDE (end = .)
                [!provide]                        PROVIDE (_end = .)
                0x00000000200002d8                . = (. + _Min_Heap_Size)
 *fill*         0x00000000200000d8      0x200 
                0x00000000200006d8                . = (. + _Min_Stack_Size)
 *fill*         0x00000000200002d8      0x400 
                0x00000000200006d8                . = ALIGN (0x8)

/DISCARD/
 libc.a(*)
 libm.a(*)
 libgcc.a(*)

.ARM.attributes
                0x0000000000000000       0x29
 *(.ARM.attributes)
 .ARM.attributes
                0x0000000000000000       0x1d c:/st/stm32cubeide_1.6.1/stm32cubeide/plugins/com.st.stm32cube.ide.mcu.externaltools.gnu-tools-for-stm32.9-2020-q2-update.win32_1.5.0.202011040924/tools/bin/../lib/gcc/arm-none-eabi/9.3.1/thumb/v7-m/nofp/crti.o
 .ARM.attributes
                0x000000000000001d       0x2d c:/st/stm32cubeide_1.6.1/stm32cubeide/plugins/com.st.stm32cube.ide.mcu.externaltools.gnu-tools-for-stm32.9-2020-q2-update.win32_1.5.0.202011040924/tools/bin/../lib/gcc/arm-none-eabi/9.3.1/thumb/v7-m/nofp/crtbegin.o
 .ARM.attributes
                0x000000000000004a       0x2d APP/APP_prog.o
 .ARM.attributes
                0x0000000000000077       0x2d MCAL/MADC/MADC_prog.o
 .ARM.attributes
                0x00000000000000a4       0x2d MCAL/MDMA/MDMA_prog.o
 .ARM.attributes
                0x00000000000000d1       0x2d MCAL/MEXTI/MEXTI_prog.o
 .ARM.attributes
                0x00000000000000fe       0x2d MCAL/MSPI/MSPI_prog.o
 .ARM.attributes
                0x000000000000012b       0x2d MCAL/MSTICK/MSTICK_prog.o
 .ARM.attributes
                0x0000000000000158       0x2d MCAL/MUSART/MUSART_prog.o
 .ARM.attributes
                0x0000000000000185       0x2d Src/main.o
 .ARM.attributes
                0x00000000000001b2       0x21 Startup/startup_stm32f103c8tx.o
 .ARM.attributes
                0x00000000000001d3       0x2d c:/st/stm32cubeide_1.6.1/stm32cubeide/plugins/com.st.stm32cube.ide.mcu.externaltools.gnu-tools-for-stm32.9-2020-q2-update.win32_1.5.0.202011040924/tools/bin/../lib/gcc/arm-none-eabi/9.3.1/../../../../arm-none-eabi/lib/thumb/v7-m/nofp\libc_nano.a(lib_a-init.o)
 .ARM.attributes
                0x0000000000000200       0x1d c:/st/stm32cubeide_1.6.1/stm32cubeide/plugins/com.st.stm32cube.ide.mcu.externaltools.gnu-tools-for-stm32.9-2020-q2-update.win32_1.5.0.202011040924/tools/bin/../lib/gcc/arm-none-eabi/9.3.1/thumb/v7-m/nofp/crtn.o
OUTPUT(STM32F103C8-Drives.elf elf32-littlearm)
LOAD linker stubs
LOAD c:/st/stm32cubeide_1.6.1/stm32cubeide/plugins/com.st.stm32cube.ide.mcu.externaltools.gnu-tools-for-stm32.9-2020-q2-update.win32_1.5.0.202011040924/tools/bin/../lib/gcc/arm-none-eabi/9.3.1/../../../../arm-none-eabi/lib/thumb/v7-m/nofp\libc.a
LOAD c:/st/stm32cubeide_1.6.1/stm32cubeide/plugins/com.st.stm32cube.ide.mcu.externaltools.gnu-tools-for-stm32.9-2020-q2-update.win32_1.5.0.202011040924/tools/bin/../lib/gcc/arm-none-eabi/9.3.1/../../../../arm-none-eabi/lib/thumb/v7-m/nofp\libm.a
LOAD c:/st/stm32cubeide_1.6.1/stm32cubeide/plugins/com.st.stm32cube.ide.mcu.externaltools.gnu-tools-for-stm32.9-2020-q2-update.win32_1.5.0.202011040924/tools/bin/../lib/gcc/arm-none-eabi/9.3.1/thumb/v7-m/nofp\libgcc.a

.debug_info     0x0000000000000000     0x1c80
 .debug_info    0x0000000000000000       0x89 APP/APP_prog.o
 .debug_info    0x0000000000000089      0x68a MCAL/MADC/MADC_prog.o
 .debug_info    0x0000000000000713      0x5fe MCAL/MDMA/MDMA_prog.o
 .debug_info    0x0000000000000d11      0x362 MCAL/MEXTI/MEXTI_prog.o
 .debug_info    0x0000000000001073      0x454 MCAL/MSPI/MSPI_prog.o
 .debug_info    0x00000000000014c7      0x2c9 MCAL/MSTICK/MSTICK_prog.o
 .debug_info    0x0000000000001790      0x487 MCAL/MUSART/MUSART_prog.o
 .debug_info    0x0000000000001c17       0x47 Src/main.o
 .debug_info    0x0000000000001c5e       0x22 Startup/startup_stm32f103c8tx.o

.debug_abbrev   0x0000000000000000      0x830
 .debug_abbrev  0x0000000000000000       0x3c APP/APP_prog.o
 .debug_abbrev  0x000000000000003c      0x138 MCAL/MADC/MADC_prog.o
 .debug_abbrev  0x0000000000000174      0x150 MCAL/MDMA/MDMA_prog.o
 .debug_abbrev  0x00000000000002c4      0x12c MCAL/MEXTI/MEXTI_prog.o
 .debug_abbrev  0x00000000000003f0      0x15b MCAL/MSPI/MSPI_prog.o
 .debug_abbrev  0x000000000000054b      0x11c MCAL/MSTICK/MSTICK_prog.o
 .debug_abbrev  0x0000000000000667      0x179 MCAL/MUSART/MUSART_prog.o
 .debug_abbrev  0x00000000000007e0       0x3e Src/main.o
 .debug_abbrev  0x000000000000081e       0x12 Startup/startup_stm32f103c8tx.o

.debug_aranges  0x0000000000000000      0x300
 .debug_aranges
                0x0000000000000000       0x20 APP/APP_prog.o
 .debug_aranges
                0x0000000000000020       0x68 MCAL/MADC/MADC_prog.o
 .debug_aranges
                0x0000000000000088       0x88 MCAL/MDMA/MDMA_prog.o
 .debug_aranges
                0x0000000000000110       0x88 MCAL/MEXTI/MEXTI_prog.o
 .debug_aranges
                0x0000000000000198       0x60 MCAL/MSPI/MSPI_prog.o
 .debug_aranges
                0x00000000000001f8       0x58 MCAL/MSTICK/MSTICK_prog.o
 .debug_aranges
                0x0000000000000250       0x68 MCAL/MUSART/MUSART_prog.o
 .debug_aranges
                0x00000000000002b8       0x20 Src/main.o
 .debug_aranges
                0x00000000000002d8       0x28 Startup/startup_stm32f103c8tx.o

.debug_ranges   0x0000000000000000      0x278
 .debug_ranges  0x0000000000000000       0x10 APP/APP_prog.o
 .debug_ranges  0x0000000000000010       0x58 MCAL/MADC/MADC_prog.o
 .debug_ranges  0x0000000000000068       0x78 MCAL/MDMA/MDMA_prog.o
 .debug_ranges  0x00000000000000e0       0x78 MCAL/MEXTI/MEXTI_prog.o
 .debug_ranges  0x0000000000000158       0x50 MCAL/MSPI/MSPI_prog.o
 .debug_ranges  0x00000000000001a8       0x48 MCAL/MSTICK/MSTICK_prog.o
 .debug_ranges  0x00000000000001f0       0x58 MCAL/MUSART/MUSART_prog.o
 .debug_ranges  0x0000000000000248       0x10 Src/main.o
 .debug_ranges  0x0000000000000258       0x20 Startup/startup_stm32f103c8tx.o

.debug_macro    0x0000000000000000     0x12b1
 .debug_macro   0x0000000000000000       0xd2 APP/APP_prog.o
 .debug_macro   0x00000000000000d2      0xaa2 APP/APP_prog.o
 .debug_macro   0x0000000000000b74       0x10 APP/APP_prog.o
 .debug_macro   0x0000000000000b84       0x7c APP/APP_prog.o
 .debug_macro   0x0000000000000c00       0x16 APP/APP_prog.o
 .debug_macro   0x0000000000000c16       0x3a APP/APP_prog.o
 .debug_macro   0x0000000000000c50       0x10 APP/APP_prog.o
 .debug_macro   0x0000000000000c60       0x10 APP/APP_prog.o
 .debug_macro   0x0000000000000c70       0x76 APP/APP_prog.o
 .debug_macro   0x0000000000000ce6       0x53 MCAL/MADC/MADC_prog.o
 .debug_macro   0x0000000000000d39       0x8e MCAL/MADC/MADC_prog.o
 .debug_macro   0x0000000000000dc7       0x5d MCAL/MDMA/MDMA_prog.o
 .debug_macro   0x0000000000000e24       0x58 MCAL/MDMA/MDMA_prog.o
 .debug_macro   0x0000000000000e7c       0x66 MCAL/MEXTI/MEXTI_prog.o
 .debug_macro   0x0000000000000ee2       0x16 MCAL/MEXTI/MEXTI_prog.o
 .debug_macro   0x0000000000000ef8       0x51 MCAL/MSPI/MSPI_prog.o
 .debug_macro   0x0000000000000f49       0x5e MCAL/MSPI/MSPI_prog.o
 .debug_macro   0x0000000000000fa7      0x112 MCAL/MSPI/MSPI_prog.o
 .debug_macro   0x00000000000010b9       0x5c MCAL/MSTICK/MSTICK_prog.o
 .debug_macro   0x0000000000001115       0x10 MCAL/MSTICK/MSTICK_prog.o
 .debug_macro   0x0000000000001125       0x2e MCAL/MSTICK/MSTICK_prog.o
 .debug_macro   0x0000000000001153       0x51 MCAL/MUSART/MUSART_prog.o
 .debug_macro   0x00000000000011a4       0x28 MCAL/MUSART/MUSART_prog.o
 .debug_macro   0x00000000000011cc       0xca MCAL/MUSART/MUSART_prog.o
 .debug_macro   0x0000000000001296       0x1b Src/main.o

.debug_line     0x0000000000000000     0x1ff7
 .debug_line    0x0000000000000000      0x6a5 APP/APP_prog.o
 .debug_line    0x00000000000006a5      0x3d9 MCAL/MADC/MADC_prog.o
 .debug_line    0x0000000000000a7e      0x49a MCAL/MDMA/MDMA_prog.o
 .debug_line    0x0000000000000f18      0x44b MCAL/MEXTI/MEXTI_prog.o
 .debug_line    0x0000000000001363      0x3a3 MCAL/MSPI/MSPI_prog.o
 .debug_line    0x0000000000001706      0x2ba MCAL/MSTICK/MSTICK_prog.o
 .debug_line    0x00000000000019c0      0x514 MCAL/MUSART/MUSART_prog.o
 .debug_line    0x0000000000001ed4       0x9f Src/main.o
 .debug_line    0x0000000000001f73       0x84 Startup/startup_stm32f103c8tx.o

.debug_str      0x0000000000000000     0x5544
 .debug_str     0x0000000000000000     0x3223 APP/APP_prog.o
                                       0x32a1 (size before relaxing)
 .debug_str     0x0000000000003223      0xc80 MCAL/MADC/MADC_prog.o
                                       0x3abf (size before relaxing)
 .debug_str     0x0000000000003ea3      0x5f8 MCAL/MDMA/MDMA_prog.o
                                       0x3a13 (size before relaxing)
 .debug_str     0x000000000000449b      0x1e1 MCAL/MEXTI/MEXTI_prog.o
                                       0x370b (size before relaxing)
 .debug_str     0x000000000000467c      0x752 MCAL/MSPI/MSPI_prog.o
                                       0x3bed (size before relaxing)
 .debug_str     0x0000000000004dce      0x207 MCAL/MSTICK/MSTICK_prog.o
                                       0x3609 (size before relaxing)
 .debug_str     0x0000000000004fd5      0x52b MCAL/MUSART/MUSART_prog.o
                                       0x3962 (size before relaxing)
 .debug_str     0x0000000000005500       0x13 Src/main.o
                                       0x2d94 (size before relaxing)
 .debug_str     0x0000000000005513       0x31 Startup/startup_stm32f103c8tx.o
                                         0x80 (size before relaxing)

.comment        0x0000000000000000       0x53
 .comment       0x0000000000000000       0x53 APP/APP_prog.o
                                         0x54 (size before relaxing)
 .comment       0x0000000000000053       0x54 MCAL/MADC/MADC_prog.o
 .comment       0x0000000000000053       0x54 MCAL/MDMA/MDMA_prog.o
 .comment       0x0000000000000053       0x54 MCAL/MEXTI/MEXTI_prog.o
 .comment       0x0000000000000053       0x54 MCAL/MSPI/MSPI_prog.o
 .comment       0x0000000000000053       0x54 MCAL/MSTICK/MSTICK_prog.o
 .comment       0x0000000000000053       0x54 MCAL/MUSART/MUSART_prog.o
 .comment       0x0000000000000053       0x54 Src/main.o

.debug_frame    0x0000000000000000      0x9fc
 .debug_frame   0x0000000000000000       0x30 APP/APP_prog.o
 .debug_frame   0x0000000000000030      0x194 MCAL/MADC/MADC_prog.o
 .debug_frame   0x00000000000001c4      0x1f0 MCAL/MDMA/MDMA_prog.o
 .debug_frame   0x00000000000003b4      0x1e4 MCAL/MEXTI/MEXTI_prog.o
 .debug_frame   0x0000000000000598      0x160 MCAL/MSPI/MSPI_prog.o
 .debug_frame   0x00000000000006f8      0x134 MCAL/MSTICK/MSTICK_prog.o
 .debug_frame   0x000000000000082c      0x178 MCAL/MUSART/MUSART_prog.o
 .debug_frame   0x00000000000009a4       0x2c Src/main.o
 .debug_frame   0x00000000000009d0       0x2c c:/st/stm32cubeide_1.6.1/stm32cubeide/plugins/com.st.stm32cube.ide.mcu.externaltools.gnu-tools-for-stm32.9-2020-q2-update.win32_1.5.0.202011040924/tools/bin/../lib/gcc/arm-none-eabi/9.3.1/../../../../arm-none-eabi/lib/thumb/v7-m/nofp\libc_nano.a(lib_a-init.o)
