Archive member included to satisfy reference by file (symbol)

c:/st/stm32cubeide_1.6.1/stm32cubeide/plugins/com.st.stm32cube.ide.mcu.externaltools.gnu-tools-for-stm32.9-2020-q2-update.win32_1.5.0.202011040924/tools/bin/../lib/gcc/arm-none-eabi/9.3.1/../../../../arm-none-eabi/lib/thumb/v7-m/nofp\libc_nano.a(lib_a-exit.o)
                              c:/st/stm32cubeide_1.6.1/stm32cubeide/plugins/com.st.stm32cube.ide.mcu.externaltools.gnu-tools-for-stm32.9-2020-q2-update.win32_1.5.0.202011040924/tools/bin/../lib/gcc/arm-none-eabi/9.3.1/../../../../arm-none-eabi/lib/thumb/v7-m/nofp/crt0.o (exit)
c:/st/stm32cubeide_1.6.1/stm32cubeide/plugins/com.st.stm32cube.ide.mcu.externaltools.gnu-tools-for-stm32.9-2020-q2-update.win32_1.5.0.202011040924/tools/bin/../lib/gcc/arm-none-eabi/9.3.1/../../../../arm-none-eabi/lib/thumb/v7-m/nofp\libc_nano.a(lib_a-impure.o)
                              c:/st/stm32cubeide_1.6.1/stm32cubeide/plugins/com.st.stm32cube.ide.mcu.externaltools.gnu-tools-for-stm32.9-2020-q2-update.win32_1.5.0.202011040924/tools/bin/../lib/gcc/arm-none-eabi/9.3.1/../../../../arm-none-eabi/lib/thumb/v7-m/nofp\libc_nano.a(lib_a-exit.o) (_global_impure_ptr)
c:/st/stm32cubeide_1.6.1/stm32cubeide/plugins/com.st.stm32cube.ide.mcu.externaltools.gnu-tools-for-stm32.9-2020-q2-update.win32_1.5.0.202011040924/tools/bin/../lib/gcc/arm-none-eabi/9.3.1/../../../../arm-none-eabi/lib/thumb/v7-m/nofp\libc_nano.a(lib_a-init.o)
                              c:/st/stm32cubeide_1.6.1/stm32cubeide/plugins/com.st.stm32cube.ide.mcu.externaltools.gnu-tools-for-stm32.9-2020-q2-update.win32_1.5.0.202011040924/tools/bin/../lib/gcc/arm-none-eabi/9.3.1/../../../../arm-none-eabi/lib/thumb/v7-m/nofp/crt0.o (__libc_init_array)
c:/st/stm32cubeide_1.6.1/stm32cubeide/plugins/com.st.stm32cube.ide.mcu.externaltools.gnu-tools-for-stm32.9-2020-q2-update.win32_1.5.0.202011040924/tools/bin/../lib/gcc/arm-none-eabi/9.3.1/../../../../arm-none-eabi/lib/thumb/v7-m/nofp\libc_nano.a(lib_a-memset.o)
                              c:/st/stm32cubeide_1.6.1/stm32cubeide/plugins/com.st.stm32cube.ide.mcu.externaltools.gnu-tools-for-stm32.9-2020-q2-update.win32_1.5.0.202011040924/tools/bin/../lib/gcc/arm-none-eabi/9.3.1/../../../../arm-none-eabi/lib/thumb/v7-m/nofp/crt0.o (memset)
c:/st/stm32cubeide_1.6.1/stm32cubeide/plugins/com.st.stm32cube.ide.mcu.externaltools.gnu-tools-for-stm32.9-2020-q2-update.win32_1.5.0.202011040924/tools/bin/../lib/gcc/arm-none-eabi/9.3.1/../../../../arm-none-eabi/lib/thumb/v7-m/nofp\libnosys.a(_exit.o)
                              c:/st/stm32cubeide_1.6.1/stm32cubeide/plugins/com.st.stm32cube.ide.mcu.externaltools.gnu-tools-for-stm32.9-2020-q2-update.win32_1.5.0.202011040924/tools/bin/../lib/gcc/arm-none-eabi/9.3.1/../../../../arm-none-eabi/lib/thumb/v7-m/nofp\libc_nano.a(lib_a-exit.o) (_exit)

Allocating common symbols
Common symbol       size              file

uart_RxBUFFER       0x19              MCAL/MUSART/MUSART_prog.o
uart_TxBUFFER       0x19              MCAL/MUSART/MUSART_prog.o
local_u8temp        0x1               MCAL/MSYSTICK/MSYSTICK_prog.o

Discarded input sections

 .text          0x0000000000000000        0x0 c:/st/stm32cubeide_1.6.1/stm32cubeide/plugins/com.st.stm32cube.ide.mcu.externaltools.gnu-tools-for-stm32.9-2020-q2-update.win32_1.5.0.202011040924/tools/bin/../lib/gcc/arm-none-eabi/9.3.1/thumb/v7-m/nofp/crti.o
 .data          0x0000000000000000        0x0 c:/st/stm32cubeide_1.6.1/stm32cubeide/plugins/com.st.stm32cube.ide.mcu.externaltools.gnu-tools-for-stm32.9-2020-q2-update.win32_1.5.0.202011040924/tools/bin/../lib/gcc/arm-none-eabi/9.3.1/thumb/v7-m/nofp/crti.o
 .bss           0x0000000000000000        0x0 c:/st/stm32cubeide_1.6.1/stm32cubeide/plugins/com.st.stm32cube.ide.mcu.externaltools.gnu-tools-for-stm32.9-2020-q2-update.win32_1.5.0.202011040924/tools/bin/../lib/gcc/arm-none-eabi/9.3.1/thumb/v7-m/nofp/crti.o
 .data          0x0000000000000000        0x4 c:/st/stm32cubeide_1.6.1/stm32cubeide/plugins/com.st.stm32cube.ide.mcu.externaltools.gnu-tools-for-stm32.9-2020-q2-update.win32_1.5.0.202011040924/tools/bin/../lib/gcc/arm-none-eabi/9.3.1/thumb/v7-m/nofp/crtbegin.o
 .text          0x0000000000000000       0x7c c:/st/stm32cubeide_1.6.1/stm32cubeide/plugins/com.st.stm32cube.ide.mcu.externaltools.gnu-tools-for-stm32.9-2020-q2-update.win32_1.5.0.202011040924/tools/bin/../lib/gcc/arm-none-eabi/9.3.1/../../../../arm-none-eabi/lib/thumb/v7-m/nofp/crt0.o
 .data          0x0000000000000000        0x0 c:/st/stm32cubeide_1.6.1/stm32cubeide/plugins/com.st.stm32cube.ide.mcu.externaltools.gnu-tools-for-stm32.9-2020-q2-update.win32_1.5.0.202011040924/tools/bin/../lib/gcc/arm-none-eabi/9.3.1/../../../../arm-none-eabi/lib/thumb/v7-m/nofp/crt0.o
 .bss           0x0000000000000000        0x0 c:/st/stm32cubeide_1.6.1/stm32cubeide/plugins/com.st.stm32cube.ide.mcu.externaltools.gnu-tools-for-stm32.9-2020-q2-update.win32_1.5.0.202011040924/tools/bin/../lib/gcc/arm-none-eabi/9.3.1/../../../../arm-none-eabi/lib/thumb/v7-m/nofp/crt0.o
 .ARM.extab     0x0000000000000000        0x0 c:/st/stm32cubeide_1.6.1/stm32cubeide/plugins/com.st.stm32cube.ide.mcu.externaltools.gnu-tools-for-stm32.9-2020-q2-update.win32_1.5.0.202011040924/tools/bin/../lib/gcc/arm-none-eabi/9.3.1/../../../../arm-none-eabi/lib/thumb/v7-m/nofp/crt0.o
 .ARM.exidx     0x0000000000000000       0x10 c:/st/stm32cubeide_1.6.1/stm32cubeide/plugins/com.st.stm32cube.ide.mcu.externaltools.gnu-tools-for-stm32.9-2020-q2-update.win32_1.5.0.202011040924/tools/bin/../lib/gcc/arm-none-eabi/9.3.1/../../../../arm-none-eabi/lib/thumb/v7-m/nofp/crt0.o
 .ARM.attributes
                0x0000000000000000       0x1b c:/st/stm32cubeide_1.6.1/stm32cubeide/plugins/com.st.stm32cube.ide.mcu.externaltools.gnu-tools-for-stm32.9-2020-q2-update.win32_1.5.0.202011040924/tools/bin/../lib/gcc/arm-none-eabi/9.3.1/../../../../arm-none-eabi/lib/thumb/v7-m/nofp/crt0.o
 .group         0x0000000000000000        0xc APP/APP_prog.o
 .group         0x0000000000000000        0xc APP/APP_prog.o
 .group         0x0000000000000000        0xc APP/APP_prog.o
 .group         0x0000000000000000        0xc APP/APP_prog.o
 .group         0x0000000000000000        0xc APP/APP_prog.o
 .group         0x0000000000000000        0xc APP/APP_prog.o
 .group         0x0000000000000000        0xc APP/APP_prog.o
 .group         0x0000000000000000        0xc APP/APP_prog.o
 .group         0x0000000000000000        0xc APP/APP_prog.o
 .group         0x0000000000000000        0xc APP/APP_prog.o
 .group         0x0000000000000000        0xc APP/APP_prog.o
 .text          0x0000000000000000        0x0 APP/APP_prog.o
 .data          0x0000000000000000        0x0 APP/APP_prog.o
 .bss           0x0000000000000000        0x0 APP/APP_prog.o
 .text.App      0x0000000000000000        0xc APP/APP_prog.o
 .text.Action1  0x0000000000000000       0x22 APP/APP_prog.o
 .text.Action2  0x0000000000000000       0x12 APP/APP_prog.o
 .group         0x0000000000000000        0xc HAL/HBUZZ/HBUZZ_prog.o
 .group         0x0000000000000000        0xc HAL/HBUZZ/HBUZZ_prog.o
 .group         0x0000000000000000        0xc HAL/HBUZZ/HBUZZ_prog.o
 .text          0x0000000000000000        0x0 HAL/HBUZZ/HBUZZ_prog.o
 .data          0x0000000000000000        0x0 HAL/HBUZZ/HBUZZ_prog.o
 .bss           0x0000000000000000        0x0 HAL/HBUZZ/HBUZZ_prog.o
 .text.HBUZZ_enInit
                0x0000000000000000       0x3c HAL/HBUZZ/HBUZZ_prog.o
 .text.HBUZZ_enSetON
                0x0000000000000000       0x3c HAL/HBUZZ/HBUZZ_prog.o
 .text.HBUZZ_enSetOFF
                0x0000000000000000       0x3c HAL/HBUZZ/HBUZZ_prog.o
 .text.HBUZZ_enSetONCE
                0x0000000000000000       0x50 HAL/HBUZZ/HBUZZ_prog.o
 .text.HBUZZ_enSetNum
                0x0000000000000000       0x6e HAL/HBUZZ/HBUZZ_prog.o
 .debug_info    0x0000000000000000      0x2ea HAL/HBUZZ/HBUZZ_prog.o
 .debug_abbrev  0x0000000000000000       0xdb HAL/HBUZZ/HBUZZ_prog.o
 .debug_aranges
                0x0000000000000000       0x40 HAL/HBUZZ/HBUZZ_prog.o
 .debug_ranges  0x0000000000000000       0x30 HAL/HBUZZ/HBUZZ_prog.o
 .debug_macro   0x0000000000000000       0x55 HAL/HBUZZ/HBUZZ_prog.o
 .debug_macro   0x0000000000000000      0xaa2 HAL/HBUZZ/HBUZZ_prog.o
 .debug_macro   0x0000000000000000       0x10 HAL/HBUZZ/HBUZZ_prog.o
 .debug_macro   0x0000000000000000       0x64 HAL/HBUZZ/HBUZZ_prog.o
 .debug_line    0x0000000000000000      0x26f HAL/HBUZZ/HBUZZ_prog.o
 .debug_str     0x0000000000000000     0x3141 HAL/HBUZZ/HBUZZ_prog.o
 .comment       0x0000000000000000       0x54 HAL/HBUZZ/HBUZZ_prog.o
 .debug_frame   0x0000000000000000       0xc4 HAL/HBUZZ/HBUZZ_prog.o
 .ARM.attributes
                0x0000000000000000       0x2d HAL/HBUZZ/HBUZZ_prog.o
 .group         0x0000000000000000        0xc HAL/HKEYPAD/HKEYPAD_prog.o
 .group         0x0000000000000000        0xc HAL/HKEYPAD/HKEYPAD_prog.o
 .group         0x0000000000000000        0xc HAL/HKEYPAD/HKEYPAD_prog.o
 .group         0x0000000000000000        0xc HAL/HKEYPAD/HKEYPAD_prog.o
 .group         0x0000000000000000        0xc HAL/HKEYPAD/HKEYPAD_prog.o
 .group         0x0000000000000000        0xc HAL/HKEYPAD/HKEYPAD_prog.o
 .text          0x0000000000000000        0x0 HAL/HKEYPAD/HKEYPAD_prog.o
 .data          0x0000000000000000        0x0 HAL/HKEYPAD/HKEYPAD_prog.o
 .bss           0x0000000000000000        0x0 HAL/HKEYPAD/HKEYPAD_prog.o
 .text.HKEYPAD_enInit
                0x0000000000000000       0xb4 HAL/HKEYPAD/HKEYPAD_prog.o
 .rodata        0x0000000000000000       0x20 HAL/HKEYPAD/HKEYPAD_prog.o
 .text.HKEYPAD_enGetPressedKey
                0x0000000000000000      0x194 HAL/HKEYPAD/HKEYPAD_prog.o
 .debug_info    0x0000000000000000      0x266 HAL/HKEYPAD/HKEYPAD_prog.o
 .debug_abbrev  0x0000000000000000       0xe5 HAL/HKEYPAD/HKEYPAD_prog.o
 .debug_aranges
                0x0000000000000000       0x28 HAL/HKEYPAD/HKEYPAD_prog.o
 .debug_ranges  0x0000000000000000       0x18 HAL/HKEYPAD/HKEYPAD_prog.o
 .debug_macro   0x0000000000000000       0x52 HAL/HKEYPAD/HKEYPAD_prog.o
 .debug_macro   0x0000000000000000      0xaa2 HAL/HKEYPAD/HKEYPAD_prog.o
 .debug_macro   0x0000000000000000       0x10 HAL/HKEYPAD/HKEYPAD_prog.o
 .debug_macro   0x0000000000000000       0x64 HAL/HKEYPAD/HKEYPAD_prog.o
 .debug_macro   0x0000000000000000       0x10 HAL/HKEYPAD/HKEYPAD_prog.o
 .debug_macro   0x0000000000000000       0x1c HAL/HKEYPAD/HKEYPAD_prog.o
 .debug_macro   0x0000000000000000       0x46 HAL/HKEYPAD/HKEYPAD_prog.o
 .debug_line    0x0000000000000000      0x26f HAL/HKEYPAD/HKEYPAD_prog.o
 .debug_str     0x0000000000000000     0x3317 HAL/HKEYPAD/HKEYPAD_prog.o
 .comment       0x0000000000000000       0x54 HAL/HKEYPAD/HKEYPAD_prog.o
 .debug_frame   0x0000000000000000       0x5c HAL/HKEYPAD/HKEYPAD_prog.o
 .ARM.attributes
                0x0000000000000000       0x2d HAL/HKEYPAD/HKEYPAD_prog.o
 .group         0x0000000000000000        0xc HAL/HLCD/HLCD_prog.o
 .group         0x0000000000000000        0xc HAL/HLCD/HLCD_prog.o
 .group         0x0000000000000000        0xc HAL/HLCD/HLCD_prog.o
 .group         0x0000000000000000        0xc HAL/HLCD/HLCD_prog.o
 .group         0x0000000000000000        0xc HAL/HLCD/HLCD_prog.o
 .group         0x0000000000000000        0xc HAL/HLCD/HLCD_prog.o
 .text          0x0000000000000000        0x0 HAL/HLCD/HLCD_prog.o
 .data          0x0000000000000000        0x0 HAL/HLCD/HLCD_prog.o
 .bss           0x0000000000000000        0x0 HAL/HLCD/HLCD_prog.o
 .text.HLCD_enInit
                0x0000000000000000       0xc0 HAL/HLCD/HLCD_prog.o
 .text.HLCD_enSendData
                0x0000000000000000       0x26 HAL/HLCD/HLCD_prog.o
 .text.HLCD_enSendCommand
                0x0000000000000000       0x26 HAL/HLCD/HLCD_prog.o
 .text.HLCD_enSendString
                0x0000000000000000       0x2c HAL/HLCD/HLCD_prog.o
 .text.HLCD_enCLearDisplay
                0x0000000000000000       0x10 HAL/HLCD/HLCD_prog.o
 .text.HLCD_enSendIntNum
                0x0000000000000000       0xd0 HAL/HLCD/HLCD_prog.o
 .text.HLCD_enGoToXY
                0x0000000000000000       0x58 HAL/HLCD/HLCD_prog.o
 .text.HLCD_CustomChar
                0x0000000000000000       0x46 HAL/HLCD/HLCD_prog.o
 .rodata        0x0000000000000000        0x8 HAL/HLCD/HLCD_prog.o
 .text.HLCD_voidNLatch
                0x0000000000000000       0xf8 HAL/HLCD/HLCD_prog.o
 .debug_info    0x0000000000000000      0x3a5 HAL/HLCD/HLCD_prog.o
 .debug_abbrev  0x0000000000000000      0x14f HAL/HLCD/HLCD_prog.o
 .debug_aranges
                0x0000000000000000       0x60 HAL/HLCD/HLCD_prog.o
 .debug_ranges  0x0000000000000000       0x50 HAL/HLCD/HLCD_prog.o
 .debug_macro   0x0000000000000000       0x5c HAL/HLCD/HLCD_prog.o
 .debug_macro   0x0000000000000000      0xaa2 HAL/HLCD/HLCD_prog.o
 .debug_macro   0x0000000000000000       0x10 HAL/HLCD/HLCD_prog.o
 .debug_macro   0x0000000000000000       0x22 HAL/HLCD/HLCD_prog.o
 .debug_macro   0x0000000000000000       0x64 HAL/HLCD/HLCD_prog.o
 .debug_macro   0x0000000000000000       0x52 HAL/HLCD/HLCD_prog.o
 .debug_macro   0x0000000000000000       0x34 HAL/HLCD/HLCD_prog.o
 .debug_line    0x0000000000000000      0x389 HAL/HLCD/HLCD_prog.o
 .debug_str     0x0000000000000000     0x3431 HAL/HLCD/HLCD_prog.o
 .comment       0x0000000000000000       0x54 HAL/HLCD/HLCD_prog.o
 .debug_frame   0x0000000000000000      0x14c HAL/HLCD/HLCD_prog.o
 .ARM.attributes
                0x0000000000000000       0x2d HAL/HLCD/HLCD_prog.o
 .group         0x0000000000000000        0xc HAL/HLED/HLED_prog.o
 .group         0x0000000000000000        0xc HAL/HLED/HLED_prog.o
 .group         0x0000000000000000        0xc HAL/HLED/HLED_prog.o
 .group         0x0000000000000000        0xc HAL/HLED/HLED_prog.o
 .group         0x0000000000000000        0xc HAL/HLED/HLED_prog.o
 .text          0x0000000000000000        0x0 HAL/HLED/HLED_prog.o
 .data          0x0000000000000000        0x0 HAL/HLED/HLED_prog.o
 .bss           0x0000000000000000        0x0 HAL/HLED/HLED_prog.o
 .text.HLED_enInit
                0x0000000000000000       0x26 HAL/HLED/HLED_prog.o
 .text.HLED_enSetON
                0x0000000000000000       0x26 HAL/HLED/HLED_prog.o
 .text.HLED_enSetOFF
                0x0000000000000000       0x26 HAL/HLED/HLED_prog.o
 .text.HLED_enToggle
                0x0000000000000000       0x26 HAL/HLED/HLED_prog.o
 .debug_info    0x0000000000000000      0x1b0 HAL/HLED/HLED_prog.o
 .debug_abbrev  0x0000000000000000       0xb0 HAL/HLED/HLED_prog.o
 .debug_aranges
                0x0000000000000000       0x38 HAL/HLED/HLED_prog.o
 .debug_ranges  0x0000000000000000       0x28 HAL/HLED/HLED_prog.o
 .debug_macro   0x0000000000000000       0x49 HAL/HLED/HLED_prog.o
 .debug_macro   0x0000000000000000      0xaa2 HAL/HLED/HLED_prog.o
 .debug_macro   0x0000000000000000       0x10 HAL/HLED/HLED_prog.o
 .debug_macro   0x0000000000000000       0x64 HAL/HLED/HLED_prog.o
 .debug_macro   0x0000000000000000       0x16 HAL/HLED/HLED_prog.o
 .debug_macro   0x0000000000000000       0x10 HAL/HLED/HLED_prog.o
 .debug_line    0x0000000000000000      0x19e HAL/HLED/HLED_prog.o
 .debug_str     0x0000000000000000     0x30d4 HAL/HLED/HLED_prog.o
 .comment       0x0000000000000000       0x54 HAL/HLED/HLED_prog.o
 .debug_frame   0x0000000000000000       0xa0 HAL/HLED/HLED_prog.o
 .ARM.attributes
                0x0000000000000000       0x2d HAL/HLED/HLED_prog.o
 .group         0x0000000000000000        0xc HAL/HLEDMRX/HLEDMRX_prog.o
 .group         0x0000000000000000        0xc HAL/HLEDMRX/HLEDMRX_prog.o
 .group         0x0000000000000000        0xc HAL/HLEDMRX/HLEDMRX_prog.o
 .group         0x0000000000000000        0xc HAL/HLEDMRX/HLEDMRX_prog.o
 .group         0x0000000000000000        0xc HAL/HLEDMRX/HLEDMRX_prog.o
 .group         0x0000000000000000        0xc HAL/HLEDMRX/HLEDMRX_prog.o
 .text          0x0000000000000000        0x0 HAL/HLEDMRX/HLEDMRX_prog.o
 .data          0x0000000000000000        0x0 HAL/HLEDMRX/HLEDMRX_prog.o
 .bss           0x0000000000000000        0x0 HAL/HLEDMRX/HLEDMRX_prog.o
 .text.HLEDMRX_enInit
                0x0000000000000000       0x1e HAL/HLEDMRX/HLEDMRX_prog.o
 .text.HLEDMRX_enDisplay
                0x0000000000000000       0x54 HAL/HLEDMRX/HLEDMRX_prog.o
 .text.HLEDMRX_voidSetRowValue
                0x0000000000000000       0x56 HAL/HLEDMRX/HLEDMRX_prog.o
 .debug_info    0x0000000000000000      0x22f HAL/HLEDMRX/HLEDMRX_prog.o
 .debug_abbrev  0x0000000000000000       0xed HAL/HLEDMRX/HLEDMRX_prog.o
 .debug_aranges
                0x0000000000000000       0x30 HAL/HLEDMRX/HLEDMRX_prog.o
 .debug_ranges  0x0000000000000000       0x20 HAL/HLEDMRX/HLEDMRX_prog.o
 .debug_macro   0x0000000000000000       0x70 HAL/HLEDMRX/HLEDMRX_prog.o
 .debug_macro   0x0000000000000000      0xaa2 HAL/HLEDMRX/HLEDMRX_prog.o
 .debug_macro   0x0000000000000000       0x10 HAL/HLEDMRX/HLEDMRX_prog.o
 .debug_macro   0x0000000000000000       0x22 HAL/HLEDMRX/HLEDMRX_prog.o
 .debug_macro   0x0000000000000000       0xd5 HAL/HLEDMRX/HLEDMRX_prog.o
 .debug_macro   0x0000000000000000       0xb8 HAL/HLEDMRX/HLEDMRX_prog.o
 .debug_macro   0x0000000000000000       0x64 HAL/HLEDMRX/HLEDMRX_prog.o
 .debug_line    0x0000000000000000      0x2a1 HAL/HLEDMRX/HLEDMRX_prog.o
 .debug_str     0x0000000000000000     0x384f HAL/HLEDMRX/HLEDMRX_prog.o
 .comment       0x0000000000000000       0x54 HAL/HLEDMRX/HLEDMRX_prog.o
 .debug_frame   0x0000000000000000       0x74 HAL/HLEDMRX/HLEDMRX_prog.o
 .ARM.attributes
                0x0000000000000000       0x2d HAL/HLEDMRX/HLEDMRX_prog.o
 .group         0x0000000000000000        0xc HAL/HPB/HPB_prog.o
 .group         0x0000000000000000        0xc HAL/HPB/HPB_prog.o
 .group         0x0000000000000000        0xc HAL/HPB/HPB_prog.o
 .text          0x0000000000000000        0x0 HAL/HPB/HPB_prog.o
 .data          0x0000000000000000        0x0 HAL/HPB/HPB_prog.o
 .bss           0x0000000000000000        0x0 HAL/HPB/HPB_prog.o
 .text.HPB_enInit
                0x0000000000000000       0x4c HAL/HPB/HPB_prog.o
 .text.HPB_enRead
                0x0000000000000000       0x82 HAL/HPB/HPB_prog.o
 .debug_info    0x0000000000000000      0x29b HAL/HPB/HPB_prog.o
 .debug_abbrev  0x0000000000000000       0xea HAL/HPB/HPB_prog.o
 .debug_aranges
                0x0000000000000000       0x28 HAL/HPB/HPB_prog.o
 .debug_ranges  0x0000000000000000       0x18 HAL/HPB/HPB_prog.o
 .debug_macro   0x0000000000000000       0x55 HAL/HPB/HPB_prog.o
 .debug_macro   0x0000000000000000      0xaa2 HAL/HPB/HPB_prog.o
 .debug_macro   0x0000000000000000       0x10 HAL/HPB/HPB_prog.o
 .debug_macro   0x0000000000000000       0x64 HAL/HPB/HPB_prog.o
 .debug_line    0x0000000000000000      0x1d4 HAL/HPB/HPB_prog.o
 .debug_str     0x0000000000000000     0x316f HAL/HPB/HPB_prog.o
 .comment       0x0000000000000000       0x54 HAL/HPB/HPB_prog.o
 .debug_frame   0x0000000000000000       0x58 HAL/HPB/HPB_prog.o
 .ARM.attributes
                0x0000000000000000       0x2d HAL/HPB/HPB_prog.o
 .group         0x0000000000000000        0xc HAL/HSSD/V1/HSSD_prog.o
 .group         0x0000000000000000        0xc HAL/HSSD/V1/HSSD_prog.o
 .group         0x0000000000000000        0xc HAL/HSSD/V1/HSSD_prog.o
 .group         0x0000000000000000        0xc HAL/HSSD/V1/HSSD_prog.o
 .group         0x0000000000000000        0xc HAL/HSSD/V1/HSSD_prog.o
 .text          0x0000000000000000        0x0 HAL/HSSD/V1/HSSD_prog.o
 .data          0x0000000000000000        0x0 HAL/HSSD/V1/HSSD_prog.o
 .bss           0x0000000000000000        0x0 HAL/HSSD/V1/HSSD_prog.o
 .text.HSSD_enInit
                0x0000000000000000       0x78 HAL/HSSD/V1/HSSD_prog.o
 .text.HSSD_enDisplayIntegerNumber
                0x0000000000000000      0x6c4 HAL/HSSD/V1/HSSD_prog.o
 .debug_info    0x0000000000000000      0x20a HAL/HSSD/V1/HSSD_prog.o
 .debug_abbrev  0x0000000000000000       0xdb HAL/HSSD/V1/HSSD_prog.o
 .debug_aranges
                0x0000000000000000       0x28 HAL/HSSD/V1/HSSD_prog.o
 .debug_ranges  0x0000000000000000       0x18 HAL/HSSD/V1/HSSD_prog.o
 .debug_macro   0x0000000000000000       0x53 HAL/HSSD/V1/HSSD_prog.o
 .debug_macro   0x0000000000000000      0xaa2 HAL/HSSD/V1/HSSD_prog.o
 .debug_macro   0x0000000000000000       0x10 HAL/HSSD/V1/HSSD_prog.o
 .debug_macro   0x0000000000000000       0x64 HAL/HSSD/V1/HSSD_prog.o
 .debug_macro   0x0000000000000000       0x52 HAL/HSSD/V1/HSSD_prog.o
 .debug_macro   0x0000000000000000       0x16 HAL/HSSD/V1/HSSD_prog.o
 .debug_line    0x0000000000000000      0x2a8 HAL/HSSD/V1/HSSD_prog.o
 .debug_str     0x0000000000000000     0x3271 HAL/HSSD/V1/HSSD_prog.o
 .comment       0x0000000000000000       0x54 HAL/HSSD/V1/HSSD_prog.o
 .debug_frame   0x0000000000000000       0x5c HAL/HSSD/V1/HSSD_prog.o
 .ARM.attributes
                0x0000000000000000       0x2d HAL/HSSD/V1/HSSD_prog.o
 .group         0x0000000000000000        0xc HAL/HSSD/V2/HSSD_prog.o
 .text          0x0000000000000000        0x0 HAL/HSSD/V2/HSSD_prog.o
 .data          0x0000000000000000        0x0 HAL/HSSD/V2/HSSD_prog.o
 .bss           0x0000000000000000        0x0 HAL/HSSD/V2/HSSD_prog.o
 .debug_info    0x0000000000000000       0x21 HAL/HSSD/V2/HSSD_prog.o
 .debug_abbrev  0x0000000000000000       0x13 HAL/HSSD/V2/HSSD_prog.o
 .debug_aranges
                0x0000000000000000       0x18 HAL/HSSD/V2/HSSD_prog.o
 .debug_macro   0x0000000000000000       0x11 HAL/HSSD/V2/HSSD_prog.o
 .debug_macro   0x0000000000000000      0xaa2 HAL/HSSD/V2/HSSD_prog.o
 .debug_line    0x0000000000000000       0x3b HAL/HSSD/V2/HSSD_prog.o
 .debug_str     0x0000000000000000     0x2d90 HAL/HSSD/V2/HSSD_prog.o
 .comment       0x0000000000000000       0x54 HAL/HSSD/V2/HSSD_prog.o
 .ARM.attributes
                0x0000000000000000       0x33 HAL/HSSD/V2/HSSD_prog.o
 .group         0x0000000000000000        0xc MCAL/MADC/MADC_prog.o
 .group         0x0000000000000000        0xc MCAL/MADC/MADC_prog.o
 .group         0x0000000000000000        0xc MCAL/MADC/MADC_prog.o
 .group         0x0000000000000000        0xc MCAL/MADC/MADC_prog.o
 .group         0x0000000000000000        0xc MCAL/MADC/MADC_prog.o
 .text          0x0000000000000000        0x0 MCAL/MADC/MADC_prog.o
 .data          0x0000000000000000        0x0 MCAL/MADC/MADC_prog.o
 .bss           0x0000000000000000        0x0 MCAL/MADC/MADC_prog.o
 .text.MADC_enInit
                0x0000000000000000      0x16c MCAL/MADC/MADC_prog.o
 .text.MADC_enSampleChannel
                0x0000000000000000       0x88 MCAL/MADC/MADC_prog.o
 .text.MADC_enRegSingleChannel
                0x0000000000000000       0x68 MCAL/MADC/MADC_prog.o
 .text.MADC_enInjSingleChannel
                0x0000000000000000       0x68 MCAL/MADC/MADC_prog.o
 .text.MADC_enInjGroupChannel
                0x0000000000000000       0x80 MCAL/MADC/MADC_prog.o
 .text.MADC_enRegGroupChannel
                0x0000000000000000       0xec MCAL/MADC/MADC_prog.o
 .text.MADC_enEnableInt
                0x0000000000000000       0x44 MCAL/MADC/MADC_prog.o
 .text.MADC_enDisableInt
                0x0000000000000000       0x48 MCAL/MADC/MADC_prog.o
 .text.MADC_enIntCallBack
                0x0000000000000000       0x30 MCAL/MADC/MADC_prog.o
 .debug_macro   0x0000000000000000      0xaa2 MCAL/MADC/MADC_prog.o
 .debug_macro   0x0000000000000000       0x10 MCAL/MADC/MADC_prog.o
 .debug_macro   0x0000000000000000       0xd5 MCAL/MADC/MADC_prog.o
 .debug_macro   0x0000000000000000       0x22 MCAL/MADC/MADC_prog.o
 .group         0x0000000000000000        0xc MCAL/MAFIO/MAFIO_prog.o
 .group         0x0000000000000000        0xc MCAL/MAFIO/MAFIO_prog.o
 .group         0x0000000000000000        0xc MCAL/MAFIO/MAFIO_prog.o
 .group         0x0000000000000000        0xc MCAL/MAFIO/MAFIO_prog.o
 .group         0x0000000000000000        0xc MCAL/MAFIO/MAFIO_prog.o
 .group         0x0000000000000000        0xc MCAL/MAFIO/MAFIO_prog.o
 .group         0x0000000000000000        0xc MCAL/MAFIO/MAFIO_prog.o
 .group         0x0000000000000000        0xc MCAL/MAFIO/MAFIO_prog.o
 .text          0x0000000000000000        0x0 MCAL/MAFIO/MAFIO_prog.o
 .data          0x0000000000000000        0x0 MCAL/MAFIO/MAFIO_prog.o
 .bss           0x0000000000000000        0x0 MCAL/MAFIO/MAFIO_prog.o
 .text.MAFIO_enSetEXTI_Config
                0x0000000000000000       0xb0 MCAL/MAFIO/MAFIO_prog.o
 .debug_info    0x0000000000000000      0x1ac MCAL/MAFIO/MAFIO_prog.o
 .debug_abbrev  0x0000000000000000       0xd3 MCAL/MAFIO/MAFIO_prog.o
 .debug_aranges
                0x0000000000000000       0x20 MCAL/MAFIO/MAFIO_prog.o
 .debug_ranges  0x0000000000000000       0x10 MCAL/MAFIO/MAFIO_prog.o
 .debug_macro   0x0000000000000000       0x6e MCAL/MAFIO/MAFIO_prog.o
 .debug_macro   0x0000000000000000      0xaa2 MCAL/MAFIO/MAFIO_prog.o
 .debug_macro   0x0000000000000000       0x10 MCAL/MAFIO/MAFIO_prog.o
 .debug_macro   0x0000000000000000       0x22 MCAL/MAFIO/MAFIO_prog.o
 .debug_macro   0x0000000000000000       0xd5 MCAL/MAFIO/MAFIO_prog.o
 .debug_macro   0x0000000000000000       0xb8 MCAL/MAFIO/MAFIO_prog.o
 .debug_macro   0x0000000000000000      0x118 MCAL/MAFIO/MAFIO_prog.o
 .debug_macro   0x0000000000000000       0x7c MCAL/MAFIO/MAFIO_prog.o
 .debug_macro   0x0000000000000000       0x2e MCAL/MAFIO/MAFIO_prog.o
 .debug_line    0x0000000000000000      0x277 MCAL/MAFIO/MAFIO_prog.o
 .debug_str     0x0000000000000000     0x3bc2 MCAL/MAFIO/MAFIO_prog.o
 .comment       0x0000000000000000       0x54 MCAL/MAFIO/MAFIO_prog.o
 .debug_frame   0x0000000000000000       0x38 MCAL/MAFIO/MAFIO_prog.o
 .ARM.attributes
                0x0000000000000000       0x2d MCAL/MAFIO/MAFIO_prog.o
 .group         0x0000000000000000        0xc MCAL/MDMA/MDMA_prog.o
 .group         0x0000000000000000        0xc MCAL/MDMA/MDMA_prog.o
 .group         0x0000000000000000        0xc MCAL/MDMA/MDMA_prog.o
 .group         0x0000000000000000        0xc MCAL/MDMA/MDMA_prog.o
 .group         0x0000000000000000        0xc MCAL/MDMA/MDMA_prog.o
 .group         0x0000000000000000        0xc MCAL/MDMA/MDMA_prog.o
 .text          0x0000000000000000        0x0 MCAL/MDMA/MDMA_prog.o
 .data          0x0000000000000000        0x0 MCAL/MDMA/MDMA_prog.o
 .bss           0x0000000000000000        0x0 MCAL/MDMA/MDMA_prog.o
 .text.MDMA_enInit
                0x0000000000000000      0x4b4 MCAL/MDMA/MDMA_prog.o
 .text.MDMA_enEnableInt
                0x0000000000000000       0x6c MCAL/MDMA/MDMA_prog.o
 .text.MDMA_enDisableInt
                0x0000000000000000       0x70 MCAL/MDMA/MDMA_prog.o
 .text.MDMA_enReadIntState
                0x0000000000000000       0x60 MCAL/MDMA/MDMA_prog.o
 .text.MDMA_enIntCallBack
                0x0000000000000000       0x38 MCAL/MDMA/MDMA_prog.o
 .text.MDMA_enTranferInit
                0x0000000000000000       0xc8 MCAL/MDMA/MDMA_prog.o
 .text.MDMA_enTranferBusyStart
                0x0000000000000000       0x60 MCAL/MDMA/MDMA_prog.o
 .debug_macro   0x0000000000000000      0xaa2 MCAL/MDMA/MDMA_prog.o
 .debug_macro   0x0000000000000000       0x10 MCAL/MDMA/MDMA_prog.o
 .debug_macro   0x0000000000000000       0xd5 MCAL/MDMA/MDMA_prog.o
 .debug_macro   0x0000000000000000       0x22 MCAL/MDMA/MDMA_prog.o
 .debug_macro   0x0000000000000000       0xb8 MCAL/MDMA/MDMA_prog.o
 .group         0x0000000000000000        0xc MCAL/MEXTI/MEXTI_prog.o
 .group         0x0000000000000000        0xc MCAL/MEXTI/MEXTI_prog.o
 .group         0x0000000000000000        0xc MCAL/MEXTI/MEXTI_prog.o
 .group         0x0000000000000000        0xc MCAL/MEXTI/MEXTI_prog.o
 .group         0x0000000000000000        0xc MCAL/MEXTI/MEXTI_prog.o
 .group         0x0000000000000000        0xc MCAL/MEXTI/MEXTI_prog.o
 .group         0x0000000000000000        0xc MCAL/MEXTI/MEXTI_prog.o
 .group         0x0000000000000000        0xc MCAL/MEXTI/MEXTI_prog.o
 .group         0x0000000000000000        0xc MCAL/MEXTI/MEXTI_prog.o
 .text          0x0000000000000000        0x0 MCAL/MEXTI/MEXTI_prog.o
 .data          0x0000000000000000        0x0 MCAL/MEXTI/MEXTI_prog.o
 .bss           0x0000000000000000        0x0 MCAL/MEXTI/MEXTI_prog.o
 .text.MEXTI_enInit
                0x0000000000000000       0x2c MCAL/MEXTI/MEXTI_prog.o
 .text.MEXTI_enSetLatch
                0x0000000000000000       0xb4 MCAL/MEXTI/MEXTI_prog.o
 .text.MEXTI_enDisable
                0x0000000000000000       0x40 MCAL/MEXTI/MEXTI_prog.o
 .text.MEXTI_enCallBack
                0x0000000000000000       0x38 MCAL/MEXTI/MEXTI_prog.o
 .text.MEXTI_enSWInterrupt
                0x0000000000000000       0x54 MCAL/MEXTI/MEXTI_prog.o
 .text.MEXTI_enClearPendingBit
                0x0000000000000000       0x40 MCAL/MEXTI/MEXTI_prog.o
 .debug_macro   0x0000000000000000      0xaa2 MCAL/MEXTI/MEXTI_prog.o
 .debug_macro   0x0000000000000000       0x10 MCAL/MEXTI/MEXTI_prog.o
 .debug_macro   0x0000000000000000       0x22 MCAL/MEXTI/MEXTI_prog.o
 .debug_macro   0x0000000000000000       0xd5 MCAL/MEXTI/MEXTI_prog.o
 .debug_macro   0x0000000000000000       0xb8 MCAL/MEXTI/MEXTI_prog.o
 .debug_macro   0x0000000000000000      0x118 MCAL/MEXTI/MEXTI_prog.o
 .debug_macro   0x0000000000000000       0x7c MCAL/MEXTI/MEXTI_prog.o
 .group         0x0000000000000000        0xc MCAL/MGPIO/MGPIO_prog.o
 .group         0x0000000000000000        0xc MCAL/MGPIO/MGPIO_prog.o
 .group         0x0000000000000000        0xc MCAL/MGPIO/MGPIO_prog.o
 .group         0x0000000000000000        0xc MCAL/MGPIO/MGPIO_prog.o
 .group         0x0000000000000000        0xc MCAL/MGPIO/MGPIO_prog.o
 .group         0x0000000000000000        0xc MCAL/MGPIO/MGPIO_prog.o
 .group         0x0000000000000000        0xc MCAL/MGPIO/MGPIO_prog.o
 .text          0x0000000000000000        0x0 MCAL/MGPIO/MGPIO_prog.o
 .data          0x0000000000000000        0x0 MCAL/MGPIO/MGPIO_prog.o
 .bss           0x0000000000000000        0x0 MCAL/MGPIO/MGPIO_prog.o
 .text.MGPIO_enSetPinValue
                0x0000000000000000      0x108 MCAL/MGPIO/MGPIO_prog.o
 .text.MGPIO_enTogglePin
                0x0000000000000000       0x88 MCAL/MGPIO/MGPIO_prog.o
 .text.MGPIO_enGetPinValue
                0x0000000000000000       0x90 MCAL/MGPIO/MGPIO_prog.o
 .text.MGPIO_enSetPortDirection
                0x0000000000000000       0xd0 MCAL/MGPIO/MGPIO_prog.o
 .text.MGPIO_enSetPortValue
                0x0000000000000000      0x1cc MCAL/MGPIO/MGPIO_prog.o
 .text.MGPIO_enSetResetPin
                0x0000000000000000       0xc8 MCAL/MGPIO/MGPIO_prog.o
 .text.MGPIO_enLockPin
                0x0000000000000000      0x188 MCAL/MGPIO/MGPIO_prog.o
 .debug_macro   0x0000000000000000      0xaa2 MCAL/MGPIO/MGPIO_prog.o
 .debug_macro   0x0000000000000000       0x10 MCAL/MGPIO/MGPIO_prog.o
 .debug_macro   0x0000000000000000       0x22 MCAL/MGPIO/MGPIO_prog.o
 .debug_macro   0x0000000000000000       0xd5 MCAL/MGPIO/MGPIO_prog.o
 .debug_macro   0x0000000000000000       0xb8 MCAL/MGPIO/MGPIO_prog.o
 .debug_macro   0x0000000000000000       0x64 MCAL/MGPIO/MGPIO_prog.o
 .group         0x0000000000000000        0xc MCAL/MI2C/MI2C_prog.o
 .text          0x0000000000000000        0x0 MCAL/MI2C/MI2C_prog.o
 .data          0x0000000000000000        0x0 MCAL/MI2C/MI2C_prog.o
 .bss           0x0000000000000000        0x0 MCAL/MI2C/MI2C_prog.o
 .debug_info    0x0000000000000000       0x21 MCAL/MI2C/MI2C_prog.o
 .debug_abbrev  0x0000000000000000       0x13 MCAL/MI2C/MI2C_prog.o
 .debug_aranges
                0x0000000000000000       0x18 MCAL/MI2C/MI2C_prog.o
 .debug_macro   0x0000000000000000       0x11 MCAL/MI2C/MI2C_prog.o
 .debug_macro   0x0000000000000000      0xaa2 MCAL/MI2C/MI2C_prog.o
 .debug_line    0x0000000000000000       0x39 MCAL/MI2C/MI2C_prog.o
 .debug_str     0x0000000000000000     0x2d8e MCAL/MI2C/MI2C_prog.o
 .comment       0x0000000000000000       0x54 MCAL/MI2C/MI2C_prog.o
 .ARM.attributes
                0x0000000000000000       0x33 MCAL/MI2C/MI2C_prog.o
 .group         0x0000000000000000        0xc MCAL/MNVIC/MNVIC_prog.o
 .group         0x0000000000000000        0xc MCAL/MNVIC/MNVIC_prog.o
 .group         0x0000000000000000        0xc MCAL/MNVIC/MNVIC_prog.o
 .group         0x0000000000000000        0xc MCAL/MNVIC/MNVIC_prog.o
 .group         0x0000000000000000        0xc MCAL/MNVIC/MNVIC_prog.o
 .group         0x0000000000000000        0xc MCAL/MNVIC/MNVIC_prog.o
 .group         0x0000000000000000        0xc MCAL/MNVIC/MNVIC_prog.o
 .group         0x0000000000000000        0xc MCAL/MNVIC/MNVIC_prog.o
 .text          0x0000000000000000        0x0 MCAL/MNVIC/MNVIC_prog.o
 .data          0x0000000000000000        0x0 MCAL/MNVIC/MNVIC_prog.o
 .bss           0x0000000000000000        0x0 MCAL/MNVIC/MNVIC_prog.o
 .text.MNVIC_enDisableInt
                0x0000000000000000       0x50 MCAL/MNVIC/MNVIC_prog.o
 .text.MNVIC_enClrPendingFlag
                0x0000000000000000       0x50 MCAL/MNVIC/MNVIC_prog.o
 .text.MNVIC_enGetPendingFlag
                0x0000000000000000       0x6c MCAL/MNVIC/MNVIC_prog.o
 .text.MNVIC_enGetActiveFlag
                0x0000000000000000       0x6c MCAL/MNVIC/MNVIC_prog.o
 .debug_macro   0x0000000000000000      0xaa2 MCAL/MNVIC/MNVIC_prog.o
 .debug_macro   0x0000000000000000       0x10 MCAL/MNVIC/MNVIC_prog.o
 .debug_macro   0x0000000000000000       0x22 MCAL/MNVIC/MNVIC_prog.o
 .debug_macro   0x0000000000000000       0xd5 MCAL/MNVIC/MNVIC_prog.o
 .debug_macro   0x0000000000000000       0xb8 MCAL/MNVIC/MNVIC_prog.o
 .debug_macro   0x0000000000000000      0x118 MCAL/MNVIC/MNVIC_prog.o
 .group         0x0000000000000000        0xc MCAL/MRCC/MRCC_prog.o
 .group         0x0000000000000000        0xc MCAL/MRCC/MRCC_prog.o
 .group         0x0000000000000000        0xc MCAL/MRCC/MRCC_prog.o
 .group         0x0000000000000000        0xc MCAL/MRCC/MRCC_prog.o
 .group         0x0000000000000000        0xc MCAL/MRCC/MRCC_prog.o
 .group         0x0000000000000000        0xc MCAL/MRCC/MRCC_prog.o
 .group         0x0000000000000000        0xc MCAL/MRCC/MRCC_prog.o
 .text          0x0000000000000000        0x0 MCAL/MRCC/MRCC_prog.o
 .data          0x0000000000000000        0x0 MCAL/MRCC/MRCC_prog.o
 .bss           0x0000000000000000        0x0 MCAL/MRCC/MRCC_prog.o
 .text.MRCC_enDisablePeripheralCLK
                0x0000000000000000       0x88 MCAL/MRCC/MRCC_prog.o
 .debug_macro   0x0000000000000000      0xaa2 MCAL/MRCC/MRCC_prog.o
 .debug_macro   0x0000000000000000       0x10 MCAL/MRCC/MRCC_prog.o
 .debug_macro   0x0000000000000000       0x22 MCAL/MRCC/MRCC_prog.o
 .debug_macro   0x0000000000000000       0xd5 MCAL/MRCC/MRCC_prog.o
 .debug_macro   0x0000000000000000       0xb8 MCAL/MRCC/MRCC_prog.o
 .group         0x0000000000000000        0xc MCAL/MSPI/MSPI_prog.o
 .group         0x0000000000000000        0xc MCAL/MSPI/MSPI_prog.o
 .group         0x0000000000000000        0xc MCAL/MSPI/MSPI_prog.o
 .group         0x0000000000000000        0xc MCAL/MSPI/MSPI_prog.o
 .group         0x0000000000000000        0xc MCAL/MSPI/MSPI_prog.o
 .group         0x0000000000000000        0xc MCAL/MSPI/MSPI_prog.o
 .group         0x0000000000000000        0xc MCAL/MSPI/MSPI_prog.o
 .text          0x0000000000000000        0x0 MCAL/MSPI/MSPI_prog.o
 .data          0x0000000000000000        0x0 MCAL/MSPI/MSPI_prog.o
 .bss           0x0000000000000000        0x0 MCAL/MSPI/MSPI_prog.o
 .text.MSPI_enMasterInit
                0x0000000000000000      0x134 MCAL/MSPI/MSPI_prog.o
 .text.MSPI_enSlaveInit
                0x0000000000000000      0x134 MCAL/MSPI/MSPI_prog.o
 .text.MSPI_enMasterSend
                0x0000000000000000       0x68 MCAL/MSPI/MSPI_prog.o
 .text.MSPI_enSlaveReceive
                0x0000000000000000       0x5c MCAL/MSPI/MSPI_prog.o
 .text.MSPI_enEnableInt
                0x0000000000000000       0x5c MCAL/MSPI/MSPI_prog.o
 .text.MSPI_enDisableInt
                0x0000000000000000       0x60 MCAL/MSPI/MSPI_prog.o
 .text.MSPI_enIntCallBack
                0x0000000000000000       0x64 MCAL/MSPI/MSPI_prog.o
 .debug_macro   0x0000000000000000      0xaa2 MCAL/MSPI/MSPI_prog.o
 .debug_macro   0x0000000000000000       0x10 MCAL/MSPI/MSPI_prog.o
 .debug_macro   0x0000000000000000       0xd5 MCAL/MSPI/MSPI_prog.o
 .debug_macro   0x0000000000000000       0x22 MCAL/MSPI/MSPI_prog.o
 .debug_macro   0x0000000000000000       0x3a MCAL/MSPI/MSPI_prog.o
 .group         0x0000000000000000        0xc MCAL/MSYSTICK/MSYSTICK_prog.o
 .group         0x0000000000000000        0xc MCAL/MSYSTICK/MSYSTICK_prog.o
 .group         0x0000000000000000        0xc MCAL/MSYSTICK/MSYSTICK_prog.o
 .group         0x0000000000000000        0xc MCAL/MSYSTICK/MSYSTICK_prog.o
 .group         0x0000000000000000        0xc MCAL/MSYSTICK/MSYSTICK_prog.o
 .group         0x0000000000000000        0xc MCAL/MSYSTICK/MSYSTICK_prog.o
 .group         0x0000000000000000        0xc MCAL/MSYSTICK/MSYSTICK_prog.o
 .text          0x0000000000000000        0x0 MCAL/MSYSTICK/MSYSTICK_prog.o
 .data          0x0000000000000000        0x0 MCAL/MSYSTICK/MSYSTICK_prog.o
 .bss           0x0000000000000000        0x0 MCAL/MSYSTICK/MSYSTICK_prog.o
 .text.MSYSTICK_enInit
                0x0000000000000000       0x20 MCAL/MSYSTICK/MSYSTICK_prog.o
 .text.MSYSTICK_enSetBusyWait
                0x0000000000000000       0x4c MCAL/MSYSTICK/MSYSTICK_prog.o
 .text.MSYSTICK_enDelayMS
                0x0000000000000000       0x58 MCAL/MSYSTICK/MSYSTICK_prog.o
 .text.MSYSTICK_enSetIntervalSingle
                0x0000000000000000       0x5c MCAL/MSYSTICK/MSYSTICK_prog.o
 .text.MSYSTICK_enSetIntervalPeriodic
                0x0000000000000000       0x5c MCAL/MSYSTICK/MSYSTICK_prog.o
 .text.MSYSTICK_enGetElapsedTime
                0x0000000000000000       0x38 MCAL/MSYSTICK/MSYSTICK_prog.o
 .text.MSYSTICK_enRemainingValue
                0x0000000000000000       0x30 MCAL/MSYSTICK/MSYSTICK_prog.o
 .text.MSYSTICK_enStop
                0x0000000000000000       0x38 MCAL/MSYSTICK/MSYSTICK_prog.o
 .debug_macro   0x0000000000000000      0xaa2 MCAL/MSYSTICK/MSYSTICK_prog.o
 .debug_macro   0x0000000000000000       0x10 MCAL/MSYSTICK/MSYSTICK_prog.o
 .debug_macro   0x0000000000000000       0x22 MCAL/MSYSTICK/MSYSTICK_prog.o
 .debug_macro   0x0000000000000000       0xd5 MCAL/MSYSTICK/MSYSTICK_prog.o
 .debug_macro   0x0000000000000000       0xb8 MCAL/MSYSTICK/MSYSTICK_prog.o
 .group         0x0000000000000000        0xc MCAL/MTIM1/MTIM1_prog.o
 .text          0x0000000000000000        0x0 MCAL/MTIM1/MTIM1_prog.o
 .data          0x0000000000000000        0x0 MCAL/MTIM1/MTIM1_prog.o
 .bss           0x0000000000000000        0x0 MCAL/MTIM1/MTIM1_prog.o
 .debug_info    0x0000000000000000       0x21 MCAL/MTIM1/MTIM1_prog.o
 .debug_abbrev  0x0000000000000000       0x13 MCAL/MTIM1/MTIM1_prog.o
 .debug_aranges
                0x0000000000000000       0x18 MCAL/MTIM1/MTIM1_prog.o
 .debug_macro   0x0000000000000000       0x11 MCAL/MTIM1/MTIM1_prog.o
 .debug_macro   0x0000000000000000      0xaa2 MCAL/MTIM1/MTIM1_prog.o
 .debug_line    0x0000000000000000       0x3b MCAL/MTIM1/MTIM1_prog.o
 .debug_str     0x0000000000000000     0x2d90 MCAL/MTIM1/MTIM1_prog.o
 .comment       0x0000000000000000       0x54 MCAL/MTIM1/MTIM1_prog.o
 .ARM.attributes
                0x0000000000000000       0x33 MCAL/MTIM1/MTIM1_prog.o
 .group         0x0000000000000000        0xc MCAL/MUSART/MUSART_prog.o
 .group         0x0000000000000000        0xc MCAL/MUSART/MUSART_prog.o
 .group         0x0000000000000000        0xc MCAL/MUSART/MUSART_prog.o
 .group         0x0000000000000000        0xc MCAL/MUSART/MUSART_prog.o
 .group         0x0000000000000000        0xc MCAL/MUSART/MUSART_prog.o
 .group         0x0000000000000000        0xc MCAL/MUSART/MUSART_prog.o
 .group         0x0000000000000000        0xc MCAL/MUSART/MUSART_prog.o
 .text          0x0000000000000000        0x0 MCAL/MUSART/MUSART_prog.o
 .data          0x0000000000000000        0x0 MCAL/MUSART/MUSART_prog.o
 .bss           0x0000000000000000        0x0 MCAL/MUSART/MUSART_prog.o
 .bss.MUSART_CALLBACK
                0x0000000000000000        0xc MCAL/MUSART/MUSART_prog.o
 .text.MUSART_enInit
                0x0000000000000000      0x238 MCAL/MUSART/MUSART_prog.o
 .text.MUSART_enBusySendByte
                0x0000000000000000       0x80 MCAL/MUSART/MUSART_prog.o
 .text.MUSART_enBusySendString
                0x0000000000000000       0x5c MCAL/MUSART/MUSART_prog.o
 .text.MUSART_enBusyReceiveByte
                0x0000000000000000       0x60 MCAL/MUSART/MUSART_prog.o
 .text.MUSART_enEnableInt
                0x0000000000000000       0x84 MCAL/MUSART/MUSART_prog.o
 .text.MUSART_enDisableInt
                0x0000000000000000       0x88 MCAL/MUSART/MUSART_prog.o
 .text.MUSART_enSendMessage
                0x0000000000000000       0x74 MCAL/MUSART/MUSART_prog.o
 .text.MUSART_enReceieveMessage
                0x0000000000000000       0x70 MCAL/MUSART/MUSART_prog.o
 .text.MUSART_enIntCallBack
                0x0000000000000000       0x38 MCAL/MUSART/MUSART_prog.o
 .debug_macro   0x0000000000000000      0xaa2 MCAL/MUSART/MUSART_prog.o
 .debug_macro   0x0000000000000000       0x10 MCAL/MUSART/MUSART_prog.o
 .debug_macro   0x0000000000000000       0xd5 MCAL/MUSART/MUSART_prog.o
 .debug_macro   0x0000000000000000       0x22 MCAL/MUSART/MUSART_prog.o
 .debug_macro   0x0000000000000000       0x4c MCAL/MUSART/MUSART_prog.o
 .group         0x0000000000000000        0xc Src/main.o
 .text          0x0000000000000000        0x0 Src/main.o
 .data          0x0000000000000000        0x0 Src/main.o
 .bss           0x0000000000000000        0x0 Src/main.o
 .debug_macro   0x0000000000000000      0xaa2 Src/main.o
 .text          0x0000000000000000       0x14 Startup/startup_stm32f103c8tx.o
 .data          0x0000000000000000        0x0 Startup/startup_stm32f103c8tx.o
 .bss           0x0000000000000000        0x0 Startup/startup_stm32f103c8tx.o
 .text          0x0000000000000000        0x0 c:/st/stm32cubeide_1.6.1/stm32cubeide/plugins/com.st.stm32cube.ide.mcu.externaltools.gnu-tools-for-stm32.9-2020-q2-update.win32_1.5.0.202011040924/tools/bin/../lib/gcc/arm-none-eabi/9.3.1/../../../../arm-none-eabi/lib/thumb/v7-m/nofp\libc_nano.a(lib_a-exit.o)
 .data          0x0000000000000000        0x0 c:/st/stm32cubeide_1.6.1/stm32cubeide/plugins/com.st.stm32cube.ide.mcu.externaltools.gnu-tools-for-stm32.9-2020-q2-update.win32_1.5.0.202011040924/tools/bin/../lib/gcc/arm-none-eabi/9.3.1/../../../../arm-none-eabi/lib/thumb/v7-m/nofp\libc_nano.a(lib_a-exit.o)
 .bss           0x0000000000000000        0x0 c:/st/stm32cubeide_1.6.1/stm32cubeide/plugins/com.st.stm32cube.ide.mcu.externaltools.gnu-tools-for-stm32.9-2020-q2-update.win32_1.5.0.202011040924/tools/bin/../lib/gcc/arm-none-eabi/9.3.1/../../../../arm-none-eabi/lib/thumb/v7-m/nofp\libc_nano.a(lib_a-exit.o)
 .text.exit     0x0000000000000000       0x28 c:/st/stm32cubeide_1.6.1/stm32cubeide/plugins/com.st.stm32cube.ide.mcu.externaltools.gnu-tools-for-stm32.9-2020-q2-update.win32_1.5.0.202011040924/tools/bin/../lib/gcc/arm-none-eabi/9.3.1/../../../../arm-none-eabi/lib/thumb/v7-m/nofp\libc_nano.a(lib_a-exit.o)
 .debug_frame   0x0000000000000000       0x28 c:/st/stm32cubeide_1.6.1/stm32cubeide/plugins/com.st.stm32cube.ide.mcu.externaltools.gnu-tools-for-stm32.9-2020-q2-update.win32_1.5.0.202011040924/tools/bin/../lib/gcc/arm-none-eabi/9.3.1/../../../../arm-none-eabi/lib/thumb/v7-m/nofp\libc_nano.a(lib_a-exit.o)
 .ARM.attributes
                0x0000000000000000       0x2d c:/st/stm32cubeide_1.6.1/stm32cubeide/plugins/com.st.stm32cube.ide.mcu.externaltools.gnu-tools-for-stm32.9-2020-q2-update.win32_1.5.0.202011040924/tools/bin/../lib/gcc/arm-none-eabi/9.3.1/../../../../arm-none-eabi/lib/thumb/v7-m/nofp\libc_nano.a(lib_a-exit.o)
 .text          0x0000000000000000        0x0 c:/st/stm32cubeide_1.6.1/stm32cubeide/plugins/com.st.stm32cube.ide.mcu.externaltools.gnu-tools-for-stm32.9-2020-q2-update.win32_1.5.0.202011040924/tools/bin/../lib/gcc/arm-none-eabi/9.3.1/../../../../arm-none-eabi/lib/thumb/v7-m/nofp\libc_nano.a(lib_a-impure.o)
 .data          0x0000000000000000        0x0 c:/st/stm32cubeide_1.6.1/stm32cubeide/plugins/com.st.stm32cube.ide.mcu.externaltools.gnu-tools-for-stm32.9-2020-q2-update.win32_1.5.0.202011040924/tools/bin/../lib/gcc/arm-none-eabi/9.3.1/../../../../arm-none-eabi/lib/thumb/v7-m/nofp\libc_nano.a(lib_a-impure.o)
 .bss           0x0000000000000000        0x0 c:/st/stm32cubeide_1.6.1/stm32cubeide/plugins/com.st.stm32cube.ide.mcu.externaltools.gnu-tools-for-stm32.9-2020-q2-update.win32_1.5.0.202011040924/tools/bin/../lib/gcc/arm-none-eabi/9.3.1/../../../../arm-none-eabi/lib/thumb/v7-m/nofp\libc_nano.a(lib_a-impure.o)
 .data._impure_ptr
                0x0000000000000000        0x4 c:/st/stm32cubeide_1.6.1/stm32cubeide/plugins/com.st.stm32cube.ide.mcu.externaltools.gnu-tools-for-stm32.9-2020-q2-update.win32_1.5.0.202011040924/tools/bin/../lib/gcc/arm-none-eabi/9.3.1/../../../../arm-none-eabi/lib/thumb/v7-m/nofp\libc_nano.a(lib_a-impure.o)
 .data.impure_data
                0x0000000000000000       0x60 c:/st/stm32cubeide_1.6.1/stm32cubeide/plugins/com.st.stm32cube.ide.mcu.externaltools.gnu-tools-for-stm32.9-2020-q2-update.win32_1.5.0.202011040924/tools/bin/../lib/gcc/arm-none-eabi/9.3.1/../../../../arm-none-eabi/lib/thumb/v7-m/nofp\libc_nano.a(lib_a-impure.o)
 .rodata._global_impure_ptr
                0x0000000000000000        0x4 c:/st/stm32cubeide_1.6.1/stm32cubeide/plugins/com.st.stm32cube.ide.mcu.externaltools.gnu-tools-for-stm32.9-2020-q2-update.win32_1.5.0.202011040924/tools/bin/../lib/gcc/arm-none-eabi/9.3.1/../../../../arm-none-eabi/lib/thumb/v7-m/nofp\libc_nano.a(lib_a-impure.o)
 .ARM.attributes
                0x0000000000000000       0x2d c:/st/stm32cubeide_1.6.1/stm32cubeide/plugins/com.st.stm32cube.ide.mcu.externaltools.gnu-tools-for-stm32.9-2020-q2-update.win32_1.5.0.202011040924/tools/bin/../lib/gcc/arm-none-eabi/9.3.1/../../../../arm-none-eabi/lib/thumb/v7-m/nofp\libc_nano.a(lib_a-impure.o)
 .text          0x0000000000000000        0x0 c:/st/stm32cubeide_1.6.1/stm32cubeide/plugins/com.st.stm32cube.ide.mcu.externaltools.gnu-tools-for-stm32.9-2020-q2-update.win32_1.5.0.202011040924/tools/bin/../lib/gcc/arm-none-eabi/9.3.1/../../../../arm-none-eabi/lib/thumb/v7-m/nofp\libc_nano.a(lib_a-init.o)
 .data          0x0000000000000000        0x0 c:/st/stm32cubeide_1.6.1/stm32cubeide/plugins/com.st.stm32cube.ide.mcu.externaltools.gnu-tools-for-stm32.9-2020-q2-update.win32_1.5.0.202011040924/tools/bin/../lib/gcc/arm-none-eabi/9.3.1/../../../../arm-none-eabi/lib/thumb/v7-m/nofp\libc_nano.a(lib_a-init.o)
 .bss           0x0000000000000000        0x0 c:/st/stm32cubeide_1.6.1/stm32cubeide/plugins/com.st.stm32cube.ide.mcu.externaltools.gnu-tools-for-stm32.9-2020-q2-update.win32_1.5.0.202011040924/tools/bin/../lib/gcc/arm-none-eabi/9.3.1/../../../../arm-none-eabi/lib/thumb/v7-m/nofp\libc_nano.a(lib_a-init.o)
 .text          0x0000000000000000        0x0 c:/st/stm32cubeide_1.6.1/stm32cubeide/plugins/com.st.stm32cube.ide.mcu.externaltools.gnu-tools-for-stm32.9-2020-q2-update.win32_1.5.0.202011040924/tools/bin/../lib/gcc/arm-none-eabi/9.3.1/../../../../arm-none-eabi/lib/thumb/v7-m/nofp\libc_nano.a(lib_a-memset.o)
 .data          0x0000000000000000        0x0 c:/st/stm32cubeide_1.6.1/stm32cubeide/plugins/com.st.stm32cube.ide.mcu.externaltools.gnu-tools-for-stm32.9-2020-q2-update.win32_1.5.0.202011040924/tools/bin/../lib/gcc/arm-none-eabi/9.3.1/../../../../arm-none-eabi/lib/thumb/v7-m/nofp\libc_nano.a(lib_a-memset.o)
 .bss           0x0000000000000000        0x0 c:/st/stm32cubeide_1.6.1/stm32cubeide/plugins/com.st.stm32cube.ide.mcu.externaltools.gnu-tools-for-stm32.9-2020-q2-update.win32_1.5.0.202011040924/tools/bin/../lib/gcc/arm-none-eabi/9.3.1/../../../../arm-none-eabi/lib/thumb/v7-m/nofp\libc_nano.a(lib_a-memset.o)
 .text.memset   0x0000000000000000       0x10 c:/st/stm32cubeide_1.6.1/stm32cubeide/plugins/com.st.stm32cube.ide.mcu.externaltools.gnu-tools-for-stm32.9-2020-q2-update.win32_1.5.0.202011040924/tools/bin/../lib/gcc/arm-none-eabi/9.3.1/../../../../arm-none-eabi/lib/thumb/v7-m/nofp\libc_nano.a(lib_a-memset.o)
 .debug_frame   0x0000000000000000       0x20 c:/st/stm32cubeide_1.6.1/stm32cubeide/plugins/com.st.stm32cube.ide.mcu.externaltools.gnu-tools-for-stm32.9-2020-q2-update.win32_1.5.0.202011040924/tools/bin/../lib/gcc/arm-none-eabi/9.3.1/../../../../arm-none-eabi/lib/thumb/v7-m/nofp\libc_nano.a(lib_a-memset.o)
 .ARM.attributes
                0x0000000000000000       0x2d c:/st/stm32cubeide_1.6.1/stm32cubeide/plugins/com.st.stm32cube.ide.mcu.externaltools.gnu-tools-for-stm32.9-2020-q2-update.win32_1.5.0.202011040924/tools/bin/../lib/gcc/arm-none-eabi/9.3.1/../../../../arm-none-eabi/lib/thumb/v7-m/nofp\libc_nano.a(lib_a-memset.o)
 .text          0x0000000000000000        0x0 c:/st/stm32cubeide_1.6.1/stm32cubeide/plugins/com.st.stm32cube.ide.mcu.externaltools.gnu-tools-for-stm32.9-2020-q2-update.win32_1.5.0.202011040924/tools/bin/../lib/gcc/arm-none-eabi/9.3.1/../../../../arm-none-eabi/lib/thumb/v7-m/nofp\libnosys.a(_exit.o)
 .data          0x0000000000000000        0x0 c:/st/stm32cubeide_1.6.1/stm32cubeide/plugins/com.st.stm32cube.ide.mcu.externaltools.gnu-tools-for-stm32.9-2020-q2-update.win32_1.5.0.202011040924/tools/bin/../lib/gcc/arm-none-eabi/9.3.1/../../../../arm-none-eabi/lib/thumb/v7-m/nofp\libnosys.a(_exit.o)
 .bss           0x0000000000000000        0x0 c:/st/stm32cubeide_1.6.1/stm32cubeide/plugins/com.st.stm32cube.ide.mcu.externaltools.gnu-tools-for-stm32.9-2020-q2-update.win32_1.5.0.202011040924/tools/bin/../lib/gcc/arm-none-eabi/9.3.1/../../../../arm-none-eabi/lib/thumb/v7-m/nofp\libnosys.a(_exit.o)
 .text._exit    0x0000000000000000        0x2 c:/st/stm32cubeide_1.6.1/stm32cubeide/plugins/com.st.stm32cube.ide.mcu.externaltools.gnu-tools-for-stm32.9-2020-q2-update.win32_1.5.0.202011040924/tools/bin/../lib/gcc/arm-none-eabi/9.3.1/../../../../arm-none-eabi/lib/thumb/v7-m/nofp\libnosys.a(_exit.o)
 .debug_frame   0x0000000000000000       0x20 c:/st/stm32cubeide_1.6.1/stm32cubeide/plugins/com.st.stm32cube.ide.mcu.externaltools.gnu-tools-for-stm32.9-2020-q2-update.win32_1.5.0.202011040924/tools/bin/../lib/gcc/arm-none-eabi/9.3.1/../../../../arm-none-eabi/lib/thumb/v7-m/nofp\libnosys.a(_exit.o)
 .ARM.attributes
                0x0000000000000000       0x2d c:/st/stm32cubeide_1.6.1/stm32cubeide/plugins/com.st.stm32cube.ide.mcu.externaltools.gnu-tools-for-stm32.9-2020-q2-update.win32_1.5.0.202011040924/tools/bin/../lib/gcc/arm-none-eabi/9.3.1/../../../../arm-none-eabi/lib/thumb/v7-m/nofp\libnosys.a(_exit.o)
 .text          0x0000000000000000        0x0 c:/st/stm32cubeide_1.6.1/stm32cubeide/plugins/com.st.stm32cube.ide.mcu.externaltools.gnu-tools-for-stm32.9-2020-q2-update.win32_1.5.0.202011040924/tools/bin/../lib/gcc/arm-none-eabi/9.3.1/thumb/v7-m/nofp/crtend.o
 .data          0x0000000000000000        0x0 c:/st/stm32cubeide_1.6.1/stm32cubeide/plugins/com.st.stm32cube.ide.mcu.externaltools.gnu-tools-for-stm32.9-2020-q2-update.win32_1.5.0.202011040924/tools/bin/../lib/gcc/arm-none-eabi/9.3.1/thumb/v7-m/nofp/crtend.o
 .bss           0x0000000000000000        0x0 c:/st/stm32cubeide_1.6.1/stm32cubeide/plugins/com.st.stm32cube.ide.mcu.externaltools.gnu-tools-for-stm32.9-2020-q2-update.win32_1.5.0.202011040924/tools/bin/../lib/gcc/arm-none-eabi/9.3.1/thumb/v7-m/nofp/crtend.o
 .eh_frame      0x0000000000000000        0x4 c:/st/stm32cubeide_1.6.1/stm32cubeide/plugins/com.st.stm32cube.ide.mcu.externaltools.gnu-tools-for-stm32.9-2020-q2-update.win32_1.5.0.202011040924/tools/bin/../lib/gcc/arm-none-eabi/9.3.1/thumb/v7-m/nofp/crtend.o
 .ARM.attributes
                0x0000000000000000       0x2d c:/st/stm32cubeide_1.6.1/stm32cubeide/plugins/com.st.stm32cube.ide.mcu.externaltools.gnu-tools-for-stm32.9-2020-q2-update.win32_1.5.0.202011040924/tools/bin/../lib/gcc/arm-none-eabi/9.3.1/thumb/v7-m/nofp/crtend.o
 .text          0x0000000000000000        0x0 c:/st/stm32cubeide_1.6.1/stm32cubeide/plugins/com.st.stm32cube.ide.mcu.externaltools.gnu-tools-for-stm32.9-2020-q2-update.win32_1.5.0.202011040924/tools/bin/../lib/gcc/arm-none-eabi/9.3.1/thumb/v7-m/nofp/crtn.o
 .data          0x0000000000000000        0x0 c:/st/stm32cubeide_1.6.1/stm32cubeide/plugins/com.st.stm32cube.ide.mcu.externaltools.gnu-tools-for-stm32.9-2020-q2-update.win32_1.5.0.202011040924/tools/bin/../lib/gcc/arm-none-eabi/9.3.1/thumb/v7-m/nofp/crtn.o
 .bss           0x0000000000000000        0x0 c:/st/stm32cubeide_1.6.1/stm32cubeide/plugins/com.st.stm32cube.ide.mcu.externaltools.gnu-tools-for-stm32.9-2020-q2-update.win32_1.5.0.202011040924/tools/bin/../lib/gcc/arm-none-eabi/9.3.1/thumb/v7-m/nofp/crtn.o

Memory Configuration

Name             Origin             Length             Attributes
RAM              0x0000000020000000 0x0000000000005000 xrw
FLASH            0x0000000008000000 0x0000000000010000 xr
*default*        0x0000000000000000 0xffffffffffffffff

Linker script and memory map

LOAD c:/st/stm32cubeide_1.6.1/stm32cubeide/plugins/com.st.stm32cube.ide.mcu.externaltools.gnu-tools-for-stm32.9-2020-q2-update.win32_1.5.0.202011040924/tools/bin/../lib/gcc/arm-none-eabi/9.3.1/thumb/v7-m/nofp/crti.o
LOAD c:/st/stm32cubeide_1.6.1/stm32cubeide/plugins/com.st.stm32cube.ide.mcu.externaltools.gnu-tools-for-stm32.9-2020-q2-update.win32_1.5.0.202011040924/tools/bin/../lib/gcc/arm-none-eabi/9.3.1/thumb/v7-m/nofp/crtbegin.o
LOAD c:/st/stm32cubeide_1.6.1/stm32cubeide/plugins/com.st.stm32cube.ide.mcu.externaltools.gnu-tools-for-stm32.9-2020-q2-update.win32_1.5.0.202011040924/tools/bin/../lib/gcc/arm-none-eabi/9.3.1/../../../../arm-none-eabi/lib/thumb/v7-m/nofp/crt0.o
LOAD APP/APP_prog.o
LOAD HAL/HBUZZ/HBUZZ_prog.o
LOAD HAL/HKEYPAD/HKEYPAD_prog.o
LOAD HAL/HLCD/HLCD_prog.o
LOAD HAL/HLED/HLED_prog.o
LOAD HAL/HLEDMRX/HLEDMRX_prog.o
LOAD HAL/HPB/HPB_prog.o
LOAD HAL/HSSD/V1/HSSD_prog.o
LOAD HAL/HSSD/V2/HSSD_prog.o
LOAD MCAL/MADC/MADC_prog.o
LOAD MCAL/MAFIO/MAFIO_prog.o
LOAD MCAL/MDMA/MDMA_prog.o
LOAD MCAL/MEXTI/MEXTI_prog.o
LOAD MCAL/MGPIO/MGPIO_prog.o
LOAD MCAL/MI2C/MI2C_prog.o
LOAD MCAL/MNVIC/MNVIC_prog.o
LOAD MCAL/MRCC/MRCC_prog.o
LOAD MCAL/MSPI/MSPI_prog.o
LOAD MCAL/MSYSTICK/MSYSTICK_prog.o
LOAD MCAL/MTIM1/MTIM1_prog.o
LOAD MCAL/MUSART/MUSART_prog.o
LOAD Src/main.o
LOAD Startup/startup_stm32f103c8tx.o
START GROUP
LOAD c:/st/stm32cubeide_1.6.1/stm32cubeide/plugins/com.st.stm32cube.ide.mcu.externaltools.gnu-tools-for-stm32.9-2020-q2-update.win32_1.5.0.202011040924/tools/bin/../lib/gcc/arm-none-eabi/9.3.1/../../../../arm-none-eabi/lib/thumb/v7-m/nofp\libc_nano.a
LOAD c:/st/stm32cubeide_1.6.1/stm32cubeide/plugins/com.st.stm32cube.ide.mcu.externaltools.gnu-tools-for-stm32.9-2020-q2-update.win32_1.5.0.202011040924/tools/bin/../lib/gcc/arm-none-eabi/9.3.1/../../../../arm-none-eabi/lib/thumb/v7-m/nofp\libm.a
END GROUP
START GROUP
LOAD c:/st/stm32cubeide_1.6.1/stm32cubeide/plugins/com.st.stm32cube.ide.mcu.externaltools.gnu-tools-for-stm32.9-2020-q2-update.win32_1.5.0.202011040924/tools/bin/../lib/gcc/arm-none-eabi/9.3.1/thumb/v7-m/nofp\libgcc.a
LOAD c:/st/stm32cubeide_1.6.1/stm32cubeide/plugins/com.st.stm32cube.ide.mcu.externaltools.gnu-tools-for-stm32.9-2020-q2-update.win32_1.5.0.202011040924/tools/bin/../lib/gcc/arm-none-eabi/9.3.1/../../../../arm-none-eabi/lib/thumb/v7-m/nofp\libc_nano.a
END GROUP
START GROUP
LOAD c:/st/stm32cubeide_1.6.1/stm32cubeide/plugins/com.st.stm32cube.ide.mcu.externaltools.gnu-tools-for-stm32.9-2020-q2-update.win32_1.5.0.202011040924/tools/bin/../lib/gcc/arm-none-eabi/9.3.1/thumb/v7-m/nofp\libgcc.a
LOAD c:/st/stm32cubeide_1.6.1/stm32cubeide/plugins/com.st.stm32cube.ide.mcu.externaltools.gnu-tools-for-stm32.9-2020-q2-update.win32_1.5.0.202011040924/tools/bin/../lib/gcc/arm-none-eabi/9.3.1/../../../../arm-none-eabi/lib/thumb/v7-m/nofp\libc_nano.a
LOAD c:/st/stm32cubeide_1.6.1/stm32cubeide/plugins/com.st.stm32cube.ide.mcu.externaltools.gnu-tools-for-stm32.9-2020-q2-update.win32_1.5.0.202011040924/tools/bin/../lib/gcc/arm-none-eabi/9.3.1/../../../../arm-none-eabi/lib/thumb/v7-m/nofp\libnosys.a
END GROUP
START GROUP
LOAD c:/st/stm32cubeide_1.6.1/stm32cubeide/plugins/com.st.stm32cube.ide.mcu.externaltools.gnu-tools-for-stm32.9-2020-q2-update.win32_1.5.0.202011040924/tools/bin/../lib/gcc/arm-none-eabi/9.3.1/thumb/v7-m/nofp\libgcc.a
LOAD c:/st/stm32cubeide_1.6.1/stm32cubeide/plugins/com.st.stm32cube.ide.mcu.externaltools.gnu-tools-for-stm32.9-2020-q2-update.win32_1.5.0.202011040924/tools/bin/../lib/gcc/arm-none-eabi/9.3.1/../../../../arm-none-eabi/lib/thumb/v7-m/nofp\libc_nano.a
LOAD c:/st/stm32cubeide_1.6.1/stm32cubeide/plugins/com.st.stm32cube.ide.mcu.externaltools.gnu-tools-for-stm32.9-2020-q2-update.win32_1.5.0.202011040924/tools/bin/../lib/gcc/arm-none-eabi/9.3.1/../../../../arm-none-eabi/lib/thumb/v7-m/nofp\libnosys.a
END GROUP
LOAD c:/st/stm32cubeide_1.6.1/stm32cubeide/plugins/com.st.stm32cube.ide.mcu.externaltools.gnu-tools-for-stm32.9-2020-q2-update.win32_1.5.0.202011040924/tools/bin/../lib/gcc/arm-none-eabi/9.3.1/thumb/v7-m/nofp/crtend.o
LOAD c:/st/stm32cubeide_1.6.1/stm32cubeide/plugins/com.st.stm32cube.ide.mcu.externaltools.gnu-tools-for-stm32.9-2020-q2-update.win32_1.5.0.202011040924/tools/bin/../lib/gcc/arm-none-eabi/9.3.1/thumb/v7-m/nofp/crtn.o
                0x0000000020005000                _estack = (ORIGIN (RAM) + LENGTH (RAM))
                0x0000000000000200                _Min_Heap_Size = 0x200
                0x0000000000000400                _Min_Stack_Size = 0x400

.isr_vector     0x0000000008000000      0x130
                0x0000000008000000                . = ALIGN (0x4)
 *(.isr_vector)
 .isr_vector    0x0000000008000000      0x130 Startup/startup_stm32f103c8tx.o
                0x0000000008000000                g_pfnVectors
                0x0000000008000130                . = ALIGN (0x4)

.text           0x0000000008000130      0xb80
                0x0000000008000130                . = ALIGN (0x4)
 *(.text)
 .text          0x0000000008000130       0x40 c:/st/stm32cubeide_1.6.1/stm32cubeide/plugins/com.st.stm32cube.ide.mcu.externaltools.gnu-tools-for-stm32.9-2020-q2-update.win32_1.5.0.202011040924/tools/bin/../lib/gcc/arm-none-eabi/9.3.1/thumb/v7-m/nofp/crtbegin.o
 *(.text*)
 .text.App_voidstartApp
                0x0000000008000170       0x58 APP/APP_prog.o
                0x0000000008000170                App_voidstartApp
 .text.ADC1_2_IRQHandler
                0x00000000080001c8       0x2c MCAL/MADC/MADC_prog.o
                0x00000000080001c8                ADC1_2_IRQHandler
 .text.DMA1_Channel1_IRQHandler
                0x00000000080001f4       0x1c MCAL/MDMA/MDMA_prog.o
                0x00000000080001f4                DMA1_Channel1_IRQHandler
 .text.DMA1_Channel2_IRQHandler
                0x0000000008000210       0x1c MCAL/MDMA/MDMA_prog.o
                0x0000000008000210                DMA1_Channel2_IRQHandler
 .text.DMA1_Channel3_IRQHandler
                0x000000000800022c       0x1c MCAL/MDMA/MDMA_prog.o
                0x000000000800022c                DMA1_Channel3_IRQHandler
 .text.DMA1_Channel4_IRQHandler
                0x0000000008000248       0x1c MCAL/MDMA/MDMA_prog.o
                0x0000000008000248                DMA1_Channel4_IRQHandler
 .text.DMA1_Channel5_IRQHandler
                0x0000000008000264       0x1c MCAL/MDMA/MDMA_prog.o
                0x0000000008000264                DMA1_Channel5_IRQHandler
 .text.DMA1_Channel6_IRQHandler
                0x0000000008000280       0x1c MCAL/MDMA/MDMA_prog.o
                0x0000000008000280                DMA1_Channel6_IRQHandler
 .text.DMA1_Channel7_IRQHandler
                0x000000000800029c       0x1c MCAL/MDMA/MDMA_prog.o
                0x000000000800029c                DMA1_Channel7_IRQHandler
 .text.EXTI0_IRQHandler
                0x00000000080002b8       0x1c MCAL/MEXTI/MEXTI_prog.o
                0x00000000080002b8                EXTI0_IRQHandler
 .text.EXTI1_IRQHandler
                0x00000000080002d4       0x1c MCAL/MEXTI/MEXTI_prog.o
                0x00000000080002d4                EXTI1_IRQHandler
 .text.EXTI2_IRQHandler
                0x00000000080002f0       0x1c MCAL/MEXTI/MEXTI_prog.o
                0x00000000080002f0                EXTI2_IRQHandler
 .text.EXTI3_IRQHandler
                0x000000000800030c       0x1c MCAL/MEXTI/MEXTI_prog.o
                0x000000000800030c                EXTI3_IRQHandler
 .text.EXTI4_IRQHandler
                0x0000000008000328       0x1c MCAL/MEXTI/MEXTI_prog.o
                0x0000000008000328                EXTI4_IRQHandler
 .text.EXTI9_5_IRQHandler
                0x0000000008000344       0x5c MCAL/MEXTI/MEXTI_prog.o
                0x0000000008000344                EXTI9_5_IRQHandler
 .text.EXTI15_10_IRQHandler
                0x00000000080003a0       0x6c MCAL/MEXTI/MEXTI_prog.o
                0x00000000080003a0                EXTI15_10_IRQHandler
 .text.MGPIO_enSetPinDirection
                0x000000000800040c      0x1b4 MCAL/MGPIO/MGPIO_prog.o
                0x000000000800040c                MGPIO_enSetPinDirection
 .text.MNVIC_enEnableNVIC
                0x00000000080005c0       0x1c MCAL/MNVIC/MNVIC_prog.o
                0x00000000080005c0                MNVIC_enEnableNVIC
 .text.MNVIC_enEnableInt
                0x00000000080005dc       0x4c MCAL/MNVIC/MNVIC_prog.o
                0x00000000080005dc                MNVIC_enEnableInt
 .text.MNVIC_enSetPendingFlag
                0x0000000008000628       0x50 MCAL/MNVIC/MNVIC_prog.o
                0x0000000008000628                MNVIC_enSetPendingFlag
 .text.MNVIC_enSetPriority
                0x0000000008000678       0xac MCAL/MNVIC/MNVIC_prog.o
                0x0000000008000678                MNVIC_enSetPriority
 .text.MRCC_enSysClkINIT
                0x0000000008000724       0x78 MCAL/MRCC/MRCC_prog.o
                0x0000000008000724                MRCC_enSysClkINIT
 .text.MRCC_enEnablePeripheralCLK
                0x000000000800079c       0x84 MCAL/MRCC/MRCC_prog.o
                0x000000000800079c                MRCC_enEnablePeripheralCLK
 .text.SPI1_IRQHandler
                0x0000000008000820       0xac MCAL/MSPI/MSPI_prog.o
                0x0000000008000820                SPI1_IRQHandler
 .text.SPI2_IRQHandler
                0x00000000080008cc       0xac MCAL/MSPI/MSPI_prog.o
                0x00000000080008cc                SPI2_IRQHandler
 .text.SysTick_Handler
                0x0000000008000978       0x64 MCAL/MSYSTICK/MSYSTICK_prog.o
                0x0000000008000978                SysTick_Handler
 .text.USART1_IRQHandler
                0x00000000080009dc       0xb0 MCAL/MUSART/MUSART_prog.o
                0x00000000080009dc                USART1_IRQHandler
 .text.USART2_IRQHandler
                0x0000000008000a8c       0xb0 MCAL/MUSART/MUSART_prog.o
                0x0000000008000a8c                USART2_IRQHandler
 .text.USART3_IRQHandler
                0x0000000008000b3c       0xb0 MCAL/MUSART/MUSART_prog.o
                0x0000000008000b3c                USART3_IRQHandler
 .text.main     0x0000000008000bec        0xe Src/main.o
                0x0000000008000bec                main
 *fill*         0x0000000008000bfa        0x2 
 .text.Reset_Handler
                0x0000000008000bfc       0x50 Startup/startup_stm32f103c8tx.o
                0x0000000008000bfc                Reset_Handler
 .text.Default_Handler
                0x0000000008000c4c        0x2 Startup/startup_stm32f103c8tx.o
                0x0000000008000c4c                TIM8_TRG_COM_IRQHandler
                0x0000000008000c4c                TIM8_CC_IRQHandler
                0x0000000008000c4c                DebugMon_Handler
                0x0000000008000c4c                TIM1_CC_IRQHandler
                0x0000000008000c4c                HardFault_Handler
                0x0000000008000c4c                TIM6_IRQHandler
                0x0000000008000c4c                PVD_IRQHandler
                0x0000000008000c4c                SDIO_IRQHandler
                0x0000000008000c4c                PendSV_Handler
                0x0000000008000c4c                NMI_Handler
                0x0000000008000c4c                USB_HP_CAN_TX_IRQHandler
                0x0000000008000c4c                I2C2_EV_IRQHandler
                0x0000000008000c4c                UsageFault_Handler
                0x0000000008000c4c                CAN_SCE_IRQHandler
                0x0000000008000c4c                TAMPER_IRQHandler
                0x0000000008000c4c                TIM8_UP_IRQHandler
                0x0000000008000c4c                DMA2_Channel2_IRQHandler
                0x0000000008000c4c                RTC_IRQHandler
                0x0000000008000c4c                UART5_IRQHandler
                0x0000000008000c4c                ADC3_IRQHandler
                0x0000000008000c4c                TIM4_IRQHandler
                0x0000000008000c4c                CAN_RX1_IRQHandler
                0x0000000008000c4c                DMA2_Channel1_IRQHandler
                0x0000000008000c4c                I2C1_EV_IRQHandler
                0x0000000008000c4c                UART4_IRQHandler
                0x0000000008000c4c                TIM3_IRQHandler
                0x0000000008000c4c                RCC_IRQHandler
                0x0000000008000c4c                TIM1_TRG_COM_IRQHandler
                0x0000000008000c4c                Default_Handler
                0x0000000008000c4c                TIM7_IRQHandler
                0x0000000008000c4c                TIM5_IRQHandler
                0x0000000008000c4c                USB_LP_CAN_RX0_IRQHandler
                0x0000000008000c4c                MemManage_Handler
                0x0000000008000c4c                SVC_Handler
                0x0000000008000c4c                FSMC_IRQHandler
                0x0000000008000c4c                TIM1_UP_IRQHandler
                0x0000000008000c4c                WWDG_IRQHandler
                0x0000000008000c4c                TIM2_IRQHandler
                0x0000000008000c4c                TIM1_BRK_IRQHandler
                0x0000000008000c4c                RTCAlarm_IRQHandler
                0x0000000008000c4c                DMA2_Channel4_5_IRQHandler
                0x0000000008000c4c                I2C2_ER_IRQHandler
                0x0000000008000c4c                TIM8_BRK_IRQHandler
                0x0000000008000c4c                FLASH_IRQHandler
                0x0000000008000c4c                BusFault_Handler
                0x0000000008000c4c                SPI3_IRQHandler
                0x0000000008000c4c                I2C1_ER_IRQHandler
                0x0000000008000c4c                DMA2_Channel3_IRQHandler
 *fill*         0x0000000008000c4e        0x2 
 .text.__libc_init_array
                0x0000000008000c50       0x48 c:/st/stm32cubeide_1.6.1/stm32cubeide/plugins/com.st.stm32cube.ide.mcu.externaltools.gnu-tools-for-stm32.9-2020-q2-update.win32_1.5.0.202011040924/tools/bin/../lib/gcc/arm-none-eabi/9.3.1/../../../../arm-none-eabi/lib/thumb/v7-m/nofp\libc_nano.a(lib_a-init.o)
                0x0000000008000c50                __libc_init_array
 *(.glue_7)
 .glue_7        0x0000000008000c98        0x0 linker stubs
 *(.glue_7t)
 .glue_7t       0x0000000008000c98        0x0 linker stubs
 *(.eh_frame)
 .eh_frame      0x0000000008000c98        0x0 c:/st/stm32cubeide_1.6.1/stm32cubeide/plugins/com.st.stm32cube.ide.mcu.externaltools.gnu-tools-for-stm32.9-2020-q2-update.win32_1.5.0.202011040924/tools/bin/../lib/gcc/arm-none-eabi/9.3.1/thumb/v7-m/nofp/crtbegin.o
 *(.init)
 .init          0x0000000008000c98        0x4 c:/st/stm32cubeide_1.6.1/stm32cubeide/plugins/com.st.stm32cube.ide.mcu.externaltools.gnu-tools-for-stm32.9-2020-q2-update.win32_1.5.0.202011040924/tools/bin/../lib/gcc/arm-none-eabi/9.3.1/thumb/v7-m/nofp/crti.o
                0x0000000008000c98                _init
 .init          0x0000000008000c9c        0x8 c:/st/stm32cubeide_1.6.1/stm32cubeide/plugins/com.st.stm32cube.ide.mcu.externaltools.gnu-tools-for-stm32.9-2020-q2-update.win32_1.5.0.202011040924/tools/bin/../lib/gcc/arm-none-eabi/9.3.1/thumb/v7-m/nofp/crtn.o
 *(.fini)
 .fini          0x0000000008000ca4        0x4 c:/st/stm32cubeide_1.6.1/stm32cubeide/plugins/com.st.stm32cube.ide.mcu.externaltools.gnu-tools-for-stm32.9-2020-q2-update.win32_1.5.0.202011040924/tools/bin/../lib/gcc/arm-none-eabi/9.3.1/thumb/v7-m/nofp/crti.o
                0x0000000008000ca4                _fini
 .fini          0x0000000008000ca8        0x8 c:/st/stm32cubeide_1.6.1/stm32cubeide/plugins/com.st.stm32cube.ide.mcu.externaltools.gnu-tools-for-stm32.9-2020-q2-update.win32_1.5.0.202011040924/tools/bin/../lib/gcc/arm-none-eabi/9.3.1/thumb/v7-m/nofp/crtn.o
                0x0000000008000cb0                . = ALIGN (0x4)
                0x0000000008000cb0                _etext = .

.vfp11_veneer   0x0000000008000cb0        0x0
 .vfp11_veneer  0x0000000008000cb0        0x0 linker stubs

.v4_bx          0x0000000008000cb0        0x0
 .v4_bx         0x0000000008000cb0        0x0 linker stubs

.iplt           0x0000000008000cb0        0x0
 .iplt          0x0000000008000cb0        0x0 c:/st/stm32cubeide_1.6.1/stm32cubeide/plugins/com.st.stm32cube.ide.mcu.externaltools.gnu-tools-for-stm32.9-2020-q2-update.win32_1.5.0.202011040924/tools/bin/../lib/gcc/arm-none-eabi/9.3.1/thumb/v7-m/nofp/crtbegin.o

.rel.dyn        0x0000000008000cb0        0x0
 .rel.iplt      0x0000000008000cb0        0x0 c:/st/stm32cubeide_1.6.1/stm32cubeide/plugins/com.st.stm32cube.ide.mcu.externaltools.gnu-tools-for-stm32.9-2020-q2-update.win32_1.5.0.202011040924/tools/bin/../lib/gcc/arm-none-eabi/9.3.1/thumb/v7-m/nofp/crtbegin.o

.rodata         0x0000000008000cb0        0x0
                0x0000000008000cb0                . = ALIGN (0x4)
 *(.rodata)
 *(.rodata*)
                0x0000000008000cb0                . = ALIGN (0x4)

.ARM.extab      0x0000000008000cb0        0x0
                0x0000000008000cb0                . = ALIGN (0x4)
 *(.ARM.extab* .gnu.linkonce.armextab.*)
                0x0000000008000cb0                . = ALIGN (0x4)

.ARM            0x0000000008000cb0        0x0
                0x0000000008000cb0                . = ALIGN (0x4)
                0x0000000008000cb0                __exidx_start = .
 *(.ARM.exidx*)
                0x0000000008000cb0                __exidx_end = .
                0x0000000008000cb0                . = ALIGN (0x4)

.preinit_array  0x0000000008000cb0        0x0
                0x0000000008000cb0                . = ALIGN (0x4)
                0x0000000008000cb0                PROVIDE (__preinit_array_start = .)
 *(.preinit_array*)
                0x0000000008000cb0                PROVIDE (__preinit_array_end = .)
                0x0000000008000cb0                . = ALIGN (0x4)

.init_array     0x0000000008000cb0        0x4
                0x0000000008000cb0                . = ALIGN (0x4)
                0x0000000008000cb0                PROVIDE (__init_array_start = .)
 *(SORT_BY_NAME(.init_array.*))
 *(.init_array*)
 .init_array    0x0000000008000cb0        0x4 c:/st/stm32cubeide_1.6.1/stm32cubeide/plugins/com.st.stm32cube.ide.mcu.externaltools.gnu-tools-for-stm32.9-2020-q2-update.win32_1.5.0.202011040924/tools/bin/../lib/gcc/arm-none-eabi/9.3.1/thumb/v7-m/nofp/crtbegin.o
                0x0000000008000cb4                PROVIDE (__init_array_end = .)
                0x0000000008000cb4                . = ALIGN (0x4)

.fini_array     0x0000000008000cb4        0x4
                0x0000000008000cb4                . = ALIGN (0x4)
                [!provide]                        PROVIDE (__fini_array_start = .)
 *(SORT_BY_NAME(.fini_array.*))
 *(.fini_array*)
 .fini_array    0x0000000008000cb4        0x4 c:/st/stm32cubeide_1.6.1/stm32cubeide/plugins/com.st.stm32cube.ide.mcu.externaltools.gnu-tools-for-stm32.9-2020-q2-update.win32_1.5.0.202011040924/tools/bin/../lib/gcc/arm-none-eabi/9.3.1/thumb/v7-m/nofp/crtbegin.o
                [!provide]                        PROVIDE (__fini_array_end = .)
                0x0000000008000cb8                . = ALIGN (0x4)
                0x0000000008000cb8                _sidata = LOADADDR (.data)

.data           0x0000000020000000       0x14 load address 0x0000000008000cb8
                0x0000000020000000                . = ALIGN (0x4)
                0x0000000020000000                _sdata = .
 *(.data)
 *(.data*)
 .data.MSPI_CHANNELS
                0x0000000020000000        0x8 MCAL/MSPI/MSPI_prog.o
 .data.USART_CH
                0x0000000020000008        0xc MCAL/MUSART/MUSART_prog.o
 *(.RamFunc)
 *(.RamFunc*)
                0x0000000020000014                . = ALIGN (0x4)
                0x0000000020000014                _edata = .

.igot.plt       0x0000000020000014        0x0 load address 0x0000000008000ccc
 .igot.plt      0x0000000020000014        0x0 c:/st/stm32cubeide_1.6.1/stm32cubeide/plugins/com.st.stm32cube.ide.mcu.externaltools.gnu-tools-for-stm32.9-2020-q2-update.win32_1.5.0.202011040924/tools/bin/../lib/gcc/arm-none-eabi/9.3.1/thumb/v7-m/nofp/crtbegin.o
                0x0000000020000014                . = ALIGN (0x4)

.bss            0x0000000020000014       0xd8 load address 0x0000000008000ccc
                0x0000000020000014                _sbss = .
                0x0000000020000014                __bss_start__ = _sbss
 *(.bss)
 .bss           0x0000000020000014       0x1c c:/st/stm32cubeide_1.6.1/stm32cubeide/plugins/com.st.stm32cube.ide.mcu.externaltools.gnu-tools-for-stm32.9-2020-q2-update.win32_1.5.0.202011040924/tools/bin/../lib/gcc/arm-none-eabi/9.3.1/thumb/v7-m/nofp/crtbegin.o
 *(.bss*)
 .bss.ADC_CallBack
                0x0000000020000030        0x4 MCAL/MADC/MADC_prog.o
 .bss.DMA_CallBack
                0x0000000020000034       0x1c MCAL/MDMA/MDMA_prog.o
 .bss.MEXTI_CALLBACK
                0x0000000020000050       0x40 MCAL/MEXTI/MEXTI_prog.o
 .bss.MSPI_CALLBACK
                0x0000000020000090       0x18 MCAL/MSPI/MSPI_prog.o
 .bss.MSYSTICK_Callback
                0x00000000200000a8        0x4 MCAL/MSYSTICK/MSYSTICK_prog.o
 .bss.global_u8flag
                0x00000000200000ac        0x1 MCAL/MSYSTICK/MSYSTICK_prog.o
 .bss.Receive_Flag
                0x00000000200000ad        0x1 MCAL/MUSART/MUSART_prog.o
                0x00000000200000ad                Receive_Flag
 .bss.uart_TxBufferIndex
                0x00000000200000ae        0x1 MCAL/MUSART/MUSART_prog.o
                0x00000000200000ae                uart_TxBufferIndex
 .bss.uart_RxBufferIndex
                0x00000000200000af        0x1 MCAL/MUSART/MUSART_prog.o
                0x00000000200000af                uart_RxBufferIndex
 *(COMMON)
 COMMON         0x00000000200000b0        0x1 MCAL/MSYSTICK/MSYSTICK_prog.o
                0x00000000200000b0                local_u8temp
 *fill*         0x00000000200000b1        0x3 
 COMMON         0x00000000200000b4       0x35 MCAL/MUSART/MUSART_prog.o
                0x00000000200000b4                uart_RxBUFFER
                0x00000000200000d0                uart_TxBUFFER
                0x00000000200000ec                . = ALIGN (0x4)
 *fill*         0x00000000200000e9        0x3 
                0x00000000200000ec                _ebss = .
                0x00000000200000ec                __bss_end__ = _ebss

._user_heap_stack
                0x00000000200000ec      0x604 load address 0x0000000008000ccc
                0x00000000200000f0                . = ALIGN (0x8)
 *fill*         0x00000000200000ec        0x4 
                [!provide]                        PROVIDE (end = .)
                [!provide]                        PROVIDE (_end = .)
                0x00000000200002f0                . = (. + _Min_Heap_Size)
 *fill*         0x00000000200000f0      0x200 
                0x00000000200006f0                . = (. + _Min_Stack_Size)
 *fill*         0x00000000200002f0      0x400 
                0x00000000200006f0                . = ALIGN (0x8)

/DISCARD/
 libc.a(*)
 libm.a(*)
 libgcc.a(*)

.ARM.attributes
                0x0000000000000000       0x29
 *(.ARM.attributes)
 .ARM.attributes
                0x0000000000000000       0x1d c:/st/stm32cubeide_1.6.1/stm32cubeide/plugins/com.st.stm32cube.ide.mcu.externaltools.gnu-tools-for-stm32.9-2020-q2-update.win32_1.5.0.202011040924/tools/bin/../lib/gcc/arm-none-eabi/9.3.1/thumb/v7-m/nofp/crti.o
 .ARM.attributes
                0x000000000000001d       0x2d c:/st/stm32cubeide_1.6.1/stm32cubeide/plugins/com.st.stm32cube.ide.mcu.externaltools.gnu-tools-for-stm32.9-2020-q2-update.win32_1.5.0.202011040924/tools/bin/../lib/gcc/arm-none-eabi/9.3.1/thumb/v7-m/nofp/crtbegin.o
 .ARM.attributes
                0x000000000000004a       0x2d APP/APP_prog.o
 .ARM.attributes
                0x0000000000000077       0x2d MCAL/MADC/MADC_prog.o
 .ARM.attributes
                0x00000000000000a4       0x2d MCAL/MDMA/MDMA_prog.o
 .ARM.attributes
                0x00000000000000d1       0x2d MCAL/MEXTI/MEXTI_prog.o
 .ARM.attributes
                0x00000000000000fe       0x2d MCAL/MGPIO/MGPIO_prog.o
 .ARM.attributes
                0x000000000000012b       0x2d MCAL/MNVIC/MNVIC_prog.o
 .ARM.attributes
                0x0000000000000158       0x2d MCAL/MRCC/MRCC_prog.o
 .ARM.attributes
                0x0000000000000185       0x2d MCAL/MSPI/MSPI_prog.o
 .ARM.attributes
                0x00000000000001b2       0x2d MCAL/MSYSTICK/MSYSTICK_prog.o
 .ARM.attributes
                0x00000000000001df       0x2d MCAL/MUSART/MUSART_prog.o
 .ARM.attributes
                0x000000000000020c       0x2d Src/main.o
 .ARM.attributes
                0x0000000000000239       0x21 Startup/startup_stm32f103c8tx.o
 .ARM.attributes
                0x000000000000025a       0x2d c:/st/stm32cubeide_1.6.1/stm32cubeide/plugins/com.st.stm32cube.ide.mcu.externaltools.gnu-tools-for-stm32.9-2020-q2-update.win32_1.5.0.202011040924/tools/bin/../lib/gcc/arm-none-eabi/9.3.1/../../../../arm-none-eabi/lib/thumb/v7-m/nofp\libc_nano.a(lib_a-init.o)
 .ARM.attributes
                0x0000000000000287       0x1d c:/st/stm32cubeide_1.6.1/stm32cubeide/plugins/com.st.stm32cube.ide.mcu.externaltools.gnu-tools-for-stm32.9-2020-q2-update.win32_1.5.0.202011040924/tools/bin/../lib/gcc/arm-none-eabi/9.3.1/thumb/v7-m/nofp/crtn.o
OUTPUT(STM32F103C8-Drives.elf elf32-littlearm)
LOAD linker stubs
LOAD c:/st/stm32cubeide_1.6.1/stm32cubeide/plugins/com.st.stm32cube.ide.mcu.externaltools.gnu-tools-for-stm32.9-2020-q2-update.win32_1.5.0.202011040924/tools/bin/../lib/gcc/arm-none-eabi/9.3.1/../../../../arm-none-eabi/lib/thumb/v7-m/nofp\libc.a
LOAD c:/st/stm32cubeide_1.6.1/stm32cubeide/plugins/com.st.stm32cube.ide.mcu.externaltools.gnu-tools-for-stm32.9-2020-q2-update.win32_1.5.0.202011040924/tools/bin/../lib/gcc/arm-none-eabi/9.3.1/../../../../arm-none-eabi/lib/thumb/v7-m/nofp\libm.a
LOAD c:/st/stm32cubeide_1.6.1/stm32cubeide/plugins/com.st.stm32cube.ide.mcu.externaltools.gnu-tools-for-stm32.9-2020-q2-update.win32_1.5.0.202011040924/tools/bin/../lib/gcc/arm-none-eabi/9.3.1/thumb/v7-m/nofp\libgcc.a

.debug_info     0x0000000000000000     0x29db
 .debug_info    0x0000000000000000      0x16a APP/APP_prog.o
 .debug_info    0x000000000000016a      0x68a MCAL/MADC/MADC_prog.o
 .debug_info    0x00000000000007f4      0x5fe MCAL/MDMA/MDMA_prog.o
 .debug_info    0x0000000000000df2      0x32f MCAL/MEXTI/MEXTI_prog.o
 .debug_info    0x0000000000001121      0x51a MCAL/MGPIO/MGPIO_prog.o
 .debug_info    0x000000000000163b      0x3bf MCAL/MNVIC/MNVIC_prog.o
 .debug_info    0x00000000000019fa      0x1ed MCAL/MRCC/MRCC_prog.o
 .debug_info    0x0000000000001be7      0x454 MCAL/MSPI/MSPI_prog.o
 .debug_info    0x000000000000203b      0x301 MCAL/MSYSTICK/MSYSTICK_prog.o
 .debug_info    0x000000000000233c      0x636 MCAL/MUSART/MUSART_prog.o
 .debug_info    0x0000000000002972       0x47 Src/main.o
 .debug_info    0x00000000000029b9       0x22 Startup/startup_stm32f103c8tx.o

.debug_abbrev   0x0000000000000000      0xc22
 .debug_abbrev  0x0000000000000000       0x7b APP/APP_prog.o
 .debug_abbrev  0x000000000000007b      0x138 MCAL/MADC/MADC_prog.o
 .debug_abbrev  0x00000000000001b3      0x150 MCAL/MDMA/MDMA_prog.o
 .debug_abbrev  0x0000000000000303      0x146 MCAL/MEXTI/MEXTI_prog.o
 .debug_abbrev  0x0000000000000449      0x131 MCAL/MGPIO/MGPIO_prog.o
 .debug_abbrev  0x000000000000057a      0x14b MCAL/MNVIC/MNVIC_prog.o
 .debug_abbrev  0x00000000000006c5       0xdf MCAL/MRCC/MRCC_prog.o
 .debug_abbrev  0x00000000000007a4      0x15b MCAL/MSPI/MSPI_prog.o
 .debug_abbrev  0x00000000000008ff      0x138 MCAL/MSYSTICK/MSYSTICK_prog.o
 .debug_abbrev  0x0000000000000a37      0x19b MCAL/MUSART/MUSART_prog.o
 .debug_abbrev  0x0000000000000bd2       0x3e Src/main.o
 .debug_abbrev  0x0000000000000c10       0x12 Startup/startup_stm32f103c8tx.o

.debug_aranges  0x0000000000000000      0x408
 .debug_aranges
                0x0000000000000000       0x38 APP/APP_prog.o
 .debug_aranges
                0x0000000000000038       0x68 MCAL/MADC/MADC_prog.o
 .debug_aranges
                0x00000000000000a0       0x88 MCAL/MDMA/MDMA_prog.o
 .debug_aranges
                0x0000000000000128       0x80 MCAL/MEXTI/MEXTI_prog.o
 .debug_aranges
                0x00000000000001a8       0x58 MCAL/MGPIO/MGPIO_prog.o
 .debug_aranges
                0x0000000000000200       0x58 MCAL/MNVIC/MNVIC_prog.o
 .debug_aranges
                0x0000000000000258       0x30 MCAL/MRCC/MRCC_prog.o
 .debug_aranges
                0x0000000000000288       0x60 MCAL/MSPI/MSPI_prog.o
 .debug_aranges
                0x00000000000002e8       0x60 MCAL/MSYSTICK/MSYSTICK_prog.o
 .debug_aranges
                0x0000000000000348       0x78 MCAL/MUSART/MUSART_prog.o
 .debug_aranges
                0x00000000000003c0       0x20 Src/main.o
 .debug_aranges
                0x00000000000003e0       0x28 Startup/startup_stm32f103c8tx.o

.debug_ranges   0x0000000000000000      0x350
 .debug_ranges  0x0000000000000000       0x28 APP/APP_prog.o
 .debug_ranges  0x0000000000000028       0x58 MCAL/MADC/MADC_prog.o
 .debug_ranges  0x0000000000000080       0x78 MCAL/MDMA/MDMA_prog.o
 .debug_ranges  0x00000000000000f8       0x70 MCAL/MEXTI/MEXTI_prog.o
 .debug_ranges  0x0000000000000168       0x48 MCAL/MGPIO/MGPIO_prog.o
 .debug_ranges  0x00000000000001b0       0x48 MCAL/MNVIC/MNVIC_prog.o
 .debug_ranges  0x00000000000001f8       0x20 MCAL/MRCC/MRCC_prog.o
 .debug_ranges  0x0000000000000218       0x50 MCAL/MSPI/MSPI_prog.o
 .debug_ranges  0x0000000000000268       0x50 MCAL/MSYSTICK/MSYSTICK_prog.o
 .debug_ranges  0x00000000000002b8       0x68 MCAL/MUSART/MUSART_prog.o
 .debug_ranges  0x0000000000000320       0x10 Src/main.o
 .debug_ranges  0x0000000000000330       0x20 Startup/startup_stm32f103c8tx.o

.debug_macro    0x0000000000000000     0x1853
 .debug_macro   0x0000000000000000       0xcf APP/APP_prog.o
 .debug_macro   0x00000000000000cf      0xaa2 APP/APP_prog.o
 .debug_macro   0x0000000000000b71       0x10 APP/APP_prog.o
 .debug_macro   0x0000000000000b81       0xb8 APP/APP_prog.o
 .debug_macro   0x0000000000000c39       0x64 APP/APP_prog.o
 .debug_macro   0x0000000000000c9d      0x118 APP/APP_prog.o
 .debug_macro   0x0000000000000db5       0x7c APP/APP_prog.o
 .debug_macro   0x0000000000000e31       0x4c APP/APP_prog.o
 .debug_macro   0x0000000000000e7d       0x3a APP/APP_prog.o
 .debug_macro   0x0000000000000eb7       0x10 APP/APP_prog.o
 .debug_macro   0x0000000000000ec7       0x10 APP/APP_prog.o
 .debug_macro   0x0000000000000ed7       0x76 APP/APP_prog.o
 .debug_macro   0x0000000000000f4d       0x53 MCAL/MADC/MADC_prog.o
 .debug_macro   0x0000000000000fa0       0x8e MCAL/MADC/MADC_prog.o
 .debug_macro   0x000000000000102e       0x5c MCAL/MDMA/MDMA_prog.o
 .debug_macro   0x000000000000108a       0x58 MCAL/MDMA/MDMA_prog.o
 .debug_macro   0x00000000000010e2       0x63 MCAL/MEXTI/MEXTI_prog.o
 .debug_macro   0x0000000000001145       0x16 MCAL/MEXTI/MEXTI_prog.o
 .debug_macro   0x000000000000115b       0x10 MCAL/MEXTI/MEXTI_prog.o
 .debug_macro   0x000000000000116b       0x5b MCAL/MGPIO/MGPIO_prog.o
 .debug_macro   0x00000000000011c6       0x40 MCAL/MGPIO/MGPIO_prog.o
 .debug_macro   0x0000000000001206       0x5a MCAL/MNVIC/MNVIC_prog.o
 .debug_macro   0x0000000000001260       0x10 MCAL/MNVIC/MNVIC_prog.o
 .debug_macro   0x0000000000001270       0x52 MCAL/MNVIC/MNVIC_prog.o
 .debug_macro   0x00000000000012c2       0x51 MCAL/MRCC/MRCC_prog.o
 .debug_macro   0x0000000000001313       0x40 MCAL/MRCC/MRCC_prog.o
 .debug_macro   0x0000000000001353      0x190 MCAL/MRCC/MRCC_prog.o
 .debug_macro   0x00000000000014e3       0x51 MCAL/MSPI/MSPI_prog.o
 .debug_macro   0x0000000000001534       0x5e MCAL/MSPI/MSPI_prog.o
 .debug_macro   0x0000000000001592      0x112 MCAL/MSPI/MSPI_prog.o
 .debug_macro   0x00000000000016a4       0x5b MCAL/MSYSTICK/MSYSTICK_prog.o
 .debug_macro   0x00000000000016ff       0x10 MCAL/MSYSTICK/MSYSTICK_prog.o
 .debug_macro   0x000000000000170f       0x34 MCAL/MSYSTICK/MSYSTICK_prog.o
 .debug_macro   0x0000000000001743       0x51 MCAL/MUSART/MUSART_prog.o
 .debug_macro   0x0000000000001794       0x1c MCAL/MUSART/MUSART_prog.o
 .debug_macro   0x00000000000017b0       0x88 MCAL/MUSART/MUSART_prog.o
 .debug_macro   0x0000000000001838       0x1b Src/main.o

.debug_line     0x0000000000000000     0x2a8a
 .debug_line    0x0000000000000000      0x701 APP/APP_prog.o
 .debug_line    0x0000000000000701      0x3d9 MCAL/MADC/MADC_prog.o
 .debug_line    0x0000000000000ada      0x49a MCAL/MDMA/MDMA_prog.o
 .debug_line    0x0000000000000f74      0x429 MCAL/MEXTI/MEXTI_prog.o
 .debug_line    0x000000000000139d      0x601 MCAL/MGPIO/MGPIO_prog.o
 .debug_line    0x000000000000199e      0x300 MCAL/MNVIC/MNVIC_prog.o
 .debug_line    0x0000000000001c9e      0x199 MCAL/MRCC/MRCC_prog.o
 .debug_line    0x0000000000001e37      0x3a3 MCAL/MSPI/MSPI_prog.o
 .debug_line    0x00000000000021da      0x314 MCAL/MSYSTICK/MSYSTICK_prog.o
 .debug_line    0x00000000000024ee      0x479 MCAL/MUSART/MUSART_prog.o
 .debug_line    0x0000000000002967       0x9f Src/main.o
 .debug_line    0x0000000000002a06       0x84 Startup/startup_stm32f103c8tx.o

.debug_str      0x0000000000000000     0x6a05
 .debug_str     0x0000000000000000     0x3a04 APP/APP_prog.o
                                       0x3ace (size before relaxing)
 .debug_str     0x0000000000003a04      0xc87 MCAL/MADC/MADC_prog.o
                                       0x3ac6 (size before relaxing)
 .debug_str     0x000000000000468b      0x5f8 MCAL/MDMA/MDMA_prog.o
                                       0x3b9b (size before relaxing)
 .debug_str     0x0000000000004c83      0x1ea MCAL/MEXTI/MEXTI_prog.o
                                       0x3c31 (size before relaxing)
 .debug_str     0x0000000000004e6d      0x2a1 MCAL/MGPIO/MGPIO_prog.o
                                       0x39ff (size before relaxing)
 .debug_str     0x000000000000510e      0x2f0 MCAL/MNVIC/MNVIC_prog.o
                                       0x3bf8 (size before relaxing)
 .debug_str     0x00000000000053fe      0x719 MCAL/MRCC/MRCC_prog.o
                                       0x3c8b (size before relaxing)
 .debug_str     0x0000000000005b17      0x752 MCAL/MSPI/MSPI_prog.o
                                       0x3bf4 (size before relaxing)
 .debug_str     0x0000000000006269      0x292 MCAL/MSYSTICK/MSYSTICK_prog.o
                                       0x381c (size before relaxing)
 .debug_str     0x00000000000064fb      0x4c6 MCAL/MUSART/MUSART_prog.o
                                       0x3a2d (size before relaxing)
 .debug_str     0x00000000000069c1       0x13 Src/main.o
                                       0x2d94 (size before relaxing)
 .debug_str     0x00000000000069d4       0x31 Startup/startup_stm32f103c8tx.o
                                         0x80 (size before relaxing)

.comment        0x0000000000000000       0x53
 .comment       0x0000000000000000       0x53 APP/APP_prog.o
                                         0x54 (size before relaxing)
 .comment       0x0000000000000053       0x54 MCAL/MADC/MADC_prog.o
 .comment       0x0000000000000053       0x54 MCAL/MDMA/MDMA_prog.o
 .comment       0x0000000000000053       0x54 MCAL/MEXTI/MEXTI_prog.o
 .comment       0x0000000000000053       0x54 MCAL/MGPIO/MGPIO_prog.o
 .comment       0x0000000000000053       0x54 MCAL/MNVIC/MNVIC_prog.o
 .comment       0x0000000000000053       0x54 MCAL/MRCC/MRCC_prog.o
 .comment       0x0000000000000053       0x54 MCAL/MSPI/MSPI_prog.o
 .comment       0x0000000000000053       0x54 MCAL/MSYSTICK/MSYSTICK_prog.o
 .comment       0x0000000000000053       0x54 MCAL/MUSART/MUSART_prog.o
 .comment       0x0000000000000053       0x54 Src/main.o

.debug_frame    0x0000000000000000      0xdc4
 .debug_frame   0x0000000000000000       0x84 APP/APP_prog.o
 .debug_frame   0x0000000000000084      0x194 MCAL/MADC/MADC_prog.o
 .debug_frame   0x0000000000000218      0x1f0 MCAL/MDMA/MDMA_prog.o
 .debug_frame   0x0000000000000408      0x1bc MCAL/MEXTI/MEXTI_prog.o
 .debug_frame   0x00000000000005c4      0x150 MCAL/MGPIO/MGPIO_prog.o
 .debug_frame   0x0000000000000714      0x148 MCAL/MNVIC/MNVIC_prog.o
 .debug_frame   0x000000000000085c       0x80 MCAL/MRCC/MRCC_prog.o
 .debug_frame   0x00000000000008dc      0x160 MCAL/MSPI/MSPI_prog.o
 .debug_frame   0x0000000000000a3c      0x15c MCAL/MSYSTICK/MSYSTICK_prog.o
 .debug_frame   0x0000000000000b98      0x1d4 MCAL/MUSART/MUSART_prog.o
 .debug_frame   0x0000000000000d6c       0x2c Src/main.o
 .debug_frame   0x0000000000000d98       0x2c c:/st/stm32cubeide_1.6.1/stm32cubeide/plugins/com.st.stm32cube.ide.mcu.externaltools.gnu-tools-for-stm32.9-2020-q2-update.win32_1.5.0.202011040924/tools/bin/../lib/gcc/arm-none-eabi/9.3.1/../../../../arm-none-eabi/lib/thumb/v7-m/nofp\libc_nano.a(lib_a-init.o)
