Archive member included to satisfy reference by file (symbol)

c:/st/stm32cubeide_1.6.1/stm32cubeide/plugins/com.st.stm32cube.ide.mcu.externaltools.gnu-tools-for-stm32.9-2020-q2-update.win32_1.5.0.202011040924/tools/bin/../lib/gcc/arm-none-eabi/9.3.1/../../../../arm-none-eabi/lib/thumb/v7-m/nofp\libc_nano.a(lib_a-exit.o)
                              c:/st/stm32cubeide_1.6.1/stm32cubeide/plugins/com.st.stm32cube.ide.mcu.externaltools.gnu-tools-for-stm32.9-2020-q2-update.win32_1.5.0.202011040924/tools/bin/../lib/gcc/arm-none-eabi/9.3.1/../../../../arm-none-eabi/lib/thumb/v7-m/nofp/crt0.o (exit)
c:/st/stm32cubeide_1.6.1/stm32cubeide/plugins/com.st.stm32cube.ide.mcu.externaltools.gnu-tools-for-stm32.9-2020-q2-update.win32_1.5.0.202011040924/tools/bin/../lib/gcc/arm-none-eabi/9.3.1/../../../../arm-none-eabi/lib/thumb/v7-m/nofp\libc_nano.a(lib_a-impure.o)
                              c:/st/stm32cubeide_1.6.1/stm32cubeide/plugins/com.st.stm32cube.ide.mcu.externaltools.gnu-tools-for-stm32.9-2020-q2-update.win32_1.5.0.202011040924/tools/bin/../lib/gcc/arm-none-eabi/9.3.1/../../../../arm-none-eabi/lib/thumb/v7-m/nofp\libc_nano.a(lib_a-exit.o) (_global_impure_ptr)
c:/st/stm32cubeide_1.6.1/stm32cubeide/plugins/com.st.stm32cube.ide.mcu.externaltools.gnu-tools-for-stm32.9-2020-q2-update.win32_1.5.0.202011040924/tools/bin/../lib/gcc/arm-none-eabi/9.3.1/../../../../arm-none-eabi/lib/thumb/v7-m/nofp\libc_nano.a(lib_a-init.o)
                              c:/st/stm32cubeide_1.6.1/stm32cubeide/plugins/com.st.stm32cube.ide.mcu.externaltools.gnu-tools-for-stm32.9-2020-q2-update.win32_1.5.0.202011040924/tools/bin/../lib/gcc/arm-none-eabi/9.3.1/../../../../arm-none-eabi/lib/thumb/v7-m/nofp/crt0.o (__libc_init_array)
c:/st/stm32cubeide_1.6.1/stm32cubeide/plugins/com.st.stm32cube.ide.mcu.externaltools.gnu-tools-for-stm32.9-2020-q2-update.win32_1.5.0.202011040924/tools/bin/../lib/gcc/arm-none-eabi/9.3.1/../../../../arm-none-eabi/lib/thumb/v7-m/nofp\libc_nano.a(lib_a-memset.o)
                              c:/st/stm32cubeide_1.6.1/stm32cubeide/plugins/com.st.stm32cube.ide.mcu.externaltools.gnu-tools-for-stm32.9-2020-q2-update.win32_1.5.0.202011040924/tools/bin/../lib/gcc/arm-none-eabi/9.3.1/../../../../arm-none-eabi/lib/thumb/v7-m/nofp/crt0.o (memset)
c:/st/stm32cubeide_1.6.1/stm32cubeide/plugins/com.st.stm32cube.ide.mcu.externaltools.gnu-tools-for-stm32.9-2020-q2-update.win32_1.5.0.202011040924/tools/bin/../lib/gcc/arm-none-eabi/9.3.1/../../../../arm-none-eabi/lib/thumb/v7-m/nofp\libnosys.a(_exit.o)
                              c:/st/stm32cubeide_1.6.1/stm32cubeide/plugins/com.st.stm32cube.ide.mcu.externaltools.gnu-tools-for-stm32.9-2020-q2-update.win32_1.5.0.202011040924/tools/bin/../lib/gcc/arm-none-eabi/9.3.1/../../../../arm-none-eabi/lib/thumb/v7-m/nofp\libc_nano.a(lib_a-exit.o) (_exit)

Discarded input sections

 .text          0x0000000000000000        0x0 c:/st/stm32cubeide_1.6.1/stm32cubeide/plugins/com.st.stm32cube.ide.mcu.externaltools.gnu-tools-for-stm32.9-2020-q2-update.win32_1.5.0.202011040924/tools/bin/../lib/gcc/arm-none-eabi/9.3.1/thumb/v7-m/nofp/crti.o
 .data          0x0000000000000000        0x0 c:/st/stm32cubeide_1.6.1/stm32cubeide/plugins/com.st.stm32cube.ide.mcu.externaltools.gnu-tools-for-stm32.9-2020-q2-update.win32_1.5.0.202011040924/tools/bin/../lib/gcc/arm-none-eabi/9.3.1/thumb/v7-m/nofp/crti.o
 .bss           0x0000000000000000        0x0 c:/st/stm32cubeide_1.6.1/stm32cubeide/plugins/com.st.stm32cube.ide.mcu.externaltools.gnu-tools-for-stm32.9-2020-q2-update.win32_1.5.0.202011040924/tools/bin/../lib/gcc/arm-none-eabi/9.3.1/thumb/v7-m/nofp/crti.o
 .data          0x0000000000000000        0x4 c:/st/stm32cubeide_1.6.1/stm32cubeide/plugins/com.st.stm32cube.ide.mcu.externaltools.gnu-tools-for-stm32.9-2020-q2-update.win32_1.5.0.202011040924/tools/bin/../lib/gcc/arm-none-eabi/9.3.1/thumb/v7-m/nofp/crtbegin.o
 .text          0x0000000000000000       0x7c c:/st/stm32cubeide_1.6.1/stm32cubeide/plugins/com.st.stm32cube.ide.mcu.externaltools.gnu-tools-for-stm32.9-2020-q2-update.win32_1.5.0.202011040924/tools/bin/../lib/gcc/arm-none-eabi/9.3.1/../../../../arm-none-eabi/lib/thumb/v7-m/nofp/crt0.o
 .data          0x0000000000000000        0x0 c:/st/stm32cubeide_1.6.1/stm32cubeide/plugins/com.st.stm32cube.ide.mcu.externaltools.gnu-tools-for-stm32.9-2020-q2-update.win32_1.5.0.202011040924/tools/bin/../lib/gcc/arm-none-eabi/9.3.1/../../../../arm-none-eabi/lib/thumb/v7-m/nofp/crt0.o
 .bss           0x0000000000000000        0x0 c:/st/stm32cubeide_1.6.1/stm32cubeide/plugins/com.st.stm32cube.ide.mcu.externaltools.gnu-tools-for-stm32.9-2020-q2-update.win32_1.5.0.202011040924/tools/bin/../lib/gcc/arm-none-eabi/9.3.1/../../../../arm-none-eabi/lib/thumb/v7-m/nofp/crt0.o
 .ARM.extab     0x0000000000000000        0x0 c:/st/stm32cubeide_1.6.1/stm32cubeide/plugins/com.st.stm32cube.ide.mcu.externaltools.gnu-tools-for-stm32.9-2020-q2-update.win32_1.5.0.202011040924/tools/bin/../lib/gcc/arm-none-eabi/9.3.1/../../../../arm-none-eabi/lib/thumb/v7-m/nofp/crt0.o
 .ARM.exidx     0x0000000000000000       0x10 c:/st/stm32cubeide_1.6.1/stm32cubeide/plugins/com.st.stm32cube.ide.mcu.externaltools.gnu-tools-for-stm32.9-2020-q2-update.win32_1.5.0.202011040924/tools/bin/../lib/gcc/arm-none-eabi/9.3.1/../../../../arm-none-eabi/lib/thumb/v7-m/nofp/crt0.o
 .ARM.attributes
                0x0000000000000000       0x1b c:/st/stm32cubeide_1.6.1/stm32cubeide/plugins/com.st.stm32cube.ide.mcu.externaltools.gnu-tools-for-stm32.9-2020-q2-update.win32_1.5.0.202011040924/tools/bin/../lib/gcc/arm-none-eabi/9.3.1/../../../../arm-none-eabi/lib/thumb/v7-m/nofp/crt0.o
 .group         0x0000000000000000        0xc HAL/HLEDMRX/HLEDMRX_prog.o
 .group         0x0000000000000000        0xc HAL/HLEDMRX/HLEDMRX_prog.o
 .group         0x0000000000000000        0xc HAL/HLEDMRX/HLEDMRX_prog.o
 .group         0x0000000000000000        0xc HAL/HLEDMRX/HLEDMRX_prog.o
 .text          0x0000000000000000        0x0 HAL/HLEDMRX/HLEDMRX_prog.o
 .data          0x0000000000000000        0x0 HAL/HLEDMRX/HLEDMRX_prog.o
 .bss           0x0000000000000000        0x0 HAL/HLEDMRX/HLEDMRX_prog.o
 .text.HLEDMRX_enDisplay
                0x0000000000000000       0x54 HAL/HLEDMRX/HLEDMRX_prog.o
 .group         0x0000000000000000        0xc MCAL/MGPIO/MGPIO_prog.o
 .group         0x0000000000000000        0xc MCAL/MGPIO/MGPIO_prog.o
 .group         0x0000000000000000        0xc MCAL/MGPIO/MGPIO_prog.o
 .group         0x0000000000000000        0xc MCAL/MGPIO/MGPIO_prog.o
 .group         0x0000000000000000        0xc MCAL/MGPIO/MGPIO_prog.o
 .text          0x0000000000000000        0x0 MCAL/MGPIO/MGPIO_prog.o
 .data          0x0000000000000000        0x0 MCAL/MGPIO/MGPIO_prog.o
 .bss           0x0000000000000000        0x0 MCAL/MGPIO/MGPIO_prog.o
 .text.MGPIO_enSetPinDirection
                0x0000000000000000      0x1b4 MCAL/MGPIO/MGPIO_prog.o
 .text.MGPIO_enTogglePin
                0x0000000000000000       0x88 MCAL/MGPIO/MGPIO_prog.o
 .text.MGPIO_enGetPinValue
                0x0000000000000000       0x90 MCAL/MGPIO/MGPIO_prog.o
 .text.MGPIO_enSetResetPin
                0x0000000000000000       0xc8 MCAL/MGPIO/MGPIO_prog.o
 .text.MGPIO_enLockPin
                0x0000000000000000      0x1a0 MCAL/MGPIO/MGPIO_prog.o
 .debug_macro   0x0000000000000000      0xaa2 MCAL/MGPIO/MGPIO_prog.o
 .debug_macro   0x0000000000000000       0x10 MCAL/MGPIO/MGPIO_prog.o
 .debug_macro   0x0000000000000000       0x22 MCAL/MGPIO/MGPIO_prog.o
 .debug_macro   0x0000000000000000       0x7f MCAL/MGPIO/MGPIO_prog.o
 .group         0x0000000000000000        0xc MCAL/MRCC/MRCC_prog.o
 .group         0x0000000000000000        0xc MCAL/MRCC/MRCC_prog.o
 .group         0x0000000000000000        0xc MCAL/MRCC/MRCC_prog.o
 .group         0x0000000000000000        0xc MCAL/MRCC/MRCC_prog.o
 .group         0x0000000000000000        0xc MCAL/MRCC/MRCC_prog.o
 .group         0x0000000000000000        0xc MCAL/MRCC/MRCC_prog.o
 .text          0x0000000000000000        0x0 MCAL/MRCC/MRCC_prog.o
 .data          0x0000000000000000        0x0 MCAL/MRCC/MRCC_prog.o
 .bss           0x0000000000000000        0x0 MCAL/MRCC/MRCC_prog.o
 .text.MRCC_enDisablePeripheralCLK
                0x0000000000000000       0x88 MCAL/MRCC/MRCC_prog.o
 .debug_macro   0x0000000000000000      0xaa2 MCAL/MRCC/MRCC_prog.o
 .debug_macro   0x0000000000000000       0x10 MCAL/MRCC/MRCC_prog.o
 .debug_macro   0x0000000000000000       0x22 MCAL/MRCC/MRCC_prog.o
 .debug_macro   0x0000000000000000       0x7f MCAL/MRCC/MRCC_prog.o
 .group         0x0000000000000000        0xc MCAL/MSTICK/MSTICK_prog.o
 .group         0x0000000000000000        0xc MCAL/MSTICK/MSTICK_prog.o
 .group         0x0000000000000000        0xc MCAL/MSTICK/MSTICK_prog.o
 .group         0x0000000000000000        0xc MCAL/MSTICK/MSTICK_prog.o
 .group         0x0000000000000000        0xc MCAL/MSTICK/MSTICK_prog.o
 .group         0x0000000000000000        0xc MCAL/MSTICK/MSTICK_prog.o
 .text          0x0000000000000000        0x0 MCAL/MSTICK/MSTICK_prog.o
 .data          0x0000000000000000        0x0 MCAL/MSTICK/MSTICK_prog.o
 .bss           0x0000000000000000        0x0 MCAL/MSTICK/MSTICK_prog.o
 .text.MSTK_enInit
                0x0000000000000000       0x20 MCAL/MSTICK/MSTICK_prog.o
 .text.MSTK_enSetIntervalSingle
                0x0000000000000000       0x5c MCAL/MSTICK/MSTICK_prog.o
 .text.MSTK_enSetIntervalPeriodic
                0x0000000000000000       0x5c MCAL/MSTICK/MSTICK_prog.o
 .text.MSTK_enGetElapsedTime
                0x0000000000000000       0x38 MCAL/MSTICK/MSTICK_prog.o
 .text.MSTK_enRemainingValue
                0x0000000000000000       0x30 MCAL/MSTICK/MSTICK_prog.o
 .text.STK_enStop
                0x0000000000000000       0x20 MCAL/MSTICK/MSTICK_prog.o
 .debug_macro   0x0000000000000000      0xaa2 MCAL/MSTICK/MSTICK_prog.o
 .debug_macro   0x0000000000000000       0x10 MCAL/MSTICK/MSTICK_prog.o
 .debug_macro   0x0000000000000000       0x22 MCAL/MSTICK/MSTICK_prog.o
 .debug_macro   0x0000000000000000       0x7f MCAL/MSTICK/MSTICK_prog.o
 .group         0x0000000000000000        0xc Src/main.o
 .group         0x0000000000000000        0xc Src/main.o
 .group         0x0000000000000000        0xc Src/main.o
 .group         0x0000000000000000        0xc Src/main.o
 .group         0x0000000000000000        0xc Src/main.o
 .group         0x0000000000000000        0xc Src/main.o
 .text          0x0000000000000000        0x0 Src/main.o
 .data          0x0000000000000000        0x0 Src/main.o
 .bss           0x0000000000000000        0x0 Src/main.o
 .text.MRCC_enSysClkINIT
                0x0000000000000000       0x78 Src/main.o
 .text.MRCC_enEnablePeripheralCLK
                0x0000000000000000       0x84 Src/main.o
 .text.MRCC_enDisablePeripheralCLK
                0x0000000000000000       0x88 Src/main.o
 .data.text     0x0000000000000000        0x6 Src/main.o
 .debug_macro   0x0000000000000000      0xaa2 Src/main.o
 .debug_macro   0x0000000000000000       0x10 Src/main.o
 .debug_macro   0x0000000000000000       0x22 Src/main.o
 .debug_macro   0x0000000000000000       0x7f Src/main.o
 .debug_macro   0x0000000000000000       0x40 Src/main.o
 .debug_macro   0x0000000000000000      0x17e Src/main.o
 .text          0x0000000000000000       0x14 Startup/startup_stm32f103c8tx.o
 .data          0x0000000000000000        0x0 Startup/startup_stm32f103c8tx.o
 .bss           0x0000000000000000        0x0 Startup/startup_stm32f103c8tx.o
 .text          0x0000000000000000        0x0 c:/st/stm32cubeide_1.6.1/stm32cubeide/plugins/com.st.stm32cube.ide.mcu.externaltools.gnu-tools-for-stm32.9-2020-q2-update.win32_1.5.0.202011040924/tools/bin/../lib/gcc/arm-none-eabi/9.3.1/../../../../arm-none-eabi/lib/thumb/v7-m/nofp\libc_nano.a(lib_a-exit.o)
 .data          0x0000000000000000        0x0 c:/st/stm32cubeide_1.6.1/stm32cubeide/plugins/com.st.stm32cube.ide.mcu.externaltools.gnu-tools-for-stm32.9-2020-q2-update.win32_1.5.0.202011040924/tools/bin/../lib/gcc/arm-none-eabi/9.3.1/../../../../arm-none-eabi/lib/thumb/v7-m/nofp\libc_nano.a(lib_a-exit.o)
 .bss           0x0000000000000000        0x0 c:/st/stm32cubeide_1.6.1/stm32cubeide/plugins/com.st.stm32cube.ide.mcu.externaltools.gnu-tools-for-stm32.9-2020-q2-update.win32_1.5.0.202011040924/tools/bin/../lib/gcc/arm-none-eabi/9.3.1/../../../../arm-none-eabi/lib/thumb/v7-m/nofp\libc_nano.a(lib_a-exit.o)
 .text.exit     0x0000000000000000       0x28 c:/st/stm32cubeide_1.6.1/stm32cubeide/plugins/com.st.stm32cube.ide.mcu.externaltools.gnu-tools-for-stm32.9-2020-q2-update.win32_1.5.0.202011040924/tools/bin/../lib/gcc/arm-none-eabi/9.3.1/../../../../arm-none-eabi/lib/thumb/v7-m/nofp\libc_nano.a(lib_a-exit.o)
 .debug_frame   0x0000000000000000       0x28 c:/st/stm32cubeide_1.6.1/stm32cubeide/plugins/com.st.stm32cube.ide.mcu.externaltools.gnu-tools-for-stm32.9-2020-q2-update.win32_1.5.0.202011040924/tools/bin/../lib/gcc/arm-none-eabi/9.3.1/../../../../arm-none-eabi/lib/thumb/v7-m/nofp\libc_nano.a(lib_a-exit.o)
 .ARM.attributes
                0x0000000000000000       0x2d c:/st/stm32cubeide_1.6.1/stm32cubeide/plugins/com.st.stm32cube.ide.mcu.externaltools.gnu-tools-for-stm32.9-2020-q2-update.win32_1.5.0.202011040924/tools/bin/../lib/gcc/arm-none-eabi/9.3.1/../../../../arm-none-eabi/lib/thumb/v7-m/nofp\libc_nano.a(lib_a-exit.o)
 .text          0x0000000000000000        0x0 c:/st/stm32cubeide_1.6.1/stm32cubeide/plugins/com.st.stm32cube.ide.mcu.externaltools.gnu-tools-for-stm32.9-2020-q2-update.win32_1.5.0.202011040924/tools/bin/../lib/gcc/arm-none-eabi/9.3.1/../../../../arm-none-eabi/lib/thumb/v7-m/nofp\libc_nano.a(lib_a-impure.o)
 .data          0x0000000000000000        0x0 c:/st/stm32cubeide_1.6.1/stm32cubeide/plugins/com.st.stm32cube.ide.mcu.externaltools.gnu-tools-for-stm32.9-2020-q2-update.win32_1.5.0.202011040924/tools/bin/../lib/gcc/arm-none-eabi/9.3.1/../../../../arm-none-eabi/lib/thumb/v7-m/nofp\libc_nano.a(lib_a-impure.o)
 .bss           0x0000000000000000        0x0 c:/st/stm32cubeide_1.6.1/stm32cubeide/plugins/com.st.stm32cube.ide.mcu.externaltools.gnu-tools-for-stm32.9-2020-q2-update.win32_1.5.0.202011040924/tools/bin/../lib/gcc/arm-none-eabi/9.3.1/../../../../arm-none-eabi/lib/thumb/v7-m/nofp\libc_nano.a(lib_a-impure.o)
 .data._impure_ptr
                0x0000000000000000        0x4 c:/st/stm32cubeide_1.6.1/stm32cubeide/plugins/com.st.stm32cube.ide.mcu.externaltools.gnu-tools-for-stm32.9-2020-q2-update.win32_1.5.0.202011040924/tools/bin/../lib/gcc/arm-none-eabi/9.3.1/../../../../arm-none-eabi/lib/thumb/v7-m/nofp\libc_nano.a(lib_a-impure.o)
 .data.impure_data
                0x0000000000000000       0x60 c:/st/stm32cubeide_1.6.1/stm32cubeide/plugins/com.st.stm32cube.ide.mcu.externaltools.gnu-tools-for-stm32.9-2020-q2-update.win32_1.5.0.202011040924/tools/bin/../lib/gcc/arm-none-eabi/9.3.1/../../../../arm-none-eabi/lib/thumb/v7-m/nofp\libc_nano.a(lib_a-impure.o)
 .rodata._global_impure_ptr
                0x0000000000000000        0x4 c:/st/stm32cubeide_1.6.1/stm32cubeide/plugins/com.st.stm32cube.ide.mcu.externaltools.gnu-tools-for-stm32.9-2020-q2-update.win32_1.5.0.202011040924/tools/bin/../lib/gcc/arm-none-eabi/9.3.1/../../../../arm-none-eabi/lib/thumb/v7-m/nofp\libc_nano.a(lib_a-impure.o)
 .ARM.attributes
                0x0000000000000000       0x2d c:/st/stm32cubeide_1.6.1/stm32cubeide/plugins/com.st.stm32cube.ide.mcu.externaltools.gnu-tools-for-stm32.9-2020-q2-update.win32_1.5.0.202011040924/tools/bin/../lib/gcc/arm-none-eabi/9.3.1/../../../../arm-none-eabi/lib/thumb/v7-m/nofp\libc_nano.a(lib_a-impure.o)
 .text          0x0000000000000000        0x0 c:/st/stm32cubeide_1.6.1/stm32cubeide/plugins/com.st.stm32cube.ide.mcu.externaltools.gnu-tools-for-stm32.9-2020-q2-update.win32_1.5.0.202011040924/tools/bin/../lib/gcc/arm-none-eabi/9.3.1/../../../../arm-none-eabi/lib/thumb/v7-m/nofp\libc_nano.a(lib_a-init.o)
 .data          0x0000000000000000        0x0 c:/st/stm32cubeide_1.6.1/stm32cubeide/plugins/com.st.stm32cube.ide.mcu.externaltools.gnu-tools-for-stm32.9-2020-q2-update.win32_1.5.0.202011040924/tools/bin/../lib/gcc/arm-none-eabi/9.3.1/../../../../arm-none-eabi/lib/thumb/v7-m/nofp\libc_nano.a(lib_a-init.o)
 .bss           0x0000000000000000        0x0 c:/st/stm32cubeide_1.6.1/stm32cubeide/plugins/com.st.stm32cube.ide.mcu.externaltools.gnu-tools-for-stm32.9-2020-q2-update.win32_1.5.0.202011040924/tools/bin/../lib/gcc/arm-none-eabi/9.3.1/../../../../arm-none-eabi/lib/thumb/v7-m/nofp\libc_nano.a(lib_a-init.o)
 .text          0x0000000000000000        0x0 c:/st/stm32cubeide_1.6.1/stm32cubeide/plugins/com.st.stm32cube.ide.mcu.externaltools.gnu-tools-for-stm32.9-2020-q2-update.win32_1.5.0.202011040924/tools/bin/../lib/gcc/arm-none-eabi/9.3.1/../../../../arm-none-eabi/lib/thumb/v7-m/nofp\libc_nano.a(lib_a-memset.o)
 .data          0x0000000000000000        0x0 c:/st/stm32cubeide_1.6.1/stm32cubeide/plugins/com.st.stm32cube.ide.mcu.externaltools.gnu-tools-for-stm32.9-2020-q2-update.win32_1.5.0.202011040924/tools/bin/../lib/gcc/arm-none-eabi/9.3.1/../../../../arm-none-eabi/lib/thumb/v7-m/nofp\libc_nano.a(lib_a-memset.o)
 .bss           0x0000000000000000        0x0 c:/st/stm32cubeide_1.6.1/stm32cubeide/plugins/com.st.stm32cube.ide.mcu.externaltools.gnu-tools-for-stm32.9-2020-q2-update.win32_1.5.0.202011040924/tools/bin/../lib/gcc/arm-none-eabi/9.3.1/../../../../arm-none-eabi/lib/thumb/v7-m/nofp\libc_nano.a(lib_a-memset.o)
 .text.memset   0x0000000000000000       0x10 c:/st/stm32cubeide_1.6.1/stm32cubeide/plugins/com.st.stm32cube.ide.mcu.externaltools.gnu-tools-for-stm32.9-2020-q2-update.win32_1.5.0.202011040924/tools/bin/../lib/gcc/arm-none-eabi/9.3.1/../../../../arm-none-eabi/lib/thumb/v7-m/nofp\libc_nano.a(lib_a-memset.o)
 .debug_frame   0x0000000000000000       0x20 c:/st/stm32cubeide_1.6.1/stm32cubeide/plugins/com.st.stm32cube.ide.mcu.externaltools.gnu-tools-for-stm32.9-2020-q2-update.win32_1.5.0.202011040924/tools/bin/../lib/gcc/arm-none-eabi/9.3.1/../../../../arm-none-eabi/lib/thumb/v7-m/nofp\libc_nano.a(lib_a-memset.o)
 .ARM.attributes
                0x0000000000000000       0x2d c:/st/stm32cubeide_1.6.1/stm32cubeide/plugins/com.st.stm32cube.ide.mcu.externaltools.gnu-tools-for-stm32.9-2020-q2-update.win32_1.5.0.202011040924/tools/bin/../lib/gcc/arm-none-eabi/9.3.1/../../../../arm-none-eabi/lib/thumb/v7-m/nofp\libc_nano.a(lib_a-memset.o)
 .text          0x0000000000000000        0x0 c:/st/stm32cubeide_1.6.1/stm32cubeide/plugins/com.st.stm32cube.ide.mcu.externaltools.gnu-tools-for-stm32.9-2020-q2-update.win32_1.5.0.202011040924/tools/bin/../lib/gcc/arm-none-eabi/9.3.1/../../../../arm-none-eabi/lib/thumb/v7-m/nofp\libnosys.a(_exit.o)
 .data          0x0000000000000000        0x0 c:/st/stm32cubeide_1.6.1/stm32cubeide/plugins/com.st.stm32cube.ide.mcu.externaltools.gnu-tools-for-stm32.9-2020-q2-update.win32_1.5.0.202011040924/tools/bin/../lib/gcc/arm-none-eabi/9.3.1/../../../../arm-none-eabi/lib/thumb/v7-m/nofp\libnosys.a(_exit.o)
 .bss           0x0000000000000000        0x0 c:/st/stm32cubeide_1.6.1/stm32cubeide/plugins/com.st.stm32cube.ide.mcu.externaltools.gnu-tools-for-stm32.9-2020-q2-update.win32_1.5.0.202011040924/tools/bin/../lib/gcc/arm-none-eabi/9.3.1/../../../../arm-none-eabi/lib/thumb/v7-m/nofp\libnosys.a(_exit.o)
 .text._exit    0x0000000000000000        0x2 c:/st/stm32cubeide_1.6.1/stm32cubeide/plugins/com.st.stm32cube.ide.mcu.externaltools.gnu-tools-for-stm32.9-2020-q2-update.win32_1.5.0.202011040924/tools/bin/../lib/gcc/arm-none-eabi/9.3.1/../../../../arm-none-eabi/lib/thumb/v7-m/nofp\libnosys.a(_exit.o)
 .debug_frame   0x0000000000000000       0x20 c:/st/stm32cubeide_1.6.1/stm32cubeide/plugins/com.st.stm32cube.ide.mcu.externaltools.gnu-tools-for-stm32.9-2020-q2-update.win32_1.5.0.202011040924/tools/bin/../lib/gcc/arm-none-eabi/9.3.1/../../../../arm-none-eabi/lib/thumb/v7-m/nofp\libnosys.a(_exit.o)
 .ARM.attributes
                0x0000000000000000       0x2d c:/st/stm32cubeide_1.6.1/stm32cubeide/plugins/com.st.stm32cube.ide.mcu.externaltools.gnu-tools-for-stm32.9-2020-q2-update.win32_1.5.0.202011040924/tools/bin/../lib/gcc/arm-none-eabi/9.3.1/../../../../arm-none-eabi/lib/thumb/v7-m/nofp\libnosys.a(_exit.o)
 .text          0x0000000000000000        0x0 c:/st/stm32cubeide_1.6.1/stm32cubeide/plugins/com.st.stm32cube.ide.mcu.externaltools.gnu-tools-for-stm32.9-2020-q2-update.win32_1.5.0.202011040924/tools/bin/../lib/gcc/arm-none-eabi/9.3.1/thumb/v7-m/nofp/crtend.o
 .data          0x0000000000000000        0x0 c:/st/stm32cubeide_1.6.1/stm32cubeide/plugins/com.st.stm32cube.ide.mcu.externaltools.gnu-tools-for-stm32.9-2020-q2-update.win32_1.5.0.202011040924/tools/bin/../lib/gcc/arm-none-eabi/9.3.1/thumb/v7-m/nofp/crtend.o
 .bss           0x0000000000000000        0x0 c:/st/stm32cubeide_1.6.1/stm32cubeide/plugins/com.st.stm32cube.ide.mcu.externaltools.gnu-tools-for-stm32.9-2020-q2-update.win32_1.5.0.202011040924/tools/bin/../lib/gcc/arm-none-eabi/9.3.1/thumb/v7-m/nofp/crtend.o
 .eh_frame      0x0000000000000000        0x4 c:/st/stm32cubeide_1.6.1/stm32cubeide/plugins/com.st.stm32cube.ide.mcu.externaltools.gnu-tools-for-stm32.9-2020-q2-update.win32_1.5.0.202011040924/tools/bin/../lib/gcc/arm-none-eabi/9.3.1/thumb/v7-m/nofp/crtend.o
 .ARM.attributes
                0x0000000000000000       0x2d c:/st/stm32cubeide_1.6.1/stm32cubeide/plugins/com.st.stm32cube.ide.mcu.externaltools.gnu-tools-for-stm32.9-2020-q2-update.win32_1.5.0.202011040924/tools/bin/../lib/gcc/arm-none-eabi/9.3.1/thumb/v7-m/nofp/crtend.o
 .text          0x0000000000000000        0x0 c:/st/stm32cubeide_1.6.1/stm32cubeide/plugins/com.st.stm32cube.ide.mcu.externaltools.gnu-tools-for-stm32.9-2020-q2-update.win32_1.5.0.202011040924/tools/bin/../lib/gcc/arm-none-eabi/9.3.1/thumb/v7-m/nofp/crtn.o
 .data          0x0000000000000000        0x0 c:/st/stm32cubeide_1.6.1/stm32cubeide/plugins/com.st.stm32cube.ide.mcu.externaltools.gnu-tools-for-stm32.9-2020-q2-update.win32_1.5.0.202011040924/tools/bin/../lib/gcc/arm-none-eabi/9.3.1/thumb/v7-m/nofp/crtn.o
 .bss           0x0000000000000000        0x0 c:/st/stm32cubeide_1.6.1/stm32cubeide/plugins/com.st.stm32cube.ide.mcu.externaltools.gnu-tools-for-stm32.9-2020-q2-update.win32_1.5.0.202011040924/tools/bin/../lib/gcc/arm-none-eabi/9.3.1/thumb/v7-m/nofp/crtn.o

Memory Configuration

Name             Origin             Length             Attributes
RAM              0x0000000020000000 0x0000000000005000 xrw
FLASH            0x0000000008000000 0x0000000000010000 xr
*default*        0x0000000000000000 0xffffffffffffffff

Linker script and memory map

LOAD c:/st/stm32cubeide_1.6.1/stm32cubeide/plugins/com.st.stm32cube.ide.mcu.externaltools.gnu-tools-for-stm32.9-2020-q2-update.win32_1.5.0.202011040924/tools/bin/../lib/gcc/arm-none-eabi/9.3.1/thumb/v7-m/nofp/crti.o
LOAD c:/st/stm32cubeide_1.6.1/stm32cubeide/plugins/com.st.stm32cube.ide.mcu.externaltools.gnu-tools-for-stm32.9-2020-q2-update.win32_1.5.0.202011040924/tools/bin/../lib/gcc/arm-none-eabi/9.3.1/thumb/v7-m/nofp/crtbegin.o
LOAD c:/st/stm32cubeide_1.6.1/stm32cubeide/plugins/com.st.stm32cube.ide.mcu.externaltools.gnu-tools-for-stm32.9-2020-q2-update.win32_1.5.0.202011040924/tools/bin/../lib/gcc/arm-none-eabi/9.3.1/../../../../arm-none-eabi/lib/thumb/v7-m/nofp/crt0.o
LOAD HAL/HLEDMRX/HLEDMRX_prog.o
LOAD MCAL/MGPIO/MGPIO_prog.o
LOAD MCAL/MRCC/MRCC_prog.o
LOAD MCAL/MSTICK/MSTICK_prog.o
LOAD Src/main.o
LOAD Startup/startup_stm32f103c8tx.o
START GROUP
LOAD c:/st/stm32cubeide_1.6.1/stm32cubeide/plugins/com.st.stm32cube.ide.mcu.externaltools.gnu-tools-for-stm32.9-2020-q2-update.win32_1.5.0.202011040924/tools/bin/../lib/gcc/arm-none-eabi/9.3.1/../../../../arm-none-eabi/lib/thumb/v7-m/nofp\libc_nano.a
LOAD c:/st/stm32cubeide_1.6.1/stm32cubeide/plugins/com.st.stm32cube.ide.mcu.externaltools.gnu-tools-for-stm32.9-2020-q2-update.win32_1.5.0.202011040924/tools/bin/../lib/gcc/arm-none-eabi/9.3.1/../../../../arm-none-eabi/lib/thumb/v7-m/nofp\libm.a
END GROUP
START GROUP
LOAD c:/st/stm32cubeide_1.6.1/stm32cubeide/plugins/com.st.stm32cube.ide.mcu.externaltools.gnu-tools-for-stm32.9-2020-q2-update.win32_1.5.0.202011040924/tools/bin/../lib/gcc/arm-none-eabi/9.3.1/thumb/v7-m/nofp\libgcc.a
LOAD c:/st/stm32cubeide_1.6.1/stm32cubeide/plugins/com.st.stm32cube.ide.mcu.externaltools.gnu-tools-for-stm32.9-2020-q2-update.win32_1.5.0.202011040924/tools/bin/../lib/gcc/arm-none-eabi/9.3.1/../../../../arm-none-eabi/lib/thumb/v7-m/nofp\libc_nano.a
END GROUP
START GROUP
LOAD c:/st/stm32cubeide_1.6.1/stm32cubeide/plugins/com.st.stm32cube.ide.mcu.externaltools.gnu-tools-for-stm32.9-2020-q2-update.win32_1.5.0.202011040924/tools/bin/../lib/gcc/arm-none-eabi/9.3.1/thumb/v7-m/nofp\libgcc.a
LOAD c:/st/stm32cubeide_1.6.1/stm32cubeide/plugins/com.st.stm32cube.ide.mcu.externaltools.gnu-tools-for-stm32.9-2020-q2-update.win32_1.5.0.202011040924/tools/bin/../lib/gcc/arm-none-eabi/9.3.1/../../../../arm-none-eabi/lib/thumb/v7-m/nofp\libc_nano.a
LOAD c:/st/stm32cubeide_1.6.1/stm32cubeide/plugins/com.st.stm32cube.ide.mcu.externaltools.gnu-tools-for-stm32.9-2020-q2-update.win32_1.5.0.202011040924/tools/bin/../lib/gcc/arm-none-eabi/9.3.1/../../../../arm-none-eabi/lib/thumb/v7-m/nofp\libnosys.a
END GROUP
START GROUP
LOAD c:/st/stm32cubeide_1.6.1/stm32cubeide/plugins/com.st.stm32cube.ide.mcu.externaltools.gnu-tools-for-stm32.9-2020-q2-update.win32_1.5.0.202011040924/tools/bin/../lib/gcc/arm-none-eabi/9.3.1/thumb/v7-m/nofp\libgcc.a
LOAD c:/st/stm32cubeide_1.6.1/stm32cubeide/plugins/com.st.stm32cube.ide.mcu.externaltools.gnu-tools-for-stm32.9-2020-q2-update.win32_1.5.0.202011040924/tools/bin/../lib/gcc/arm-none-eabi/9.3.1/../../../../arm-none-eabi/lib/thumb/v7-m/nofp\libc_nano.a
LOAD c:/st/stm32cubeide_1.6.1/stm32cubeide/plugins/com.st.stm32cube.ide.mcu.externaltools.gnu-tools-for-stm32.9-2020-q2-update.win32_1.5.0.202011040924/tools/bin/../lib/gcc/arm-none-eabi/9.3.1/../../../../arm-none-eabi/lib/thumb/v7-m/nofp\libnosys.a
END GROUP
LOAD c:/st/stm32cubeide_1.6.1/stm32cubeide/plugins/com.st.stm32cube.ide.mcu.externaltools.gnu-tools-for-stm32.9-2020-q2-update.win32_1.5.0.202011040924/tools/bin/../lib/gcc/arm-none-eabi/9.3.1/thumb/v7-m/nofp/crtend.o
LOAD c:/st/stm32cubeide_1.6.1/stm32cubeide/plugins/com.st.stm32cube.ide.mcu.externaltools.gnu-tools-for-stm32.9-2020-q2-update.win32_1.5.0.202011040924/tools/bin/../lib/gcc/arm-none-eabi/9.3.1/thumb/v7-m/nofp/crtn.o
                0x0000000020005000                _estack = (ORIGIN (RAM) + LENGTH (RAM))
                0x0000000000000200                _Min_Heap_Size = 0x200
                0x0000000000000400                _Min_Stack_Size = 0x400

.isr_vector     0x0000000008000000      0x130
                0x0000000008000000                . = ALIGN (0x4)
 *(.isr_vector)
 .isr_vector    0x0000000008000000      0x130 Startup/startup_stm32f103c8tx.o
                0x0000000008000000                g_pfnVectors
                0x0000000008000130                . = ALIGN (0x4)

.text           0x0000000008000130      0x78c
                0x0000000008000130                . = ALIGN (0x4)
 *(.text)
 .text          0x0000000008000130       0x40 c:/st/stm32cubeide_1.6.1/stm32cubeide/plugins/com.st.stm32cube.ide.mcu.externaltools.gnu-tools-for-stm32.9-2020-q2-update.win32_1.5.0.202011040924/tools/bin/../lib/gcc/arm-none-eabi/9.3.1/thumb/v7-m/nofp/crtbegin.o
 *(.text*)
 .text.HLEDMRX_enInit
                0x0000000008000170       0x1e HAL/HLEDMRX/HLEDMRX_prog.o
                0x0000000008000170                HLEDMRX_enInit
 .text.HLEDMRX_voidSetRowValue
                0x000000000800018e       0x56 HAL/HLEDMRX/HLEDMRX_prog.o
 .text.HLEDMRX_enDisplayMotion
                0x00000000080001e4       0x72 HAL/HLEDMRX/HLEDMRX_prog.o
                0x00000000080001e4                HLEDMRX_enDisplayMotion
 *fill*         0x0000000008000256        0x2 
 .text.MGPIO_enSetPinValue
                0x0000000008000258      0x108 MCAL/MGPIO/MGPIO_prog.o
                0x0000000008000258                MGPIO_enSetPinValue
 .text.MGPIO_enSetPortDirection
                0x0000000008000360       0xdc MCAL/MGPIO/MGPIO_prog.o
                0x0000000008000360                MGPIO_enSetPortDirection
 .text.MGPIO_enSetPortValue
                0x000000000800043c      0x1cc MCAL/MGPIO/MGPIO_prog.o
                0x000000000800043c                MGPIO_enSetPortValue
 .text.MRCC_enSysClkINIT
                0x0000000008000608       0x78 MCAL/MRCC/MRCC_prog.o
                0x0000000008000608                MRCC_enSysClkINIT
 .text.MRCC_enEnablePeripheralCLK
                0x0000000008000680       0x84 MCAL/MRCC/MRCC_prog.o
                0x0000000008000680                MRCC_enEnablePeripheralCLK
 .text.MSTK_enDelayMS
                0x0000000008000704       0x5c MCAL/MSTICK/MSTICK_prog.o
                0x0000000008000704                MSTK_enDelayMS
 .text.SysTick_Handler
                0x0000000008000760       0x64 MCAL/MSTICK/MSTICK_prog.o
                0x0000000008000760                SysTick_Handler
 .text.main     0x00000000080007c4       0x44 Src/main.o
                0x00000000080007c4                main
 .text.Reset_Handler
                0x0000000008000808       0x50 Startup/startup_stm32f103c8tx.o
                0x0000000008000808                Reset_Handler
 .text.Default_Handler
                0x0000000008000858        0x2 Startup/startup_stm32f103c8tx.o
                0x0000000008000858                EXTI2_IRQHandler
                0x0000000008000858                TIM8_TRG_COM_IRQHandler
                0x0000000008000858                TIM8_CC_IRQHandler
                0x0000000008000858                DebugMon_Handler
                0x0000000008000858                TIM1_CC_IRQHandler
                0x0000000008000858                HardFault_Handler
                0x0000000008000858                TIM6_IRQHandler
                0x0000000008000858                PVD_IRQHandler
                0x0000000008000858                SDIO_IRQHandler
                0x0000000008000858                PendSV_Handler
                0x0000000008000858                NMI_Handler
                0x0000000008000858                EXTI3_IRQHandler
                0x0000000008000858                USB_HP_CAN_TX_IRQHandler
                0x0000000008000858                EXTI0_IRQHandler
                0x0000000008000858                I2C2_EV_IRQHandler
                0x0000000008000858                UsageFault_Handler
                0x0000000008000858                ADC1_2_IRQHandler
                0x0000000008000858                SPI1_IRQHandler
                0x0000000008000858                CAN_SCE_IRQHandler
                0x0000000008000858                TAMPER_IRQHandler
                0x0000000008000858                TIM8_UP_IRQHandler
                0x0000000008000858                DMA2_Channel2_IRQHandler
                0x0000000008000858                DMA1_Channel4_IRQHandler
                0x0000000008000858                USART3_IRQHandler
                0x0000000008000858                RTC_IRQHandler
                0x0000000008000858                DMA1_Channel7_IRQHandler
                0x0000000008000858                UART5_IRQHandler
                0x0000000008000858                ADC3_IRQHandler
                0x0000000008000858                TIM4_IRQHandler
                0x0000000008000858                CAN_RX1_IRQHandler
                0x0000000008000858                DMA2_Channel1_IRQHandler
                0x0000000008000858                I2C1_EV_IRQHandler
                0x0000000008000858                DMA1_Channel6_IRQHandler
                0x0000000008000858                UART4_IRQHandler
                0x0000000008000858                TIM3_IRQHandler
                0x0000000008000858                RCC_IRQHandler
                0x0000000008000858                TIM1_TRG_COM_IRQHandler
                0x0000000008000858                DMA1_Channel1_IRQHandler
                0x0000000008000858                Default_Handler
                0x0000000008000858                EXTI15_10_IRQHandler
                0x0000000008000858                TIM7_IRQHandler
                0x0000000008000858                TIM5_IRQHandler
                0x0000000008000858                EXTI9_5_IRQHandler
                0x0000000008000858                SPI2_IRQHandler
                0x0000000008000858                USB_LP_CAN_RX0_IRQHandler
                0x0000000008000858                MemManage_Handler
                0x0000000008000858                SVC_Handler
                0x0000000008000858                DMA1_Channel5_IRQHandler
                0x0000000008000858                EXTI4_IRQHandler
                0x0000000008000858                DMA1_Channel3_IRQHandler
                0x0000000008000858                FSMC_IRQHandler
                0x0000000008000858                TIM1_UP_IRQHandler
                0x0000000008000858                WWDG_IRQHandler
                0x0000000008000858                TIM2_IRQHandler
                0x0000000008000858                TIM1_BRK_IRQHandler
                0x0000000008000858                EXTI1_IRQHandler
                0x0000000008000858                RTCAlarm_IRQHandler
                0x0000000008000858                DMA2_Channel4_5_IRQHandler
                0x0000000008000858                USART2_IRQHandler
                0x0000000008000858                I2C2_ER_IRQHandler
                0x0000000008000858                DMA1_Channel2_IRQHandler
                0x0000000008000858                TIM8_BRK_IRQHandler
                0x0000000008000858                FLASH_IRQHandler
                0x0000000008000858                BusFault_Handler
                0x0000000008000858                USART1_IRQHandler
                0x0000000008000858                SPI3_IRQHandler
                0x0000000008000858                I2C1_ER_IRQHandler
                0x0000000008000858                DMA2_Channel3_IRQHandler
 *fill*         0x000000000800085a        0x2 
 .text.__libc_init_array
                0x000000000800085c       0x48 c:/st/stm32cubeide_1.6.1/stm32cubeide/plugins/com.st.stm32cube.ide.mcu.externaltools.gnu-tools-for-stm32.9-2020-q2-update.win32_1.5.0.202011040924/tools/bin/../lib/gcc/arm-none-eabi/9.3.1/../../../../arm-none-eabi/lib/thumb/v7-m/nofp\libc_nano.a(lib_a-init.o)
                0x000000000800085c                __libc_init_array
 *(.glue_7)
 .glue_7        0x00000000080008a4        0x0 linker stubs
 *(.glue_7t)
 .glue_7t       0x00000000080008a4        0x0 linker stubs
 *(.eh_frame)
 .eh_frame      0x00000000080008a4        0x0 c:/st/stm32cubeide_1.6.1/stm32cubeide/plugins/com.st.stm32cube.ide.mcu.externaltools.gnu-tools-for-stm32.9-2020-q2-update.win32_1.5.0.202011040924/tools/bin/../lib/gcc/arm-none-eabi/9.3.1/thumb/v7-m/nofp/crtbegin.o
 *(.init)
 .init          0x00000000080008a4        0x4 c:/st/stm32cubeide_1.6.1/stm32cubeide/plugins/com.st.stm32cube.ide.mcu.externaltools.gnu-tools-for-stm32.9-2020-q2-update.win32_1.5.0.202011040924/tools/bin/../lib/gcc/arm-none-eabi/9.3.1/thumb/v7-m/nofp/crti.o
                0x00000000080008a4                _init
 .init          0x00000000080008a8        0x8 c:/st/stm32cubeide_1.6.1/stm32cubeide/plugins/com.st.stm32cube.ide.mcu.externaltools.gnu-tools-for-stm32.9-2020-q2-update.win32_1.5.0.202011040924/tools/bin/../lib/gcc/arm-none-eabi/9.3.1/thumb/v7-m/nofp/crtn.o
 *(.fini)
 .fini          0x00000000080008b0        0x4 c:/st/stm32cubeide_1.6.1/stm32cubeide/plugins/com.st.stm32cube.ide.mcu.externaltools.gnu-tools-for-stm32.9-2020-q2-update.win32_1.5.0.202011040924/tools/bin/../lib/gcc/arm-none-eabi/9.3.1/thumb/v7-m/nofp/crti.o
                0x00000000080008b0                _fini
 .fini          0x00000000080008b4        0x8 c:/st/stm32cubeide_1.6.1/stm32cubeide/plugins/com.st.stm32cube.ide.mcu.externaltools.gnu-tools-for-stm32.9-2020-q2-update.win32_1.5.0.202011040924/tools/bin/../lib/gcc/arm-none-eabi/9.3.1/thumb/v7-m/nofp/crtn.o
                0x00000000080008bc                . = ALIGN (0x4)
                0x00000000080008bc                _etext = .

.vfp11_veneer   0x00000000080008bc        0x0
 .vfp11_veneer  0x00000000080008bc        0x0 linker stubs

.v4_bx          0x00000000080008bc        0x0
 .v4_bx         0x00000000080008bc        0x0 linker stubs

.iplt           0x00000000080008bc        0x0
 .iplt          0x00000000080008bc        0x0 c:/st/stm32cubeide_1.6.1/stm32cubeide/plugins/com.st.stm32cube.ide.mcu.externaltools.gnu-tools-for-stm32.9-2020-q2-update.win32_1.5.0.202011040924/tools/bin/../lib/gcc/arm-none-eabi/9.3.1/thumb/v7-m/nofp/crtbegin.o

.rel.dyn        0x00000000080008bc        0x0
 .rel.iplt      0x00000000080008bc        0x0 c:/st/stm32cubeide_1.6.1/stm32cubeide/plugins/com.st.stm32cube.ide.mcu.externaltools.gnu-tools-for-stm32.9-2020-q2-update.win32_1.5.0.202011040924/tools/bin/../lib/gcc/arm-none-eabi/9.3.1/thumb/v7-m/nofp/crtbegin.o

.rodata         0x00000000080008bc        0x0
                0x00000000080008bc                . = ALIGN (0x4)
 *(.rodata)
 *(.rodata*)
                0x00000000080008bc                . = ALIGN (0x4)

.ARM.extab      0x00000000080008bc        0x0
                0x00000000080008bc                . = ALIGN (0x4)
 *(.ARM.extab* .gnu.linkonce.armextab.*)
                0x00000000080008bc                . = ALIGN (0x4)

.ARM            0x00000000080008bc        0x0
                0x00000000080008bc                . = ALIGN (0x4)
                0x00000000080008bc                __exidx_start = .
 *(.ARM.exidx*)
                0x00000000080008bc                __exidx_end = .
                0x00000000080008bc                . = ALIGN (0x4)

.preinit_array  0x00000000080008bc        0x0
                0x00000000080008bc                . = ALIGN (0x4)
                0x00000000080008bc                PROVIDE (__preinit_array_start = .)
 *(.preinit_array*)
                0x00000000080008bc                PROVIDE (__preinit_array_end = .)
                0x00000000080008bc                . = ALIGN (0x4)

.init_array     0x00000000080008bc        0x4
                0x00000000080008bc                . = ALIGN (0x4)
                0x00000000080008bc                PROVIDE (__init_array_start = .)
 *(SORT_BY_NAME(.init_array.*))
 *(.init_array*)
 .init_array    0x00000000080008bc        0x4 c:/st/stm32cubeide_1.6.1/stm32cubeide/plugins/com.st.stm32cube.ide.mcu.externaltools.gnu-tools-for-stm32.9-2020-q2-update.win32_1.5.0.202011040924/tools/bin/../lib/gcc/arm-none-eabi/9.3.1/thumb/v7-m/nofp/crtbegin.o
                0x00000000080008c0                PROVIDE (__init_array_end = .)
                0x00000000080008c0                . = ALIGN (0x4)

.fini_array     0x00000000080008c0        0x4
                0x00000000080008c0                . = ALIGN (0x4)
                [!provide]                        PROVIDE (__fini_array_start = .)
 *(SORT_BY_NAME(.fini_array.*))
 *(.fini_array*)
 .fini_array    0x00000000080008c0        0x4 c:/st/stm32cubeide_1.6.1/stm32cubeide/plugins/com.st.stm32cube.ide.mcu.externaltools.gnu-tools-for-stm32.9-2020-q2-update.win32_1.5.0.202011040924/tools/bin/../lib/gcc/arm-none-eabi/9.3.1/thumb/v7-m/nofp/crtbegin.o
                [!provide]                        PROVIDE (__fini_array_end = .)
                0x00000000080008c4                . = ALIGN (0x4)
                0x00000000080008c4                _sidata = LOADADDR (.data)

.data           0x0000000020000000       0x30 load address 0x00000000080008c4
                0x0000000020000000                . = ALIGN (0x4)
                0x0000000020000000                _sdata = .
 *(.data)
 *(.data*)
 .data.name     0x0000000020000000       0x30 Src/main.o
                0x0000000020000000                name
 *(.RamFunc)
 *(.RamFunc*)
                0x0000000020000030                . = ALIGN (0x4)
                0x0000000020000030                _edata = .

.igot.plt       0x0000000020000030        0x0 load address 0x00000000080008f4
 .igot.plt      0x0000000020000030        0x0 c:/st/stm32cubeide_1.6.1/stm32cubeide/plugins/com.st.stm32cube.ide.mcu.externaltools.gnu-tools-for-stm32.9-2020-q2-update.win32_1.5.0.202011040924/tools/bin/../lib/gcc/arm-none-eabi/9.3.1/thumb/v7-m/nofp/crtbegin.o
                0x0000000020000030                . = ALIGN (0x4)

.bss            0x0000000020000030       0x24 load address 0x00000000080008f4
                0x0000000020000030                _sbss = .
                0x0000000020000030                __bss_start__ = _sbss
 *(.bss)
 .bss           0x0000000020000030       0x1c c:/st/stm32cubeide_1.6.1/stm32cubeide/plugins/com.st.stm32cube.ide.mcu.externaltools.gnu-tools-for-stm32.9-2020-q2-update.win32_1.5.0.202011040924/tools/bin/../lib/gcc/arm-none-eabi/9.3.1/thumb/v7-m/nofp/crtbegin.o
 *(.bss*)
 .bss.STK_Callback
                0x000000002000004c        0x4 MCAL/MSTICK/MSTICK_prog.o
                0x000000002000004c                STK_Callback
 .bss.flag      0x0000000020000050        0x1 MCAL/MSTICK/MSTICK_prog.o
 *(COMMON)
                0x0000000020000054                . = ALIGN (0x4)
 *fill*         0x0000000020000051        0x3 
                0x0000000020000054                _ebss = .
                0x0000000020000054                __bss_end__ = _ebss

._user_heap_stack
                0x0000000020000054      0x604 load address 0x00000000080008f4
                0x0000000020000058                . = ALIGN (0x8)
 *fill*         0x0000000020000054        0x4 
                [!provide]                        PROVIDE (end = .)
                [!provide]                        PROVIDE (_end = .)
                0x0000000020000258                . = (. + _Min_Heap_Size)
 *fill*         0x0000000020000058      0x200 
                0x0000000020000658                . = (. + _Min_Stack_Size)
 *fill*         0x0000000020000258      0x400 
                0x0000000020000658                . = ALIGN (0x8)

/DISCARD/
 libc.a(*)
 libm.a(*)
 libgcc.a(*)

.ARM.attributes
                0x0000000000000000       0x29
 *(.ARM.attributes)
 .ARM.attributes
                0x0000000000000000       0x1d c:/st/stm32cubeide_1.6.1/stm32cubeide/plugins/com.st.stm32cube.ide.mcu.externaltools.gnu-tools-for-stm32.9-2020-q2-update.win32_1.5.0.202011040924/tools/bin/../lib/gcc/arm-none-eabi/9.3.1/thumb/v7-m/nofp/crti.o
 .ARM.attributes
                0x000000000000001d       0x2d c:/st/stm32cubeide_1.6.1/stm32cubeide/plugins/com.st.stm32cube.ide.mcu.externaltools.gnu-tools-for-stm32.9-2020-q2-update.win32_1.5.0.202011040924/tools/bin/../lib/gcc/arm-none-eabi/9.3.1/thumb/v7-m/nofp/crtbegin.o
 .ARM.attributes
                0x000000000000004a       0x2d HAL/HLEDMRX/HLEDMRX_prog.o
 .ARM.attributes
                0x0000000000000077       0x2d MCAL/MGPIO/MGPIO_prog.o
 .ARM.attributes
                0x00000000000000a4       0x2d MCAL/MRCC/MRCC_prog.o
 .ARM.attributes
                0x00000000000000d1       0x2d MCAL/MSTICK/MSTICK_prog.o
 .ARM.attributes
                0x00000000000000fe       0x2d Src/main.o
 .ARM.attributes
                0x000000000000012b       0x21 Startup/startup_stm32f103c8tx.o
 .ARM.attributes
                0x000000000000014c       0x2d c:/st/stm32cubeide_1.6.1/stm32cubeide/plugins/com.st.stm32cube.ide.mcu.externaltools.gnu-tools-for-stm32.9-2020-q2-update.win32_1.5.0.202011040924/tools/bin/../lib/gcc/arm-none-eabi/9.3.1/../../../../arm-none-eabi/lib/thumb/v7-m/nofp\libc_nano.a(lib_a-init.o)
 .ARM.attributes
                0x0000000000000179       0x1d c:/st/stm32cubeide_1.6.1/stm32cubeide/plugins/com.st.stm32cube.ide.mcu.externaltools.gnu-tools-for-stm32.9-2020-q2-update.win32_1.5.0.202011040924/tools/bin/../lib/gcc/arm-none-eabi/9.3.1/thumb/v7-m/nofp/crtn.o
OUTPUT(MATRIX-LAB.elf elf32-littlearm)
LOAD linker stubs
LOAD c:/st/stm32cubeide_1.6.1/stm32cubeide/plugins/com.st.stm32cube.ide.mcu.externaltools.gnu-tools-for-stm32.9-2020-q2-update.win32_1.5.0.202011040924/tools/bin/../lib/gcc/arm-none-eabi/9.3.1/../../../../arm-none-eabi/lib/thumb/v7-m/nofp\libc.a
LOAD c:/st/stm32cubeide_1.6.1/stm32cubeide/plugins/com.st.stm32cube.ide.mcu.externaltools.gnu-tools-for-stm32.9-2020-q2-update.win32_1.5.0.202011040924/tools/bin/../lib/gcc/arm-none-eabi/9.3.1/../../../../arm-none-eabi/lib/thumb/v7-m/nofp\libm.a
LOAD c:/st/stm32cubeide_1.6.1/stm32cubeide/plugins/com.st.stm32cube.ide.mcu.externaltools.gnu-tools-for-stm32.9-2020-q2-update.win32_1.5.0.202011040924/tools/bin/../lib/gcc/arm-none-eabi/9.3.1/thumb/v7-m/nofp\libgcc.a

.debug_info     0x0000000000000000     0x112e
 .debug_info    0x0000000000000000      0x30d HAL/HLEDMRX/HLEDMRX_prog.o
 .debug_info    0x000000000000030d      0x580 MCAL/MGPIO/MGPIO_prog.o
 .debug_info    0x000000000000088d      0x28e MCAL/MRCC/MRCC_prog.o
 .debug_info    0x0000000000000b1b      0x2d5 MCAL/MSTICK/MSTICK_prog.o
 .debug_info    0x0000000000000df0      0x31c Src/main.o
 .debug_info    0x000000000000110c       0x22 Startup/startup_stm32f103c8tx.o

.debug_abbrev   0x0000000000000000      0x582
 .debug_abbrev  0x0000000000000000       0xfe HAL/HLEDMRX/HLEDMRX_prog.o
 .debug_abbrev  0x00000000000000fe      0x12a MCAL/MGPIO/MGPIO_prog.o
 .debug_abbrev  0x0000000000000228       0xe1 MCAL/MRCC/MRCC_prog.o
 .debug_abbrev  0x0000000000000309      0x11e MCAL/MSTICK/MSTICK_prog.o
 .debug_abbrev  0x0000000000000427      0x149 Src/main.o
 .debug_abbrev  0x0000000000000570       0x12 Startup/startup_stm32f103c8tx.o

.debug_aranges  0x0000000000000000      0x178
 .debug_aranges
                0x0000000000000000       0x38 HAL/HLEDMRX/HLEDMRX_prog.o
 .debug_aranges
                0x0000000000000038       0x58 MCAL/MGPIO/MGPIO_prog.o
 .debug_aranges
                0x0000000000000090       0x30 MCAL/MRCC/MRCC_prog.o
 .debug_aranges
                0x00000000000000c0       0x58 MCAL/MSTICK/MSTICK_prog.o
 .debug_aranges
                0x0000000000000118       0x38 Src/main.o
 .debug_aranges
                0x0000000000000150       0x28 Startup/startup_stm32f103c8tx.o

.debug_ranges   0x0000000000000000      0x120
 .debug_ranges  0x0000000000000000       0x28 HAL/HLEDMRX/HLEDMRX_prog.o
 .debug_ranges  0x0000000000000028       0x48 MCAL/MGPIO/MGPIO_prog.o
 .debug_ranges  0x0000000000000070       0x20 MCAL/MRCC/MRCC_prog.o
 .debug_ranges  0x0000000000000090       0x48 MCAL/MSTICK/MSTICK_prog.o
 .debug_ranges  0x00000000000000d8       0x28 Src/main.o
 .debug_ranges  0x0000000000000100       0x20 Startup/startup_stm32f103c8tx.o

.debug_macro    0x0000000000000000      0xf80
 .debug_macro   0x0000000000000000       0x72 HAL/HLEDMRX/HLEDMRX_prog.o
 .debug_macro   0x0000000000000072      0xaa2 HAL/HLEDMRX/HLEDMRX_prog.o
 .debug_macro   0x0000000000000b14       0x10 HAL/HLEDMRX/HLEDMRX_prog.o
 .debug_macro   0x0000000000000b24       0x22 HAL/HLEDMRX/HLEDMRX_prog.o
 .debug_macro   0x0000000000000b46       0x7f HAL/HLEDMRX/HLEDMRX_prog.o
 .debug_macro   0x0000000000000bc5       0x5d MCAL/MGPIO/MGPIO_prog.o
 .debug_macro   0x0000000000000c22       0x40 MCAL/MGPIO/MGPIO_prog.o
 .debug_macro   0x0000000000000c62       0x52 MCAL/MRCC/MRCC_prog.o
 .debug_macro   0x0000000000000cb4       0x40 MCAL/MRCC/MRCC_prog.o
 .debug_macro   0x0000000000000cf4      0x17e MCAL/MRCC/MRCC_prog.o
 .debug_macro   0x0000000000000e72       0x5c MCAL/MSTICK/MSTICK_prog.o
 .debug_macro   0x0000000000000ece       0x10 MCAL/MSTICK/MSTICK_prog.o
 .debug_macro   0x0000000000000ede       0x2e MCAL/MSTICK/MSTICK_prog.o
 .debug_macro   0x0000000000000f0c       0x74 Src/main.o

.debug_line     0x0000000000000000     0x1185
 .debug_line    0x0000000000000000      0x34a HAL/HLEDMRX/HLEDMRX_prog.o
 .debug_line    0x000000000000034a      0x600 MCAL/MGPIO/MGPIO_prog.o
 .debug_line    0x000000000000094a      0x19a MCAL/MRCC/MRCC_prog.o
 .debug_line    0x0000000000000ae4      0x2bd MCAL/MSTICK/MSTICK_prog.o
 .debug_line    0x0000000000000da1      0x360 Src/main.o
 .debug_line    0x0000000000001101       0x84 Startup/startup_stm32f103c8tx.o

.debug_str      0x0000000000000000     0x3fc3
 .debug_str     0x0000000000000000     0x33ee HAL/HLEDMRX/HLEDMRX_prog.o
                                       0x3479 (size before relaxing)
 .debug_str     0x00000000000033ee      0x270 MCAL/MGPIO/MGPIO_prog.o
                                       0x35cc (size before relaxing)
 .debug_str     0x000000000000365e      0x715 MCAL/MRCC/MRCC_prog.o
                                       0x391b (size before relaxing)
 .debug_str     0x0000000000003d73      0x202 MCAL/MSTICK/MSTICK_prog.o
                                       0x342b (size before relaxing)
 .debug_str     0x0000000000003f75       0x1d Src/main.o
                                       0x3963 (size before relaxing)
 .debug_str     0x0000000000003f92       0x31 Startup/startup_stm32f103c8tx.o
                                         0x81 (size before relaxing)

.comment        0x0000000000000000       0x53
 .comment       0x0000000000000000       0x53 HAL/HLEDMRX/HLEDMRX_prog.o
                                         0x54 (size before relaxing)
 .comment       0x0000000000000053       0x54 MCAL/MGPIO/MGPIO_prog.o
 .comment       0x0000000000000053       0x54 MCAL/MRCC/MRCC_prog.o
 .comment       0x0000000000000053       0x54 MCAL/MSTICK/MSTICK_prog.o
 .comment       0x0000000000000053       0x54 Src/main.o

.debug_frame    0x0000000000000000      0x470
 .debug_frame   0x0000000000000000       0x98 HAL/HLEDMRX/HLEDMRX_prog.o
 .debug_frame   0x0000000000000098      0x150 MCAL/MGPIO/MGPIO_prog.o
 .debug_frame   0x00000000000001e8       0x80 MCAL/MRCC/MRCC_prog.o
 .debug_frame   0x0000000000000268      0x13c MCAL/MSTICK/MSTICK_prog.o
 .debug_frame   0x00000000000003a4       0xa0 Src/main.o
 .debug_frame   0x0000000000000444       0x2c c:/st/stm32cubeide_1.6.1/stm32cubeide/plugins/com.st.stm32cube.ide.mcu.externaltools.gnu-tools-for-stm32.9-2020-q2-update.win32_1.5.0.202011040924/tools/bin/../lib/gcc/arm-none-eabi/9.3.1/../../../../arm-none-eabi/lib/thumb/v7-m/nofp\libc_nano.a(lib_a-init.o)
