MDMA_prog.c:20:14:MDMA_enInit	24	static
MDMA_prog.c:173:14:MDMA_enEnableInt	24	static
MDMA_prog.c:189:14:MDMA_enDisableInt	24	static
MDMA_prog.c:205:14:MDMA_enReadIntState	24	static
MDMA_prog.c:226:14:MDMA_enIntCallBack	24	static
MDMA_prog.c:241:14:MDMA_enTranferInit	32	static
MDMA_prog.c:262:14:MDMA_enTranferBusyStart	24	static
MDMA_prog.c:280:6:DMA1_Channel1_IRQHandler	8	static
MDMA_prog.c:288:6:DMA1_Channel2_IRQHandler	8	static
MDMA_prog.c:296:6:DMA1_Channel3_IRQHandler	8	static
MDMA_prog.c:304:6:DMA1_Channel4_IRQHandler	8	static
MDMA_prog.c:312:6:DMA1_Channel5_IRQHandler	8	static
MDMA_prog.c:320:6:DMA1_Channel6_IRQHandler	8	static
MDMA_prog.c:328:6:DMA1_Channel7_IRQHandler	8	static
